NetworkProviders for:
  4: VpnNetworkProvider:0
  6: WifiNetworkFactory
  7: UntrustedWifiNetworkFactory
  3: L2capNetworkProvider
  1: ThreadNetworkProvider
  8: RestrictedWifiNetworkFactory
  10: MultiInternetWifiNetworkFactory
  5: TelephonyNetworkProvider
  2: VcnNetworkProvider
  9: OemPaidWifiNetworkFactory

Active default network: none

Current network preferences: 
  Default requests:

Current Networks:

Status for known UIDs:
  
Network Requests:
  uid/pid:1000/628 activeRequest: null callbackRequest: 1 [NetworkRequest [ REQUEST id=1, [ Capabilities: INTERNET&NOT_RESTRICTED&TRUSTED&NOT_VPN&NOT_VCN_MANAGED&NOT_BANDWIDTH_CONSTRAINED RequestorUid: 1000 RequestorPkg: android UnderlyingNetworks: Null] ]] callback flags: 1 order: 2147483647 isUidTracked: false declaredMethods: NONE
  uid/pid:1000/628 activeRequest: null callbackRequest: 2 [NetworkRequest [ BACKGROUND_REQUEST id=2, [ Transports: CELLULAR Capabilities: INTERNET&NOT_RESTRICTED&TRUSTED&NOT_VPN&NOT_VCN_MANAGED&NOT_BANDWIDTH_CONSTRAINED RequestorUid: 1000 RequestorPkg: android UnderlyingNetworks: Null] ]] callback flags: 1 order: 2147483647 isUidTracked: false declaredMethods: NONE
  uid/pid:1000/628 activeRequest: null callbackRequest: 5 [NetworkRequest [ LISTEN id=5, [ Capabilities: FOREGROUND RequestorUid: 1000 RequestorPkg: android MatchNonThreadLocalNetworks UnderlyingNetworks: Null] ]] callback flags: 0 order: 2147483647 isUidTracked: true declaredMethods: AVAIL|LOST|NC
  uid/pid:1000/628 activeRequest: null callbackRequest: 6 [NetworkRequest [ REQUEST id=7, [ Capabilities: INTERNET&NOT_RESTRICTED&TRUSTED&NOT_VCN_MANAGED&NOT_BANDWIDTH_CONSTRAINED Uid: 1000 RequestorUid: 1000 RequestorPkg: android UnderlyingNetworks: Null] ]] callback flags: 0 order: 2147483647 isUidTracked: true declaredMethods: AVAIL|LOST|NC
  uid/pid:1000/628 activeRequest: null callbackRequest: 8 [NetworkRequest [ LISTEN id=8, [ Capabilities: FOREGROUND RequestorUid: 1000 RequestorPkg: android MatchNonThreadLocalNetworks UnderlyingNetworks: Null] ]] callback flags: 0 order: 2147483647 isUidTracked: true declaredMethods: AVAIL|LOST|NC
  uid/pid:1000/628 activeRequest: null callbackRequest: 9 [NetworkRequest [ LISTEN id=9, [ Capabilities: NOT_RESTRICTED&TRUSTED&NOT_VPN&FOREGROUND&NOT_VCN_MANAGED&NOT_BANDWIDTH_CONSTRAINED Uid: 1000 RequestorUid: 1000 RequestorPkg: android MatchNonThreadLocalNetworks UnderlyingNetworks: Null] ]] callback flags: 0 order: 2147483647 isUidTracked: true declaredMethods: AVAIL|LOST
  uid/pid:1000/628 activeRequest: null callbackRequest: 10 [NetworkRequest [ LISTEN id=10, [ Capabilities: FOREGROUND RequestorUid: 1000 RequestorPkg: android MatchNonThreadLocalNetworks UnderlyingNetworks: Null] ]] callback flags: 0 order: 2147483647 isUidTracked: true declaredMethods: AVAIL|LOST|NC|LP
  uid/pid:1000/628 activeRequest: null callbackRequest: 11 [NetworkRequest [ LISTEN id=11, [ Capabilities: NOT_RESTRICTED&TRUSTED&NOT_VPN&NOT_VCN_MANAGED&NOT_BANDWIDTH_CONSTRAINED Uid: 1000 RequestorUid: 1000 RequestorPkg: android MatchNonThreadLocalNetworks UnderlyingNetworks: Null] ]] callback flags: 0 order: 2147483647 isUidTracked: true declaredMethods: AVAIL|LOST|NC|LP
  uid/pid:1000/628 activeRequest: null callbackRequest: 12 [NetworkRequest [ LISTEN id=12, [ Transports: CELLULAR Capabilities: INTERNET&NOT_RESTRICTED&TRUSTED&NOT_VPN&NOT_VCN_MANAGED&NOT_BANDWIDTH_CONSTRAINED Uid: 1000 RequestorUid: 1000 RequestorPkg: android MatchNonThreadLocalNetworks UnderlyingNetworks: Null] ]] callback flags: 0 order: 2147483647 isUidTracked: true declaredMethods: AVAIL|LOST|NC
  uid/pid:1000/628 activeRequest: null callbackRequest: 13 [NetworkRequest [ LISTEN id=13, [ Capabilities: INTERNET&NOT_RESTRICTED&TRUSTED&VALIDATED&NOT_VCN_MANAGED&NOT_BANDWIDTH_CONSTRAINED Uid: 1000 RequestorUid: 1000 RequestorPkg: android MatchNonThreadLocalNetworks UnderlyingNetworks: Null] ]] callback flags: 0 order: 2147483647 isUidTracked: true declaredMethods: AVAIL|LOST|NC
  uid/pid:1000/628 asUid: 10128 activeRequest: null callbackRequest: 14 [NetworkRequest [ REQUEST id=15, [ Capabilities: INTERNET&NOT_RESTRICTED&TRUSTED&NOT_VCN_MANAGED&NOT_BANDWIDTH_CONSTRAINED Uid: 10128 RequestorUid: 1000 RequestorPkg: android UnderlyingNetworks: Null] ]] callback flags: 0 order: 2147483647 isUidTracked: true declaredMethods: AVAIL|LOST|BLK
  uid/pid:1000/628 activeRequest: null callbackRequest: 16 [NetworkRequest [ REQUEST id=17, [ Capabilities: INTERNET&NOT_RESTRICTED&TRUSTED&NOT_VCN_MANAGED&NOT_BANDWIDTH_CONSTRAINED Uid: 1000 RequestorUid: 1000 RequestorPkg: android UnderlyingNetworks: Null] ]] callback flags: 0 order: 2147483647 isUidTracked: true declaredMethods: AVAIL|LOST
  uid/pid:1073/946 activeRequest: null callbackRequest: 18 [NetworkRequest [ REQUEST id=19, [ Capabilities: INTERNET&NOT_RESTRICTED&TRUSTED&NOT_VCN_MANAGED&NOT_BANDWIDTH_CONSTRAINED Uid: 1073 RequestorUid: 1073 RequestorPkg: com.android.networkstack UnderlyingNetworks: Null] ]] callback flags: 0 order: 2147483647 isUidTracked: true declaredMethods: AVAIL|LOST
  uid/pid:1073/946 activeRequest: null callbackRequest: 20 [NetworkRequest [ LISTEN id=20, [ Transports: WIFI Capabilities: NOT_RESTRICTED&TRUSTED&NOT_VPN&NOT_VCN_MANAGED&NOT_BANDWIDTH_CONSTRAINED Uid: 1073 RequestorUid: 1073 RequestorPkg: com.android.networkstack MatchNonThreadLocalNetworks UnderlyingNetworks: Null] ]] callback flags: 0 order: 2147483647 isUidTracked: true declaredMethods: AVAIL|LOST|NC|LP
  uid/pid:1001/982 activeRequest: null callbackRequest: 21 [NetworkRequest [ TRACK_SYSTEM_DEFAULT id=21, [ Capabilities: INTERNET&NOT_RESTRICTED&TRUSTED&NOT_VPN&NOT_VCN_MANAGED&NOT_BANDWIDTH_CONSTRAINED RequestorUid: 1001 RequestorPkg: com.android.phone UnderlyingNetworks: Null] ]] callback flags: 0 order: 2147483647 isUidTracked: true declaredMethods: AVAIL|LOST|NC
  uid/pid:1001/982 activeRequest: null callbackRequest: 22 [NetworkRequest [ TRACK_SYSTEM_DEFAULT id=22, [ Capabilities: INTERNET&NOT_RESTRICTED&TRUSTED&NOT_VPN&NOT_VCN_MANAGED&NOT_BANDWIDTH_CONSTRAINED RequestorUid: 1001 RequestorPkg: com.android.phone UnderlyingNetworks: Null] ]] callback flags: 0 order: 2147483647 isUidTracked: true declaredMethods: AVAIL|LOST|NC
  uid/pid:1073/946 activeRequest: null callbackRequest: 23 [NetworkRequest [ TRACK_SYSTEM_DEFAULT id=23, [ Capabilities: INTERNET&NOT_RESTRICTED&TRUSTED&NOT_VPN&NOT_VCN_MANAGED&NOT_BANDWIDTH_CONSTRAINED RequestorUid: 1073 RequestorPkg: com.android.networkstack.tethering UnderlyingNetworks: Null] ]] callback flags: 0 order: 2147483647 isUidTracked: true declaredMethods: AVAIL|LOST|NC|LP
  uid/pid:1001/982 activeRequest: null callbackRequest: 24 [NetworkRequest [ LISTEN id=24, [ Transports: WIFI Capabilities: INTERNET&TRUSTED&NOT_VPN&NOT_VCN_MANAGED&NOT_BANDWIDTH_CONSTRAINED Uid: 1001 RequestorUid: 1001 RequestorPkg: com.android.phone MatchNonThreadLocalNetworks UnderlyingNetworks: Null] ]] callback flags: 0 order: 2147483647 isUidTracked: true declaredMethods: AVAIL|LOST
  uid/pid:1001/982 activeRequest: null callbackRequest: 25 [NetworkRequest [ LISTEN_FOR_BEST id=25, [ Capabilities: INTERNET&NOT_RESTRICTED&TRUSTED&NOT_VPN&NOT_VCN_MANAGED Uid: 1001 RequestorUid: 1001 RequestorPkg: com.android.phone MatchNonThreadLocalNetworks UnderlyingNetworks: Null] ]] callback flags: 0 order: 2147483647 isUidTracked: true declaredMethods: AVAIL|LOST|NC
  uid/pid:10124/869 activeRequest: null callbackRequest: 27 [NetworkRequest [ REQUEST id=28, [ Capabilities: INTERNET&NOT_RESTRICTED&TRUSTED&NOT_VCN_MANAGED&NOT_BANDWIDTH_CONSTRAINED Uid: 10124 RequestorUid: 10124 RequestorPkg: com.android.systemui UnderlyingNetworks: Null] ]] callback flags: 1 order: 2147483647 isUidTracked: true declaredMethods: AVAIL|LOST|NC
  uid/pid:1001/982 activeRequest: null callbackRequest: 29 [NetworkRequest [ REQUEST id=30, [ Capabilities: INTERNET&NOT_RESTRICTED&TRUSTED&NOT_VCN_MANAGED&NOT_BANDWIDTH_CONSTRAINED Uid: 1001 RequestorUid: 1001 RequestorPkg: com.android.phone UnderlyingNetworks: Null] ]] callback flags: 0 order: 2147483647 isUidTracked: true declaredMethods: AVAIL|LOST|NC
  uid/pid:1001/982 activeRequest: null callbackRequest: 31 [NetworkRequest [ REQUEST id=32, [ Capabilities: INTERNET&NOT_RESTRICTED&TRUSTED&NOT_VCN_MANAGED&NOT_BANDWIDTH_CONSTRAINED Uid: 1001 RequestorUid: 1001 RequestorPkg: com.android.phone UnderlyingNetworks: Null] ]] callback flags: 0 order: 2147483647 isUidTracked: true declaredMethods: AVAIL|LOST|NC
  uid/pid:1001/982 activeRequest: null callbackRequest: 33 [NetworkRequest [ LISTEN id=33, [ Transports: WIFI Capabilities: INTERNET&NOT_RESTRICTED&TRUSTED&NOT_VPN&NOT_VCN_MANAGED&NOT_BANDWIDTH_CONSTRAINED Uid: 1001 RequestorUid: 1001 RequestorPkg: com.android.phone MatchNonThreadLocalNetworks UnderlyingNetworks: Null] ]] callback flags: 0 order: 2147483647 isUidTracked: true declaredMethods: AVAIL|LOST|NC
  uid/pid:1001/982 activeRequest: null callbackRequest: 34 [NetworkRequest [ LISTEN id=34, [ Capabilities: INTERNET&NOT_RESTRICTED&TRUSTED&NOT_VPN&NOT_VCN_MANAGED&NOT_BANDWIDTH_CONSTRAINED Uid: 1001 RequestorUid: 1001 RequestorPkg: com.android.phone MatchNonThreadLocalNetworks UnderlyingNetworks: Null] ]] callback flags: 0 order: 2147483647 isUidTracked: true declaredMethods: AVAIL
  uid/pid:10124/869 activeRequest: null callbackRequest: 35 [NetworkRequest [ LISTEN id=35, [ Transports: WIFI Capabilities: NOT_VPN RequestorUid: 10124 RequestorPkg: com.android.systemui MatchNonThreadLocalNetworks UnderlyingNetworks: Null] ]] callback flags: 1 order: 2147483647 isUidTracked: true declaredMethods: AVAIL|LOST|NC|LP
  uid/pid:10124/869 activeRequest: null callbackRequest: 36 [NetworkRequest [ REQUEST id=37, [ Capabilities: INTERNET&NOT_RESTRICTED&TRUSTED&NOT_VCN_MANAGED&NOT_BANDWIDTH_CONSTRAINED Uid: 10124 RequestorUid: 10124 RequestorPkg: com.android.systemui UnderlyingNetworks: Null] ]] callback flags: 1 order: 2147483647 isUidTracked: true declaredMethods: AVAIL|LOST|NC|LP
  uid/pid:10124/869 activeRequest: null callbackRequest: 39 [NetworkRequest [ LISTEN id=39, [ Transports: CELLULAR|WIFI Capabilities: NOT_VPN RequestorUid: 10124 RequestorPkg: com.android.systemui MatchNonThreadLocalNetworks UnderlyingNetworks: Null] ]] callback flags: 1 order: 2147483647 isUidTracked: true declaredMethods: AVAIL|LOST|NC
  uid/pid:10124/869 activeRequest: null callbackRequest: 40 [NetworkRequest [ REQUEST id=41, [ Capabilities: INTERNET&NOT_RESTRICTED&TRUSTED&NOT_VCN_MANAGED&NOT_BANDWIDTH_CONSTRAINED Uid: 10124 RequestorUid: 10124 RequestorPkg: com.android.systemui UnderlyingNetworks: Null] ]] callback flags: 1 order: 2147483647 isUidTracked: true declaredMethods: AVAIL|LOST|NC
  uid/pid:10124/869 activeRequest: null callbackRequest: 42 [NetworkRequest [ REQUEST id=43, [ Capabilities: INTERNET&NOT_RESTRICTED&TRUSTED&NOT_VCN_MANAGED&NOT_BANDWIDTH_CONSTRAINED Uid: 10124 RequestorUid: 10124 RequestorPkg: com.android.systemui UnderlyingNetworks: Null] ]] callback flags: 1 order: 2147483647 isUidTracked: true declaredMethods: AVAIL|LOST|NC
  uid/pid:10124/869 activeRequest: null callbackRequest: 44 [NetworkRequest [ LISTEN id=44, [ Transports: VPN RequestorUid: 10124 RequestorPkg: com.android.systemui MatchNonThreadLocalNetworks UnderlyingNetworks: Null] ]] callback flags: 0 order: 2147483647 isUidTracked: true declaredMethods: AVAIL|LOST|NC|LP
  uid/pid:1001/982 activeRequest: null callbackRequest: 45 [NetworkRequest [ LISTEN id=45, [ Capabilities: NOT_RESTRICTED&TRUSTED&NOT_VPN&VALIDATED&NOT_VCN_MANAGED&NOT_BANDWIDTH_CONSTRAINED Uid: 1001 RequestorUid: 1001 RequestorPkg: com.android.ons MatchNonThreadLocalNetworks UnderlyingNetworks: Null] ]] callback flags: 0 order: 2147483647 isUidTracked: true declaredMethods: AVAIL|LOST
  uid/pid:1000/628 activeRequest: null callbackRequest: 46 [NetworkRequest [ REQUEST id=47, [ Capabilities: INTERNET&NOT_RESTRICTED&TRUSTED&NOT_VCN_MANAGED&NOT_BANDWIDTH_CONSTRAINED Uid: 1000 RequestorUid: 1000 RequestorPkg: android UnderlyingNetworks: Null] ]] callback flags: 0 order: 2147483647 isUidTracked: true declaredMethods: AVAIL|LOST|BLK
  uid/pid:10124/869 activeRequest: null callbackRequest: 48 [NetworkRequest [ LISTEN id=48, [ Capabilities: NOT_RESTRICTED&TRUSTED&NOT_VPN&PRIORITIZE_LATENCY&NOT_BANDWIDTH_CONSTRAINED Uid: 10124 RequestorUid: 10124 RequestorPkg: com.android.systemui SubscriptionIds: {1} MatchNonThreadLocalNetworks UnderlyingNetworks: Null] ]] callback flags: 0 order: 2147483647 isUidTracked: true declaredMethods: AVAIL|LOST
  uid/pid:1000/628 asUid: 10101 activeRequest: null callbackRequest: 49 [NetworkRequest [ REQUEST id=50, [ Capabilities: INTERNET&NOT_RESTRICTED&TRUSTED&NOT_VCN_MANAGED&NOT_BANDWIDTH_CONSTRAINED Uid: 10101 RequestorUid: 1000 RequestorPkg: android UnderlyingNetworks: Null] ]] callback flags: 0 order: 2147483647 isUidTracked: true declaredMethods: AVAIL|LOST|BLK
  uid/pid:1000/628 asUid: 10099 activeRequest: null callbackRequest: 51 [NetworkRequest [ REQUEST id=52, [ Capabilities: INTERNET&NOT_RESTRICTED&TRUSTED&NOT_VCN_MANAGED&NOT_BANDWIDTH_CONSTRAINED Uid: 10099 RequestorUid: 1000 RequestorPkg: android UnderlyingNetworks: Null] ]] callback flags: 0 order: 2147483647 isUidTracked: true declaredMethods: AVAIL|LOST|BLK
  uid/pid:1000/628 asUid: 10148 activeRequest: null callbackRequest: 53 [NetworkRequest [ REQUEST id=54, [ Capabilities: INTERNET&NOT_RESTRICTED&TRUSTED&NOT_VCN_MANAGED&NOT_BANDWIDTH_CONSTRAINED Uid: 10148 RequestorUid: 1000 RequestorPkg: android UnderlyingNetworks: Null] ]] callback flags: 0 order: 2147483647 isUidTracked: true declaredMethods: AVAIL|LOST|BLK
  uid/pid:10148/1871 activeRequest: null callbackRequest: 55 [NetworkRequest [ REQUEST id=56, [ Capabilities: INTERNET&NOT_RESTRICTED&TRUSTED&NOT_VCN_MANAGED&NOT_BANDWIDTH_CONSTRAINED Uid: 10148 RequestorUid: 10148 RequestorPkg: com.android.rkpdapp UnderlyingNetworks: Null] ]] callback flags: 0 order: 2147483647 isUidTracked: true declaredMethods: AVAIL|LOST|NC
  uid/pid:1000/628 asUid: 10118 activeRequest: null callbackRequest: 57 [NetworkRequest [ REQUEST id=58, [ Capabilities: INTERNET&NOT_RESTRICTED&TRUSTED&NOT_VCN_MANAGED&NOT_BANDWIDTH_CONSTRAINED Uid: 10118 RequestorUid: 1000 RequestorPkg: android UnderlyingNetworks: Null] ]] callback flags: 0 order: 2147483647 isUidTracked: true declaredMethods: AVAIL|LOST|BLK
  uid/pid:10118/1906 activeRequest: null callbackRequest: 59 [NetworkRequest [ REQUEST id=60, [ Capabilities: INTERNET&NOT_RESTRICTED&TRUSTED&NOT_VCN_MANAGED&NOT_BANDWIDTH_CONSTRAINED Uid: 10118 RequestorUid: 10118 RequestorPkg: com.android.statementservice UnderlyingNetworks: Null] ]] callback flags: 0 order: 2147483647 isUidTracked: true declaredMethods: AVAIL|LOST|NC

Network Offers:
  NetworkOffer [ Provider Id (2) Score(Policies : TRANSPORT_PRIMARY&EVER_EVALUATED&IS_UNMETERED&EVER_VALIDATED&IS_VALIDATED ; KeepConnected : 0) Caps [ Transports: CELLULAR Capabilities: MMS&SUPL&DUN&FOTA&IMS&CBS&IA&RCS&XCAP&EIMS&INTERNET&NOT_RESTRICTED&TRUSTED&NOT_VPN&MCX&NOT_VCN_MANAGED&NOT_BANDWIDTH_CONSTRAINED UnderlyingNetworks: Null] Needed by [17, 32, 28, 30, 1, 2, 19, 41, 58, 7, 43, 15, 37, 60, 56, 54, 50, 47, 52]]
  NetworkOffer [ Provider Id (3) Score(Policies : EVER_EVALUATED&IS_UNMETERED ; KeepConnected : 0) Caps [ Transports: BLUETOOTH Capabilities: NOT_METERED&NOT_VPN&NOT_ROAMING&NOT_CONGESTED&NOT_SUSPENDED&NOT_VCN_MANAGED&NOT_BANDWIDTH_CONSTRAINED Specifier: <L2capNetworkSpecifier(ROLE_SERVER, HEADER_COMPRESSION_ANY, RemoteAddress=null, PSM=PSM_ANY)> ReservationId: * UnderlyingNetworks: Null] Needed by []]
  NetworkOffer [ Provider Id (3) Score(Policies : EVER_EVALUATED&IS_UNMETERED ; KeepConnected : 0) Caps [ Transports: BLUETOOTH Capabilities: NOT_METERED&NOT_VPN&NOT_ROAMING&NOT_CONGESTED&NOT_SUSPENDED&NOT_VCN_MANAGED&NOT_BANDWIDTH_CONSTRAINED Specifier: <L2capNetworkSpecifier(ROLE_CLIENT, HEADER_COMPRESSION_ANY, RemoteAddress=null, PSM=PSM_ANY)> UnderlyingNetworks: Null] Needed by []]
  NetworkOffer [ Provider Id (5) Score(Policies : EVER_EVALUATED&IS_UNMETERED&EVER_VALIDATED&IS_VALIDATED ; KeepConnected : 0) Caps [ Transports: CELLULAR|SATELLITE Capabilities: MMS&SUPL&DUN&FOTA&IMS&CBS&IA&RCS&XCAP&EIMS&INTERNET&NOT_RESTRICTED&TRUSTED&NOT_VPN&MCX&NOT_VCN_MANAGED&ENTERPRISE&VSIM&BIP&MMTEL&PRIORITIZE_LATENCY&PRIORITIZE_BANDWIDTH&NOT_BANDWIDTH_CONSTRAINED Specifier: <android.net.MatchAllNetworkSpecifier@0> EnterpriseId: 1&2&3&4&5 UnderlyingNetworks: Null] Needed by [17, 32, 28, 30, 1, 2, 19, 41, 58, 7, 43, 15, 37, 60, 56, 54, 50, 47, 52]]
  NetworkOffer [ Provider Id (6) Score(Policies : EVER_EVALUATED&IS_UNMETERED&EVER_VALIDATED&IS_VALIDATED ; KeepConnected : 0) Caps [ Transports: WIFI Capabilities: NOT_METERED&INTERNET&NOT_RESTRICTED&TRUSTED&NOT_VPN&NOT_ROAMING&NOT_CONGESTED&NOT_SUSPENDED&NOT_VCN_MANAGED&NOT_BANDWIDTH_CONSTRAINED LinkUpBandwidth>=1048576Kbps LinkDnBandwidth>=1048576Kbps Specifier: <android.net.MatchAllNetworkSpecifier@0> SubscriptionIds: {1} UnderlyingNetworks: Null] Needed by [17, 32, 28, 30, 1, 19, 41, 58, 7, 43, 37, 15, 60, 56, 54, 50, 47, 52]]
  NetworkOffer [ Provider Id (7) Score(Policies : EVER_EVALUATED&IS_INVINCIBLE&IS_UNMETERED&EVER_VALIDATED&IS_VALIDATED ; KeepConnected : 0) Caps [ Transports: WIFI Capabilities: NOT_METERED&INTERNET&NOT_RESTRICTED&TRUSTED&NOT_VPN&NOT_ROAMING&NOT_CONGESTED&NOT_SUSPENDED&NOT_VCN_MANAGED&NOT_BANDWIDTH_CONSTRAINED LinkUpBandwidth>=1048576Kbps LinkDnBandwidth>=1048576Kbps Specifier: <android.net.MatchAllNetworkSpecifier@0> SubscriptionIds: {1} UnderlyingNetworks: Null] Needed by [17, 32, 28, 30, 1, 19, 41, 58, 7, 43, 37, 15, 60, 56, 54, 50, 47, 52]]
  NetworkOffer [ Provider Id (8) Score(Policies : EVER_EVALUATED&IS_INVINCIBLE&IS_UNMETERED&EVER_VALIDATED&IS_VALIDATED ; KeepConnected : 0) Caps [ Transports: WIFI Capabilities: NOT_METERED&INTERNET&TRUSTED&NOT_VPN&NOT_ROAMING&NOT_CONGESTED&NOT_SUSPENDED&NOT_VCN_MANAGED&NOT_BANDWIDTH_CONSTRAINED LinkUpBandwidth>=1048576Kbps LinkDnBandwidth>=1048576Kbps Specifier: <android.net.MatchAllNetworkSpecifier@0> SubscriptionIds: {1} UnderlyingNetworks: Null] Needed by []]
  NetworkOffer [ Provider Id (9) Score(Policies : EVER_EVALUATED&IS_INVINCIBLE&IS_UNMETERED&EVER_VALIDATED&IS_VALIDATED ; KeepConnected : 0) Caps [ Transports: WIFI Capabilities: NOT_METERED&INTERNET&NOT_RESTRICTED&TRUSTED&NOT_VPN&NOT_ROAMING&NOT_CONGESTED&NOT_SUSPENDED&OEM_PAID&OEM_PRIVATE&NOT_VCN_MANAGED&NOT_BANDWIDTH_CONSTRAINED LinkUpBandwidth>=1048576Kbps LinkDnBandwidth>=1048576Kbps Specifier: <android.net.MatchAllNetworkSpecifier@0> UnderlyingNetworks: Null] Needed by [17, 32, 28, 30, 1, 19, 41, 58, 7, 43, 37, 15, 60, 56, 54, 50, 47, 52]]
  NetworkOffer [ Provider Id (10) Score(Policies : EVER_EVALUATED&IS_INVINCIBLE&IS_UNMETERED&EVER_VALIDATED&IS_VALIDATED ; KeepConnected : 0) Caps [ Transports: WIFI Capabilities: NOT_METERED&INTERNET&NOT_RESTRICTED&TRUSTED&NOT_VPN&NOT_ROAMING&NOT_CONGESTED&NOT_SUSPENDED&NOT_VCN_MANAGED&NOT_BANDWIDTH_CONSTRAINED LinkUpBandwidth>=1048576Kbps LinkDnBandwidth>=1048576Kbps Specifier: <android.net.MatchAllNetworkSpecifier@0> UnderlyingNetworks: Null] Needed by [17, 32, 28, 30, 1, 19, 41, 58, 7, 43, 37, 15, 60, 56, 54, 50, 47, 52]]

mLegacyTypeTracker:
  Supported types: 0 1 2 3 4 5 7 10 11 12 13 14 15 17
  Current state:


Supported Socket keepalives: [1, 3, 0, 0, 0, 0, 0, 0, 0, 0, 0]
Reserved Privileged keepalives: 2
Allowed Unprivileged keepalives per uid: 2
Socket keepalives:
AutomaticOnOff enabled: true
Events (most recent first):
  2026-09-14T14:17:27.052469 - Stop all keepalives on 100 because -20

KeepaliveStatsTracker enabled: true
  # android.net.connectivity.com.android.metrics.DailykeepaliveInfoReported@af3e7df1
  duration_per_num_of_keepalive {
    duration_for_num_of_keepalive {
      keepalive_active_durations_msec: 9626
      keepalive_registered_durations_msec: 9626
    }
  }
  keepalive_lifetime_per_carrier {
  }

Bad Wi-Fi avoidance: unrestricted

DestroySockets:
  mDestroyFrozenSockets=true
  mDelayDestroySockets=true
  mDestroySocketPendingUids:
Bpf Program Status:
  CGROUP_INET_INGRESS: 14
  CGROUP_INET_EGRESS: 15
  CGROUP_INET_SOCK_CREATE: 21
  CGROUP_INET4_BIND: 23
  CGROUP_INET6_BIND: 24
  CGROUP_INET4_CONNECT: 25
  CGROUP_INET6_CONNECT: 26
  CGROUP_UDP4_SENDMSG: 29
  CGROUP_UDP6_SENDMSG: 30
  CGROUP_UDP4_RECVMSG: 27
  CGROUP_UDP6_RECVMSG: 28
  CGROUP_GETSOCKOPT: 31
  CGROUP_SETSOCKOPT: 32
  CGROUP_INET_SOCK_RELEASE: 22

CarrierPrivilegeAuthenticator:
mRequestRestrictedWifiEnabled = false
Logical slot = 0 : uid = -1 : subId = -1


mNetworkRequestInfoLogs (most recent first):
  2026-09-14T14:17:27.805375 - REGISTER uid/pid:10118/1906 activeRequest: null callbackRequest: 59 [NetworkRequest [ REQUEST id=60, [ Capabilities: INTERNET&NOT_RESTRICTED&TRUSTED&NOT_VCN_MANAGED&NOT_BANDWIDTH_CONSTRAINED Uid: 10118 RequestorUid: 10118 RequestorPkg: com.android.statementservice UnderlyingNetworks: Null] ]] callback flags: 0 order: 2147483647 isUidTracked: true declaredMethods: AVAIL|LOST|NC
  2026-09-14T14:17:27.791260 - REGISTER uid/pid:1000/628 asUid: 10118 activeRequest: null callbackRequest: 57 [NetworkRequest [ REQUEST id=58, [ Capabilities: INTERNET&NOT_RESTRICTED&TRUSTED&NOT_VCN_MANAGED&NOT_BANDWIDTH_CONSTRAINED Uid: 10118 RequestorUid: 1000 RequestorPkg: android UnderlyingNetworks: Null] ]] callback flags: 0 order: 2147483647 isUidTracked: true declaredMethods: AVAIL|LOST|BLK
  2026-09-14T14:17:27.726431 - REGISTER uid/pid:10148/1871 activeRequest: null callbackRequest: 55 [NetworkRequest [ REQUEST id=56, [ Capabilities: INTERNET&NOT_RESTRICTED&TRUSTED&NOT_VCN_MANAGED&NOT_BANDWIDTH_CONSTRAINED Uid: 10148 RequestorUid: 10148 RequestorPkg: com.android.rkpdapp UnderlyingNetworks: Null] ]] callback flags: 0 order: 2147483647 isUidTracked: true declaredMethods: AVAIL|LOST|NC
  2026-09-14T14:17:27.711131 - REGISTER uid/pid:1000/628 asUid: 10148 activeRequest: null callbackRequest: 53 [NetworkRequest [ REQUEST id=54, [ Capabilities: INTERNET&NOT_RESTRICTED&TRUSTED&NOT_VCN_MANAGED&NOT_BANDWIDTH_CONSTRAINED Uid: 10148 RequestorUid: 1000 RequestorPkg: android UnderlyingNetworks: Null] ]] callback flags: 0 order: 2147483647 isUidTracked: true declaredMethods: AVAIL|LOST|BLK
  2026-09-14T14:17:26.191516 - REGISTER uid/pid:1000/628 asUid: 10099 activeRequest: null callbackRequest: 51 [NetworkRequest [ REQUEST id=52, [ Capabilities: INTERNET&NOT_RESTRICTED&TRUSTED&NOT_VCN_MANAGED&NOT_BANDWIDTH_CONSTRAINED Uid: 10099 RequestorUid: 1000 RequestorPkg: android UnderlyingNetworks: Null] ]] callback flags: 0 order: 2147483647 isUidTracked: true declaredMethods: AVAIL|LOST|BLK
  2026-09-14T14:17:26.108711 - REGISTER uid/pid:1000/628 asUid: 10101 activeRequest: null callbackRequest: 49 [NetworkRequest [ REQUEST id=50, [ Capabilities: INTERNET&NOT_RESTRICTED&TRUSTED&NOT_VCN_MANAGED&NOT_BANDWIDTH_CONSTRAINED Uid: 10101 RequestorUid: 1000 RequestorPkg: android UnderlyingNetworks: Null] ]] callback flags: 0 order: 2147483647 isUidTracked: true declaredMethods: AVAIL|LOST|BLK
  2026-09-14T14:17:25.801375 - REGISTER uid/pid:10124/869 activeRequest: null callbackRequest: 48 [NetworkRequest [ LISTEN id=48, [ Capabilities: NOT_RESTRICTED&TRUSTED&NOT_VPN&PRIORITIZE_LATENCY&NOT_BANDWIDTH_CONSTRAINED Uid: 10124 RequestorUid: 10124 RequestorPkg: com.android.systemui SubscriptionIds: {1} MatchNonThreadLocalNetworks UnderlyingNetworks: Null] ]] callback flags: 0 order: 2147483647 isUidTracked: true declaredMethods: AVAIL|LOST
  2026-09-14T14:17:25.369250 - REGISTER uid/pid:1000/628 activeRequest: null callbackRequest: 46 [NetworkRequest [ REQUEST id=47, [ Capabilities: INTERNET&NOT_RESTRICTED&TRUSTED&NOT_VCN_MANAGED&NOT_BANDWIDTH_CONSTRAINED Uid: 1000 RequestorUid: 1000 RequestorPkg: android UnderlyingNetworks: Null] ]] callback flags: 0 order: 2147483647 isUidTracked: true declaredMethods: AVAIL|LOST|BLK
  2026-09-14T14:17:25.270371 - REGISTER uid/pid:1001/982 activeRequest: null callbackRequest: 45 [NetworkRequest [ LISTEN id=45, [ Capabilities: NOT_RESTRICTED&TRUSTED&NOT_VPN&VALIDATED&NOT_VCN_MANAGED&NOT_BANDWIDTH_CONSTRAINED Uid: 1001 RequestorUid: 1001 RequestorPkg: com.android.ons MatchNonThreadLocalNetworks UnderlyingNetworks: Null] ]] callback flags: 0 order: 2147483647 isUidTracked: true declaredMethods: AVAIL|LOST
  2026-09-14T14:17:25.013793 - REGISTER uid/pid:10124/869 activeRequest: null callbackRequest: 44 [NetworkRequest [ LISTEN id=44, [ Transports: VPN RequestorUid: 10124 RequestorPkg: com.android.systemui MatchNonThreadLocalNetworks UnderlyingNetworks: Null] ]] callback flags: 0 order: 2147483647 isUidTracked: true declaredMethods: AVAIL|LOST|NC|LP
  2026-09-14T14:17:24.941301 - REGISTER uid/pid:10124/869 activeRequest: null callbackRequest: 42 [NetworkRequest [ REQUEST id=43, [ Capabilities: INTERNET&NOT_RESTRICTED&TRUSTED&NOT_VCN_MANAGED&NOT_BANDWIDTH_CONSTRAINED Uid: 10124 RequestorUid: 10124 RequestorPkg: com.android.systemui UnderlyingNetworks: Null] ]] callback flags: 1 order: 2147483647 isUidTracked: true declaredMethods: AVAIL|LOST|NC
  2026-09-14T14:17:24.940606 - REGISTER uid/pid:10124/869 activeRequest: null callbackRequest: 40 [NetworkRequest [ REQUEST id=41, [ Capabilities: INTERNET&NOT_RESTRICTED&TRUSTED&NOT_VCN_MANAGED&NOT_BANDWIDTH_CONSTRAINED Uid: 10124 RequestorUid: 10124 RequestorPkg: com.android.systemui UnderlyingNetworks: Null] ]] callback flags: 1 order: 2147483647 isUidTracked: true declaredMethods: AVAIL|LOST|NC
  2026-09-14T14:17:24.940161 - REGISTER uid/pid:10124/869 activeRequest: null callbackRequest: 39 [NetworkRequest [ LISTEN id=39, [ Transports: CELLULAR|WIFI Capabilities: NOT_VPN RequestorUid: 10124 RequestorPkg: com.android.systemui MatchNonThreadLocalNetworks UnderlyingNetworks: Null] ]] callback flags: 1 order: 2147483647 isUidTracked: true declaredMethods: AVAIL|LOST|NC
  2026-09-14T14:17:24.854440 - REGISTER uid/pid:10124/869 activeRequest: null callbackRequest: 36 [NetworkRequest [ REQUEST id=37, [ Capabilities: INTERNET&NOT_RESTRICTED&TRUSTED&NOT_VCN_MANAGED&NOT_BANDWIDTH_CONSTRAINED Uid: 10124 RequestorUid: 10124 RequestorPkg: com.android.systemui UnderlyingNetworks: Null] ]] callback flags: 1 order: 2147483647 isUidTracked: true declaredMethods: AVAIL|LOST|NC|LP
  2026-09-14T14:17:24.854245 - REGISTER uid/pid:10124/869 activeRequest: null callbackRequest: 35 [NetworkRequest [ LISTEN id=35, [ Transports: WIFI Capabilities: NOT_VPN RequestorUid: 10124 RequestorPkg: com.android.systemui MatchNonThreadLocalNetworks UnderlyingNetworks: Null] ]] callback flags: 1 order: 2147483647 isUidTracked: true declaredMethods: AVAIL|LOST|NC|LP
  2026-09-14T14:17:21.959337 - REGISTER uid/pid:1001/982 activeRequest: null callbackRequest: 34 [NetworkRequest [ LISTEN id=34, [ Capabilities: INTERNET&NOT_RESTRICTED&TRUSTED&NOT_VPN&NOT_VCN_MANAGED&NOT_BANDWIDTH_CONSTRAINED Uid: 1001 RequestorUid: 1001 RequestorPkg: com.android.phone MatchNonThreadLocalNetworks UnderlyingNetworks: Null] ]] callback flags: 0 order: 2147483647 isUidTracked: true declaredMethods: AVAIL
  2026-09-14T14:17:21.943049 - REGISTER uid/pid:1001/982 activeRequest: null callbackRequest: 33 [NetworkRequest [ LISTEN id=33, [ Transports: WIFI Capabilities: INTERNET&NOT_RESTRICTED&TRUSTED&NOT_VPN&NOT_VCN_MANAGED&NOT_BANDWIDTH_CONSTRAINED Uid: 1001 RequestorUid: 1001 RequestorPkg: com.android.phone MatchNonThreadLocalNetworks UnderlyingNetworks: Null] ]] callback flags: 0 order: 2147483647 isUidTracked: true declaredMethods: AVAIL|LOST|NC
  2026-09-14T14:17:21.878210 - REGISTER uid/pid:1001/982 activeRequest: null callbackRequest: 31 [NetworkRequest [ REQUEST id=32, [ Capabilities: INTERNET&NOT_RESTRICTED&TRUSTED&NOT_VCN_MANAGED&NOT_BANDWIDTH_CONSTRAINED Uid: 1001 RequestorUid: 1001 RequestorPkg: com.android.phone UnderlyingNetworks: Null] ]] callback flags: 0 order: 2147483647 isUidTracked: true declaredMethods: AVAIL|LOST|NC
  2026-09-14T14:17:21.796127 - REGISTER uid/pid:1001/982 activeRequest: null callbackRequest: 29 [NetworkRequest [ REQUEST id=30, [ Capabilities: INTERNET&NOT_RESTRICTED&TRUSTED&NOT_VCN_MANAGED&NOT_BANDWIDTH_CONSTRAINED Uid: 1001 RequestorUid: 1001 RequestorPkg: com.android.phone UnderlyingNetworks: Null] ]] callback flags: 0 order: 2147483647 isUidTracked: true declaredMethods: AVAIL|LOST|NC
  2026-09-14T14:17:21.787987 - REGISTER uid/pid:10124/869 activeRequest: null callbackRequest: 27 [NetworkRequest [ REQUEST id=28, [ Capabilities: INTERNET&NOT_RESTRICTED&TRUSTED&NOT_VCN_MANAGED&NOT_BANDWIDTH_CONSTRAINED Uid: 10124 RequestorUid: 10124 RequestorPkg: com.android.systemui UnderlyingNetworks: Null] ]] callback flags: 1 order: 2147483647 isUidTracked: true declaredMethods: AVAIL|LOST|NC

mNetworkInfoBlockingLogs (most recent first):
  2026-09-14T14:17:25.325772 - UNBLOCKED 10128(15) on netId 100: 0

NetTransition WakeLock activity (most recent first):
  total acquisitions: 1
  total releases: 0
  cumulative duration: 0s
  longest duration: 0s
  currently holding WakeLock for: 3s
  2026-09-14T14:17:27.055991 - ACQUIRE for [100 CELLULAR]
  
  bandwidth update requests (by uid):

mOemNetworkPreferencesLogs (most recent first):


Permission Monitor:
  Interface filtering rules:
  
  Lockdown filtering rules:
  
  Update logs:
    2026-09-14T14:17:20.960576 - New user(0) added: nPerm uids={1000=2, 1001=2, 1002=1, 1073=2, 2000=2, 10062=2, 10086=2, 10087=2, 10099=1, 10101=2, 10105=2, 10113=2, 10124=1, 10129=2, 20062=2, 20086=2, 20087=2, 20099=1, 20101=2, 20105=2, 20113=2, 20124=1, 20129=2}, tPerm appIds={1000=12, 1001=12, 1002=12, 1027=4, 1068=0, 1073=12, 2000=12, 10000=0, 10001=0, 10002=0, 10003=0, 10004=0, 10005=0, 10006=0, 10007=0, 10008=0, 10009=0, 10010=0, 10011=0, 10012=0, 10013=0, 10014=0, 10015=0, 10016=0, 10017=0, 10018=0, 10019=0, 10020=0, 10021=0, 10022=0, 10023=0, 10024=0, 10025=0, 10026=0, 10027=0, 10028=0, 10029=0, 10030=0, 10031=0, 10032=0, 10033=0, 10034=0, 10035=0, 10036=0, 10037=0, 10038=0, 10039=0, 10040=0, 10041=0, 10042=0, 10043=0, 10044=0, 10045=0, 10046=0, 10047=0, 10048=0, 10049=0, 10050=0, 10051=0, 10052=0, 10053=0, 10054=0, 10055=0, 10056=0, 10057=0, 10058=0, 10059=0, 10060=0, 10061=0, 10062=12, 10063=4, 10064=0, 10065=4, 10066=0, 10067=0, 10068=0, 10069=0, 10070=4, 10071=0, 10072=0, 10073=4, 10074=0, 10075=0, 10076=0, 10077=4, 10078=0, 10079=0, 10080=4, 10081=0, 10082=0, 10083=0, 10084=0, 10085=0, 10086=4, 10087=4, 10088=0, 10089=0, 10090=0, 10091=0, 10092=0, 10093=0, 10094=4, 10095=0, 10096=0, 10097=0, 10098=0, 10099=4, 10100=4, 10101=4, 10102=4, 10103=4, 10104=0, 10105=4, 10106=0, 10107=0, 10108=4, 10109=4, 10110=4, 10111=0, 10112=0, 10113=4, 10114=0, 10115=0, 10116=0, 10117=0, 10118=4, 10119=0, 10120=0, 10121=4, 10122=0, 10123=0, 10124=4, 10125=0, 10126=0, 10127=0, 10128=4, 10129=4, 10130=0, 10131=4, 10132=0, 10133=0, 10134=0, 10135=0, 10136=4, 10137=4, 10138=0, 10139=0, 10140=0, 10141=0, 10142=0, 10143=0, 10144=8, 10145=4, 10146=4, 10147=0, 10148=4, 10149=0, 20000=0, 20001=0, 20002=0, 20003=0, 20004=0, 20005=0, 20006=0, 20007=0, 20008=0, 20009=0, 20010=0, 20011=0, 20012=0, 20013=0, 20014=0, 20015=0, 20016=0, 20017=0, 20018=0, 20019=0, 20020=0, 20021=0, 20022=0, 20023=0, 20024=0, 20025=0, 20026=0, 20027=0, 20028=0, 20029=0, 20030=0, 20031=0, 20032=0, 20033=0, 20034=0, 20035=0, 20036=0, 20037=0, 20038=0, 20039=0, 20040=0, 20041=0, 20042=0, 20043=0, 20044=0, 20045=0, 20046=0, 20047=0, 20048=0, 20049=0, 20050=0, 20051=0, 20052=0, 20053=0, 20054=0, 20055=0, 20056=0, 20057=0, 20058=0, 20059=0, 20060=0, 20061=0, 20062=12, 20063=4, 20064=0, 20065=4, 20066=0, 20067=0, 20068=0, 20069=0, 20070=4, 20071=0, 20072=0, 20073=4, 20074=0, 20075=0, 20076=0, 20077=4, 20078=0, 20079=0, 20080=4, 20081=0, 20082=0, 20083=0, 20084=0, 20085=0, 20086=4, 20087=4, 20088=0, 20089=0, 20090=0, 20091=0, 20092=0, 20093=0, 20094=4, 20095=0, 20096=0, 20097=0, 20098=0, 20099=4, 20100=4, 20101=4, 20102=4, 20103=4, 20104=0, 20105=4, 20106=0, 20107=0, 20108=4, 20109=4, 20110=4, 20111=0, 20112=0, 20113=4, 20114=0, 20115=0, 20116=0, 20117=0, 20118=4, 20119=0, 20120=0, 20121=4, 20122=0, 20123=0, 20124=4, 20125=0, 20126=0, 20127=0, 20128=4, 20129=4, 20130=0, 20131=4, 20132=0, 20133=0, 20134=0, 20135=0, 20136=4, 20137=4, 20138=0, 20139=0, 20140=0, 20141=0, 20142=0, 20143=0, 20144=8, 20145=4, 20146=4, 20147=0, 20148=4, 20149=0}

Legacy network activity:
  mTrackMultiNetworkActivities=true
  mDefaultCellularDataInactivityTimeout=10
  mDefaultWifiDataInactivityTimeout=15
  mIsDefaultNetworkActive=true
  mDefaultNetwork=null
  Idle timers:
  WiFi active networks: {}
  Cellular active networks: {}

Multicast routing supported: true
Background firewall chain enabled: true
IngressToVpnAddressFiltering: true

