
=== configuration=overseasDebugRuntimeClasspath dependency=com.google.firebase started_at=2026-09-14T13:41:15+08:00 ===
To honour the JVM settings for this build a single-use Daemon process will be forked. For more on this, please refer to https://docs.gradle.org/9.4.1/userguide/gradle_daemon.html#sec:disabling_the_daemon in the Gradle documentation.
Daemon will be stopped at the end of the build 
[aliyun-mirror] Gradle Central Plugin Repository: https://plugins.gradle.org/m2 -> https://maven.aliyun.com/repository/gradle-plugin
[aliyun-mirror] Google: https://dl.google.com/dl/android/maven2/ -> https://maven.aliyun.com/repository/google
[aliyun-mirror] MavenRepo: https://repo.maven.apache.org/maven2/ -> https://maven.aliyun.com/repository/central
[aliyun-mirror] Google: https://dl.google.com/dl/android/maven2/ -> https://maven.aliyun.com/repository/google
[aliyun-mirror] MavenRepo: https://repo.maven.apache.org/maven2/ -> https://maven.aliyun.com/repository/central
[aliyun-mirror] Gradle Central Plugin Repository: https://plugins.gradle.org/m2 -> https://maven.aliyun.com/repository/gradle-plugin
[aliyun-mirror] Google: https://dl.google.com/dl/android/maven2/ -> https://maven.aliyun.com/repository/google
[aliyun-mirror] MavenRepo: https://repo.maven.apache.org/maven2/ -> https://maven.aliyun.com/repository/central
[aliyun-mirror] Gradle Central Plugin Repository: https://plugins.gradle.org/m2 -> https://maven.aliyun.com/repository/gradle-plugin
[aliyun-mirror] Google: https://dl.google.com/dl/android/maven2/ -> https://maven.aliyun.com/repository/google
[aliyun-mirror] MavenRepo: https://repo.maven.apache.org/maven2/ -> https://maven.aliyun.com/repository/central
[aliyun-mirror] Google: https://dl.google.com/dl/android/maven2/ -> https://maven.aliyun.com/repository/google
[aliyun-mirror] Gradle Central Plugin Repository: https://plugins.gradle.org/m2 -> https://maven.aliyun.com/repository/gradle-plugin
[aliyun-mirror] MavenRepo: https://repo.maven.apache.org/maven2/ -> https://maven.aliyun.com/repository/central

> Configure project :
[aliyun-mirror] Google: https://dl.google.com/dl/android/maven2/ -> https://maven.aliyun.com/repository/google
[aliyun-mirror] MavenRepo: https://repo.maven.apache.org/maven2/ -> https://maven.aliyun.com/repository/central

> Configure project :app
WARNING: The option setting 'android.enableR8.fullMode=false' is deprecated.
The current default is 'true'.
It will be removed in version 10.0 of the Android Gradle plugin.
========================================
Version Info:
  Version Name: 1.0.6.1
  Version Code: 100513
  Git Commits: 1
  Git Hash: unknown
========================================
--W- Build Environment: AGConnect plugin version is: 1.9.6.300, Gradle version is: 9.4.1, Android Plugin version is: 9.2.1
--I- Using the AGConnect-Config file: /private/tmp/ugreen-android-architecture-20260914/android/app/agconnect-services.json
--I- Using the AGConnect-Config file: /private/tmp/ugreen-android-architecture-20260914/android/app/agconnect-services.json
--I- Using the AGConnect-Config file: /private/tmp/ugreen-android-architecture-20260914/android/app/agconnect-services.json
--I- Using the AGConnect-Config file: /private/tmp/ugreen-android-architecture-20260914/android/app/agconnect-services.json
--I- Using the AGConnect-Config file: /private/tmp/ugreen-android-architecture-20260914/android/app/agconnect-services.json
--I- Using the AGConnect-Config file: /private/tmp/ugreen-android-architecture-20260914/android/app/agconnect-services.json
--I- Using the AGConnect-Config file: /private/tmp/ugreen-android-architecture-20260914/android/app/agconnect-services.json
--I- Using the AGConnect-Config file: /private/tmp/ugreen-android-architecture-20260914/android/app/agconnect-services.json
--W- The variant: domesticDebug, Use the json file: /private/tmp/ugreen-android-architecture-20260914/android/app/agconnect-services.json
--W- The variant: overseasDebug, Use the json file: /private/tmp/ugreen-android-architecture-20260914/android/app/agconnect-services.json
--W- The variant: domesticRelease, Use the json file: /private/tmp/ugreen-android-architecture-20260914/android/app/agconnect-services.json
--W- The variant: overseasRelease, Use the json file: /private/tmp/ugreen-android-architecture-20260914/android/app/agconnect-services.json
--W- The variant: domesticUat, Use the json file: /private/tmp/ugreen-android-architecture-20260914/android/app/agconnect-services.json
--W- The variant: overseasUat, Use the json file: /private/tmp/ugreen-android-architecture-20260914/android/app/agconnect-services.json
--W- The variant: domesticBeta, Use the json file: /private/tmp/ugreen-android-architecture-20260914/android/app/agconnect-services.json
--W- The variant: overseasBeta, Use the json file: /private/tmp/ugreen-android-architecture-20260914/android/app/agconnect-services.json

> Configure project :player-core
w: ⚠️ Unused Kotlin Source Sets
The Kotlin source set commonTest was configured but not added to any Kotlin compilation.
Solution: You can add a source set to a target's compilation by connecting it with the compilation's default source set using 'dependsOn'.
See https://kotl.in/connecting-source-sets


> Configure project :shared-release-1.7.0-9q2u2wrq:build-logic:convention
[aliyun-mirror] Gradle Central Plugin Repository: https://plugins.gradle.org/m2 -> https://maven.aliyun.com/repository/gradle-plugin

> Task :shared-release-1.7.0-9q2u2wrq:build-logic:convention:checkKotlinGradlePluginConfigurationErrors SKIPPED
> Task :shared-release-1.7.0-9q2u2wrq:build-logic:convention:compileKotlin UP-TO-DATE
> Task :shared-release-1.7.0-9q2u2wrq:build-logic:convention:compileJava NO-SOURCE
> Task :shared-release-1.7.0-9q2u2wrq:build-logic:convention:pluginDescriptors UP-TO-DATE
> Task :shared-release-1.7.0-9q2u2wrq:build-logic:convention:processResources UP-TO-DATE
> Task :shared-release-1.7.0-9q2u2wrq:build-logic:convention:classes UP-TO-DATE
> Task :shared-release-1.7.0-9q2u2wrq:build-logic:convention:jar UP-TO-DATE

> Configure project :shared-release-1.7.0-9q2u2wrq:airtc-appsdk
cocoaPodsInstalled=true
xcodeToolsInstalled=true
iosToolchainAvailable=true
explicitEnableIos=false
enableIos=false

> Configure project :shared-release-1.7.0-9q2u2wrq:app-shared
cocoaPodsInstalled=true
xcodeToolsInstalled=true
iosToolchainAvailable=true
explicitEnableIos=false
enableIos=false
w: ⚠️ Unused Kotlin Source Sets
The Kotlin source set commonTest was configured but not added to any Kotlin compilation.
Solution: You can add a source set to a target's compilation by connecting it with the compilation's default source set using 'dependsOn'.
See https://kotl.in/connecting-source-sets


> Configure project :shared-release-1.7.0-9q2u2wrq:core-database
cocoaPodsInstalled=true
xcodeToolsInstalled=true
iosToolchainAvailable=true
explicitEnableIos=false
enableIos=false

> Configure project :shared-release-1.7.0-9q2u2wrq:core-kv
cocoaPodsInstalled=true
xcodeToolsInstalled=true
iosToolchainAvailable=true
explicitEnableIos=false
enableIos=false

> Configure project :shared-release-1.7.0-9q2u2wrq:core-logger
cocoaPodsInstalled=true
xcodeToolsInstalled=true
iosToolchainAvailable=true
explicitEnableIos=false
enableIos=false

> Configure project :shared-release-1.7.0-9q2u2wrq:core-mvi
cocoaPodsInstalled=true
xcodeToolsInstalled=true
iosToolchainAvailable=true
explicitEnableIos=false
enableIos=false
w: ⚠️ Unused Kotlin Source Sets
The Kotlin source set commonTest was configured but not added to any Kotlin compilation.
Solution: You can add a source set to a target's compilation by connecting it with the compilation's default source set using 'dependsOn'.
See https://kotl.in/connecting-source-sets


> Configure project :shared-release-1.7.0-9q2u2wrq:core-navigation
cocoaPodsInstalled=true
xcodeToolsInstalled=true
iosToolchainAvailable=true
explicitEnableIos=false
enableIos=false
WARNING: The 'commonTest' source directory exists, but android host tests are not enabled. To enable android host tests, add `withHostTest {}` to your android target configuration in the Gradle build file.
w: ⚠️ Unused Kotlin Source Sets
The Kotlin source set commonTest was configured but not added to any Kotlin compilation.
Solution: You can add a source set to a target's compilation by connecting it with the compilation's default source set using 'dependsOn'.
See https://kotl.in/connecting-source-sets


> Configure project :shared-release-1.7.0-9q2u2wrq:core-net
cocoaPodsInstalled=true
xcodeToolsInstalled=true
iosToolchainAvailable=true
explicitEnableIos=false
enableIos=false
w: ⚠️ iOS Source Set Used Without an iOS Target
Accessed 'source set iosMain' without registering any ios target:
kotlin {
    /* Register at least one of the following targets */
    iosX64()
    iosArm64()
    iosSimulatorArm64()

    /* Use convention */
    sourceSets.iosMain.dependencies {

    }
}
Solution: Please register at least one of the iOS targets.

w: ⚠️ Unused Kotlin Source Sets
The Kotlin source set iosMain was configured but not added to any Kotlin compilation.
Solution: You can add a source set to a target's compilation by connecting it with the compilation's default source set using 'dependsOn'.
See https://kotl.in/connecting-source-sets


> Configure project :shared-release-1.7.0-9q2u2wrq:core-player
cocoaPodsInstalled=true
xcodeToolsInstalled=true
iosToolchainAvailable=true
explicitEnableIos=false
enableIos=false
w: ⚠️ Unused Kotlin Source Sets
The Kotlin source set commonTest was configured but not added to any Kotlin compilation.
Solution: You can add a source set to a target's compilation by connecting it with the compilation's default source set using 'dependsOn'.
See https://kotl.in/connecting-source-sets


> Configure project :shared-release-1.7.0-9q2u2wrq:core-secure-package
cocoaPodsInstalled=true
xcodeToolsInstalled=true
iosToolchainAvailable=true
explicitEnableIos=false
enableIos=false

> Configure project :shared-release-1.7.0-9q2u2wrq:core-ui
cocoaPodsInstalled=true
xcodeToolsInstalled=true
iosToolchainAvailable=true
explicitEnableIos=false
enableIos=false

> Configure project :shared-release-1.7.0-9q2u2wrq:core-util
cocoaPodsInstalled=true
xcodeToolsInstalled=true
iosToolchainAvailable=true
explicitEnableIos=false
enableIos=false

> Configure project :shared-release-1.7.0-9q2u2wrq:device-biz
cocoaPodsInstalled=true
xcodeToolsInstalled=true
iosToolchainAvailable=true
explicitEnableIos=false
enableIos=false
WARNING: The 'commonTest' source directory exists, but android host tests are not enabled. To enable android host tests, add `withHostTest {}` to your android target configuration in the Gradle build file.
w: ⚠️ Unused Kotlin Source Sets
The Kotlin source set commonTest was configured but not added to any Kotlin compilation.
Solution: You can add a source set to a target's compilation by connecting it with the compilation's default source set using 'dependsOn'.
See https://kotl.in/connecting-source-sets


> Configure project :shared-release-1.7.0-9q2u2wrq:device-thing-model
cocoaPodsInstalled=true
xcodeToolsInstalled=true
iosToolchainAvailable=true
explicitEnableIos=false
enableIos=false

> Configure project :shared-release-1.7.0-9q2u2wrq:domain-device
cocoaPodsInstalled=true
xcodeToolsInstalled=true
iosToolchainAvailable=true
explicitEnableIos=false
enableIos=false

> Configure project :shared-release-1.7.0-9q2u2wrq:domain-env
cocoaPodsInstalled=true
xcodeToolsInstalled=true
iosToolchainAvailable=true
explicitEnableIos=false
enableIos=false

> Configure project :shared-release-1.7.0-9q2u2wrq:domain-family
cocoaPodsInstalled=true
xcodeToolsInstalled=true
iosToolchainAvailable=true
explicitEnableIos=false
enableIos=false
w: ⚠️ Unused Kotlin Source Sets
The Kotlin source set commonTest was configured but not added to any Kotlin compilation.
Solution: You can add a source set to a target's compilation by connecting it with the compilation's default source set using 'dependsOn'.
See https://kotl.in/connecting-source-sets


> Configure project :shared-release-1.7.0-9q2u2wrq:domain-product
cocoaPodsInstalled=true
xcodeToolsInstalled=true
iosToolchainAvailable=true
explicitEnableIos=false
enableIos=false
w: ⚠️ Unused Kotlin Source Sets
The Kotlin source set commonTest was configured but not added to any Kotlin compilation.
Solution: You can add a source set to a target's compilation by connecting it with the compilation's default source set using 'dependsOn'.
See https://kotl.in/connecting-source-sets


> Configure project :shared-release-1.7.0-9q2u2wrq:feature-auth
cocoaPodsInstalled=true
xcodeToolsInstalled=true
iosToolchainAvailable=true
explicitEnableIos=false
enableIos=false

> Configure project :shared-release-1.7.0-9q2u2wrq:feature-device-event
cocoaPodsInstalled=true
xcodeToolsInstalled=true
iosToolchainAvailable=true
explicitEnableIos=false
enableIos=false
w: ⚠️ Unused Kotlin Source Sets
The Kotlin source set commonTest was configured but not added to any Kotlin compilation.
Solution: You can add a source set to a target's compilation by connecting it with the compilation's default source set using 'dependsOn'.
See https://kotl.in/connecting-source-sets


> Configure project :shared-release-1.7.0-9q2u2wrq:feature-home-management
cocoaPodsInstalled=true
xcodeToolsInstalled=true
iosToolchainAvailable=true
explicitEnableIos=false
enableIos=false

> Configure project :shared-release-1.7.0-9q2u2wrq:feature-ota
cocoaPodsInstalled=true
xcodeToolsInstalled=true
iosToolchainAvailable=true
explicitEnableIos=false
enableIos=false

> Configure project :shared-release-1.7.0-9q2u2wrq:feature-playback
cocoaPodsInstalled=true
xcodeToolsInstalled=true
iosToolchainAvailable=true
explicitEnableIos=false
enableIos=false

> Configure project :shared-release-1.7.0-9q2u2wrq:feature-third-party-services
cocoaPodsInstalled=true
xcodeToolsInstalled=true
iosToolchainAvailable=true
explicitEnableIos=false
enableIos=false
WARNING: The 'commonTest' source directory exists, but android host tests are not enabled. To enable android host tests, add `withHostTest {}` to your android target configuration in the Gradle build file.
w: ⚠️ Unused Kotlin Source Sets
The Kotlin source set commonTest was configured but not added to any Kotlin compilation.
Solution: You can add a source set to a target's compilation by connecting it with the compilation's default source set using 'dependsOn'.
See https://kotl.in/connecting-source-sets


> Configure project :shared-release-1.7.0-9q2u2wrq:sample
cocoaPodsInstalled=true
xcodeToolsInstalled=true
iosToolchainAvailable=true
explicitEnableIos=false
enableIos=false

> Configure project :shared-release-1.7.0-9q2u2wrq:ugreen-strings-kmp
cocoaPodsInstalled=true
xcodeToolsInstalled=true
iosToolchainAvailable=true
explicitEnableIos=false
enableIos=false

> Task :app:dependencyInsight
com.google.firebase:firebase-analytics:23.0.0 (by constraint)
  Variant runtime:
    | Attribute Name                                        | Provided     | Requested    |
    |-------------------------------------------------------|--------------|--------------|
    | org.gradle.libraryelements                            | jar          |              |
    | org.gradle.status                                     | release      |              |
    | org.gradle.category                                   | library      | library      |
    | org.gradle.usage                                      | java-runtime | java-runtime |
    | com.android.build.api.attributes.AgpVersionAttr       |              | 9.2.1        |
    | com.android.build.api.attributes.BuildTypeAttr        |              | debug        |
    | com.android.build.api.attributes.ProductFlavor:market |              | overseas     |
    | org.gradle.jvm.environment                            |              | android      |
    | org.jetbrains.kotlin.platform.type                    |              | androidJvm   |

com.google.firebase:firebase-analytics:23.0.0
\--- com.google.firebase:firebase-bom:34.7.0
     +--- project :push-google
     |    \--- overseasDebugRuntimeClasspath
     \--- project :crash-report-firebase
          \--- overseasDebugRuntimeClasspath

com.google.firebase:firebase-analytics -> 23.0.0
\--- project :crash-report-firebase
     \--- overseasDebugRuntimeClasspath

com.google.firebase:firebase-annotations:17.0.0
  Variant runtimeElements:
    | Attribute Name                                        | Provided     | Requested    |
    |-------------------------------------------------------|--------------|--------------|
    | org.gradle.dependency.bundling                        | external     |              |
    | org.gradle.jvm.version                                | 8            |              |
    | org.gradle.libraryelements                            | jar          |              |
    | org.gradle.status                                     | release      |              |
    | org.gradle.category                                   | library      | library      |
    | org.gradle.usage                                      | java-runtime | java-runtime |
    | com.android.build.api.attributes.AgpVersionAttr       |              | 9.2.1        |
    | com.android.build.api.attributes.BuildTypeAttr        |              | debug        |
    | com.android.build.api.attributes.ProductFlavor:market |              | overseas     |
    | org.gradle.jvm.environment                            |              | android      |
    | org.jetbrains.kotlin.platform.type                    |              | androidJvm   |
   Selection reasons:
      - By conflict resolution: between versions 17.0.0, 16.0.0 and 16.2.0

com.google.firebase:firebase-annotations:17.0.0
+--- com.google.firebase:firebase-common:22.0.1
|    +--- com.google.firebase:firebase-bom:34.7.0
|    |    +--- project :push-google
|    |    |    \--- overseasDebugRuntimeClasspath
|    |    \--- project :crash-report-firebase
|    |         \--- overseasDebugRuntimeClasspath
|    +--- com.google.firebase:firebase-messaging:25.0.1
|    |    +--- project :push-google (requested com.google.firebase:firebase-messaging) (*)
|    |    \--- com.google.firebase:firebase-bom:34.7.0 (*)
|    +--- com.google.firebase:firebase-crashlytics-ndk:20.0.3
|    |    +--- project :crash-report-firebase (requested com.google.firebase:firebase-crashlytics-ndk) (*)
|    |    \--- com.google.firebase:firebase-bom:34.7.0 (*)
|    +--- com.google.firebase:firebase-crashlytics:20.0.3
|    |    +--- project :crash-report-firebase (requested com.google.firebase:firebase-crashlytics) (*)
|    |    +--- com.google.firebase:firebase-bom:34.7.0 (*)
|    |    \--- com.google.firebase:firebase-crashlytics-ndk:20.0.3 (*)
|    +--- com.google.android.gms:play-services-measurement-api:23.0.0 (requested com.google.firebase:firebase-common:21.0.0)
|    |    \--- com.google.firebase:firebase-analytics:23.0.0
|    |         +--- project :crash-report-firebase (requested com.google.firebase:firebase-analytics) (*)
|    |         \--- com.google.firebase:firebase-bom:34.7.0 (*)
|    +--- com.google.firebase:firebase-sessions:3.0.3
|    |    \--- com.google.firebase:firebase-crashlytics:20.0.3 (*)
|    \--- com.google.firebase:firebase-installations:19.0.1
|         +--- com.google.firebase:firebase-bom:34.7.0 (*)
|         +--- com.google.firebase:firebase-messaging:25.0.1 (requested com.google.firebase:firebase-installations:18.0.0) (*)
|         +--- com.google.firebase:firebase-crashlytics:20.0.3 (requested com.google.firebase:firebase-installations:18.0.0) (*)
|         +--- com.google.android.gms:play-services-measurement-api:23.0.0 (requested com.google.firebase:firebase-installations:17.0.1) (*)
|         \--- com.google.firebase:firebase-sessions:3.0.3 (requested com.google.firebase:firebase-installations:18.0.0) (*)
+--- com.google.firebase:firebase-components:19.0.0
|    +--- com.google.mlkit:face-detection:16.1.7 (requested com.google.firebase:firebase-components:16.1.0)
|    |    \--- project :camera
|    |         \--- overseasDebugRuntimeClasspath
|    +--- com.google.android.gms:play-services-mlkit-face-detection:17.1.0 (requested com.google.firebase:firebase-components:16.1.0)
|    |    \--- com.google.mlkit:face-detection:16.1.7 (*)
|    +--- com.google.mlkit:vision-common:17.2.0 (requested com.google.firebase:firebase-components:16.1.0)
|    |    \--- com.google.android.gms:play-services-mlkit-face-detection:17.1.0 (*)
|    +--- com.google.mlkit:common:18.11.0 (requested com.google.firebase:firebase-components:16.1.0)
|    |    +--- com.google.mlkit:face-detection:16.1.7 (*)
|    |    +--- com.google.android.gms:play-services-mlkit-face-detection:17.1.0 (requested com.google.mlkit:common:18.5.0) (*)
|    |    \--- com.google.mlkit:vision-common:17.2.0 (requested com.google.mlkit:common:18.5.0) (*)
|    +--- com.google.firebase:firebase-messaging:25.0.1 (*)
|    +--- com.google.firebase:firebase-crashlytics-ndk:20.0.3 (*)
|    +--- com.google.firebase:firebase-crashlytics:20.0.3 (*)
|    +--- com.google.android.gms:play-services-measurement-api:23.0.0 (requested com.google.firebase:firebase-components:18.0.0) (*)
|    +--- com.google.firebase:firebase-sessions:3.0.3 (*)
|    +--- com.google.firebase:firebase-installations:19.0.1 (*)
|    \--- com.google.firebase:firebase-common:22.0.1 (*)
+--- com.google.firebase:firebase-crashlytics:20.0.3 (*)
+--- com.google.firebase:firebase-installations:19.0.1 (*)
\--- com.google.firebase:firebase-sessions:3.0.3 (*)

com.google.firebase:firebase-annotations:16.0.0 -> 17.0.0
\--- com.google.firebase:firebase-measurement-connector:20.0.1
     +--- com.google.firebase:firebase-messaging:25.0.1 (requested com.google.firebase:firebase-measurement-connector:19.0.0)
     |    +--- project :push-google (requested com.google.firebase:firebase-messaging)
     |    |    \--- overseasDebugRuntimeClasspath
     |    \--- com.google.firebase:firebase-bom:34.7.0
     |         +--- project :push-google (*)
     |         \--- project :crash-report-firebase
     |              \--- overseasDebugRuntimeClasspath
     +--- com.google.firebase:firebase-crashlytics:20.0.3
     |    +--- project :crash-report-firebase (requested com.google.firebase:firebase-crashlytics) (*)
     |    +--- com.google.firebase:firebase-bom:34.7.0 (*)
     |    \--- com.google.firebase:firebase-crashlytics-ndk:20.0.3
     |         +--- project :crash-report-firebase (requested com.google.firebase:firebase-crashlytics-ndk) (*)
     |         \--- com.google.firebase:firebase-bom:34.7.0 (*)
     \--- com.google.android.gms:play-services-measurement-api:23.0.0 (requested com.google.firebase:firebase-measurement-connector:19.0.0)
          \--- com.google.firebase:firebase-analytics:23.0.0
               +--- project :crash-report-firebase (requested com.google.firebase:firebase-analytics) (*)
               \--- com.google.firebase:firebase-bom:34.7.0 (*)

com.google.firebase:firebase-annotations:16.2.0 -> 17.0.0
\--- com.google.firebase:firebase-installations-interop:17.2.0
     +--- com.google.firebase:firebase-messaging:25.0.1 (requested com.google.firebase:firebase-installations-interop:17.1.0)
     |    +--- project :push-google (requested com.google.firebase:firebase-messaging)
     |    |    \--- overseasDebugRuntimeClasspath
     |    \--- com.google.firebase:firebase-bom:34.7.0
     |         +--- project :push-google (*)
     |         \--- project :crash-report-firebase
     |              \--- overseasDebugRuntimeClasspath
     +--- com.google.firebase:firebase-crashlytics:20.0.3
     |    +--- project :crash-report-firebase (requested com.google.firebase:firebase-crashlytics) (*)
     |    +--- com.google.firebase:firebase-bom:34.7.0 (*)
     |    \--- com.google.firebase:firebase-crashlytics-ndk:20.0.3
     |         +--- project :crash-report-firebase (requested com.google.firebase:firebase-crashlytics-ndk) (*)
     |         \--- com.google.firebase:firebase-bom:34.7.0 (*)
     +--- com.google.android.gms:play-services-measurement-api:23.0.0 (requested com.google.firebase:firebase-installations-interop:17.0.0)
     |    \--- com.google.firebase:firebase-analytics:23.0.0
     |         +--- project :crash-report-firebase (requested com.google.firebase:firebase-analytics) (*)
     |         \--- com.google.firebase:firebase-bom:34.7.0 (*)
     +--- com.google.firebase:firebase-sessions:3.0.3
     |    \--- com.google.firebase:firebase-crashlytics:20.0.3 (*)
     \--- com.google.firebase:firebase-installations:19.0.1 (requested com.google.firebase:firebase-installations-interop:17.1.1)
          +--- com.google.firebase:firebase-bom:34.7.0 (*)
          +--- com.google.firebase:firebase-messaging:25.0.1 (requested com.google.firebase:firebase-installations:18.0.0) (*)
          +--- com.google.firebase:firebase-crashlytics:20.0.3 (requested com.google.firebase:firebase-installations:18.0.0) (*)
          +--- com.google.android.gms:play-services-measurement-api:23.0.0 (requested com.google.firebase:firebase-installations:17.0.1) (*)
          \--- com.google.firebase:firebase-sessions:3.0.3 (requested com.google.firebase:firebase-installations:18.0.0) (*)

com.google.firebase:firebase-bom:34.7.0
  Variant platform-runtime:
    | Attribute Name                                        | Provided     | Requested    |
    |-------------------------------------------------------|--------------|--------------|
    | org.gradle.status                                     | release      |              |
    | org.gradle.category                                   | platform     | platform     |
    | org.gradle.usage                                      | java-runtime | java-runtime |
    | com.android.build.api.attributes.AgpVersionAttr       |              | 9.2.1        |
    | com.android.build.api.attributes.BuildTypeAttr        |              | debug        |
    | com.android.build.api.attributes.ProductFlavor:market |              | overseas     |
    | org.gradle.jvm.environment                            |              | android      |
    | org.jetbrains.kotlin.platform.type                    |              | androidJvm   |

com.google.firebase:firebase-bom:34.7.0
+--- project :crash-report-firebase
|    \--- overseasDebugRuntimeClasspath
\--- project :push-google
     \--- overseasDebugRuntimeClasspath

com.google.firebase:firebase-common:22.0.1
  Variant runtime:
    | Attribute Name                                        | Provided     | Requested    |
    |-------------------------------------------------------|--------------|--------------|
    | org.gradle.libraryelements                            | jar          |              |
    | org.gradle.status                                     | release      |              |
    | org.gradle.category                                   | library      | library      |
    | org.gradle.usage                                      | java-runtime | java-runtime |
    | com.android.build.api.attributes.AgpVersionAttr       |              | 9.2.1        |
    | com.android.build.api.attributes.BuildTypeAttr        |              | debug        |
    | com.android.build.api.attributes.ProductFlavor:market |              | overseas     |
    | org.gradle.jvm.environment                            |              | android      |
    | org.jetbrains.kotlin.platform.type                    |              | androidJvm   |
   Selection reasons:
      - By constraint
      - By conflict resolution: between versions 22.0.1 and 21.0.0

com.google.firebase:firebase-common:22.0.1
+--- com.google.firebase:firebase-bom:34.7.0
|    +--- project :push-google
|    |    \--- overseasDebugRuntimeClasspath
|    \--- project :crash-report-firebase
|         \--- overseasDebugRuntimeClasspath
+--- com.google.firebase:firebase-crashlytics:20.0.3
|    +--- project :crash-report-firebase (requested com.google.firebase:firebase-crashlytics) (*)
|    +--- com.google.firebase:firebase-bom:34.7.0 (*)
|    \--- com.google.firebase:firebase-crashlytics-ndk:20.0.3
|         +--- project :crash-report-firebase (requested com.google.firebase:firebase-crashlytics-ndk) (*)
|         \--- com.google.firebase:firebase-bom:34.7.0 (*)
+--- com.google.firebase:firebase-crashlytics-ndk:20.0.3 (*)
+--- com.google.firebase:firebase-installations:19.0.1
|    +--- com.google.firebase:firebase-bom:34.7.0 (*)
|    +--- com.google.firebase:firebase-messaging:25.0.1 (requested com.google.firebase:firebase-installations:18.0.0)
|    |    +--- project :push-google (requested com.google.firebase:firebase-messaging) (*)
|    |    \--- com.google.firebase:firebase-bom:34.7.0 (*)
|    +--- com.google.firebase:firebase-crashlytics:20.0.3 (requested com.google.firebase:firebase-installations:18.0.0) (*)
|    +--- com.google.android.gms:play-services-measurement-api:23.0.0 (requested com.google.firebase:firebase-installations:17.0.1)
|    |    \--- com.google.firebase:firebase-analytics:23.0.0
|    |         +--- project :crash-report-firebase (requested com.google.firebase:firebase-analytics) (*)
|    |         \--- com.google.firebase:firebase-bom:34.7.0 (*)
|    \--- com.google.firebase:firebase-sessions:3.0.3 (requested com.google.firebase:firebase-installations:18.0.0)
|         \--- com.google.firebase:firebase-crashlytics:20.0.3 (*)
+--- com.google.firebase:firebase-messaging:25.0.1 (*)
\--- com.google.firebase:firebase-sessions:3.0.3 (*)

com.google.firebase:firebase-common:21.0.0 -> 22.0.1
\--- com.google.android.gms:play-services-measurement-api:23.0.0
     \--- com.google.firebase:firebase-analytics:23.0.0
          +--- project :crash-report-firebase (requested com.google.firebase:firebase-analytics)
          |    \--- overseasDebugRuntimeClasspath
          \--- com.google.firebase:firebase-bom:34.7.0
               +--- project :push-google
               |    \--- overseasDebugRuntimeClasspath
               \--- project :crash-report-firebase (*)

com.google.firebase:firebase-components:19.0.0
  Variant runtime:
    | Attribute Name                                        | Provided     | Requested    |
    |-------------------------------------------------------|--------------|--------------|
    | org.gradle.libraryelements                            | jar          |              |
    | org.gradle.status                                     | release      |              |
    | org.gradle.category                                   | library      | library      |
    | org.gradle.usage                                      | java-runtime | java-runtime |
    | com.android.build.api.attributes.AgpVersionAttr       |              | 9.2.1        |
    | com.android.build.api.attributes.BuildTypeAttr        |              | debug        |
    | com.android.build.api.attributes.ProductFlavor:market |              | overseas     |
    | org.gradle.jvm.environment                            |              | android      |
    | org.jetbrains.kotlin.platform.type                    |              | androidJvm   |
   Selection reasons:
      - By conflict resolution: between versions 19.0.0, 16.1.0 and 18.0.0

com.google.firebase:firebase-components:19.0.0
+--- com.google.firebase:firebase-common:22.0.1
|    +--- com.google.firebase:firebase-bom:34.7.0
|    |    +--- project :push-google
|    |    |    \--- overseasDebugRuntimeClasspath
|    |    \--- project :crash-report-firebase
|    |         \--- overseasDebugRuntimeClasspath
|    +--- com.google.firebase:firebase-messaging:25.0.1
|    |    +--- project :push-google (requested com.google.firebase:firebase-messaging) (*)
|    |    \--- com.google.firebase:firebase-bom:34.7.0 (*)
|    +--- com.google.firebase:firebase-crashlytics-ndk:20.0.3
|    |    +--- project :crash-report-firebase (requested com.google.firebase:firebase-crashlytics-ndk) (*)
|    |    \--- com.google.firebase:firebase-bom:34.7.0 (*)
|    +--- com.google.firebase:firebase-crashlytics:20.0.3
|    |    +--- project :crash-report-firebase (requested com.google.firebase:firebase-crashlytics) (*)
|    |    +--- com.google.firebase:firebase-bom:34.7.0 (*)
|    |    \--- com.google.firebase:firebase-crashlytics-ndk:20.0.3 (*)
|    +--- com.google.android.gms:play-services-measurement-api:23.0.0 (requested com.google.firebase:firebase-common:21.0.0)
|    |    \--- com.google.firebase:firebase-analytics:23.0.0
|    |         +--- project :crash-report-firebase (requested com.google.firebase:firebase-analytics) (*)
|    |         \--- com.google.firebase:firebase-bom:34.7.0 (*)
|    +--- com.google.firebase:firebase-sessions:3.0.3
|    |    \--- com.google.firebase:firebase-crashlytics:20.0.3 (*)
|    \--- com.google.firebase:firebase-installations:19.0.1
|         +--- com.google.firebase:firebase-bom:34.7.0 (*)
|         +--- com.google.firebase:firebase-messaging:25.0.1 (requested com.google.firebase:firebase-installations:18.0.0) (*)
|         +--- com.google.firebase:firebase-crashlytics:20.0.3 (requested com.google.firebase:firebase-installations:18.0.0) (*)
|         +--- com.google.android.gms:play-services-measurement-api:23.0.0 (requested com.google.firebase:firebase-installations:17.0.1) (*)
|         \--- com.google.firebase:firebase-sessions:3.0.3 (requested com.google.firebase:firebase-installations:18.0.0) (*)
+--- com.google.firebase:firebase-crashlytics:20.0.3 (*)
+--- com.google.firebase:firebase-crashlytics-ndk:20.0.3 (*)
+--- com.google.firebase:firebase-installations:19.0.1 (*)
+--- com.google.firebase:firebase-messaging:25.0.1 (*)
\--- com.google.firebase:firebase-sessions:3.0.3 (*)

com.google.firebase:firebase-components:16.1.0 -> 19.0.0
+--- com.google.android.gms:play-services-mlkit-face-detection:17.1.0
|    \--- com.google.mlkit:face-detection:16.1.7
|         \--- project :camera
|              \--- overseasDebugRuntimeClasspath
+--- com.google.mlkit:common:18.11.0
|    +--- com.google.mlkit:face-detection:16.1.7 (*)
|    +--- com.google.android.gms:play-services-mlkit-face-detection:17.1.0 (requested com.google.mlkit:common:18.5.0) (*)
|    \--- com.google.mlkit:vision-common:17.2.0 (requested com.google.mlkit:common:18.5.0)
|         \--- com.google.android.gms:play-services-mlkit-face-detection:17.1.0 (*)
+--- com.google.mlkit:face-detection:16.1.7 (*)
\--- com.google.mlkit:vision-common:17.2.0 (*)

com.google.firebase:firebase-components:18.0.0 -> 19.0.0
\--- com.google.android.gms:play-services-measurement-api:23.0.0
     \--- com.google.firebase:firebase-analytics:23.0.0
          +--- project :crash-report-firebase (requested com.google.firebase:firebase-analytics)
          |    \--- overseasDebugRuntimeClasspath
          \--- com.google.firebase:firebase-bom:34.7.0
               +--- project :push-google
               |    \--- overseasDebugRuntimeClasspath
               \--- project :crash-report-firebase (*)

com.google.firebase:firebase-config-interop:16.0.1
  Variant runtime:
    | Attribute Name                                        | Provided     | Requested    |
    |-------------------------------------------------------|--------------|--------------|
    | org.gradle.libraryelements                            | jar          |              |
    | org.gradle.status                                     | release      |              |
    | org.gradle.category                                   | library      | library      |
    | org.gradle.usage                                      | java-runtime | java-runtime |
    | com.android.build.api.attributes.AgpVersionAttr       |              | 9.2.1        |
    | com.android.build.api.attributes.BuildTypeAttr        |              | debug        |
    | com.android.build.api.attributes.ProductFlavor:market |              | overseas     |
    | org.gradle.jvm.environment                            |              | android      |
    | org.jetbrains.kotlin.platform.type                    |              | androidJvm   |

com.google.firebase:firebase-config-interop:16.0.1
\--- com.google.firebase:firebase-crashlytics:20.0.3
     +--- project :crash-report-firebase (requested com.google.firebase:firebase-crashlytics)
     |    \--- overseasDebugRuntimeClasspath
     +--- com.google.firebase:firebase-bom:34.7.0
     |    +--- project :push-google
     |    |    \--- overseasDebugRuntimeClasspath
     |    \--- project :crash-report-firebase (*)
     \--- com.google.firebase:firebase-crashlytics-ndk:20.0.3
          +--- project :crash-report-firebase (requested com.google.firebase:firebase-crashlytics-ndk) (*)
          \--- com.google.firebase:firebase-bom:34.7.0 (*)

com.google.firebase:firebase-crashlytics:20.0.3 (by constraint)
  Variant runtime:
    | Attribute Name                                        | Provided     | Requested    |
    |-------------------------------------------------------|--------------|--------------|
    | org.gradle.libraryelements                            | jar          |              |
    | org.gradle.status                                     | release      |              |
    | org.gradle.category                                   | library      | library      |
    | org.gradle.usage                                      | java-runtime | java-runtime |
    | com.android.build.api.attributes.AgpVersionAttr       |              | 9.2.1        |
    | com.android.build.api.attributes.BuildTypeAttr        |              | debug        |
    | com.android.build.api.attributes.ProductFlavor:market |              | overseas     |
    | org.gradle.jvm.environment                            |              | android      |
    | org.jetbrains.kotlin.platform.type                    |              | androidJvm   |

com.google.firebase:firebase-crashlytics:20.0.3
+--- com.google.firebase:firebase-bom:34.7.0
|    +--- project :push-google
|    |    \--- overseasDebugRuntimeClasspath
|    \--- project :crash-report-firebase
|         \--- overseasDebugRuntimeClasspath
\--- com.google.firebase:firebase-crashlytics-ndk:20.0.3
     +--- project :crash-report-firebase (requested com.google.firebase:firebase-crashlytics-ndk) (*)
     \--- com.google.firebase:firebase-bom:34.7.0 (*)

com.google.firebase:firebase-crashlytics -> 20.0.3
\--- project :crash-report-firebase
     \--- overseasDebugRuntimeClasspath

com.google.firebase:firebase-crashlytics-ndk:20.0.3 (by constraint)
  Variant runtime:
    | Attribute Name                                        | Provided     | Requested    |
    |-------------------------------------------------------|--------------|--------------|
    | org.gradle.libraryelements                            | jar          |              |
    | org.gradle.status                                     | release      |              |
    | org.gradle.category                                   | library      | library      |
    | org.gradle.usage                                      | java-runtime | java-runtime |
    | com.android.build.api.attributes.AgpVersionAttr       |              | 9.2.1        |
    | com.android.build.api.attributes.BuildTypeAttr        |              | debug        |
    | com.android.build.api.attributes.ProductFlavor:market |              | overseas     |
    | org.gradle.jvm.environment                            |              | android      |
    | org.jetbrains.kotlin.platform.type                    |              | androidJvm   |

com.google.firebase:firebase-crashlytics-ndk:20.0.3
\--- com.google.firebase:firebase-bom:34.7.0
     +--- project :push-google
     |    \--- overseasDebugRuntimeClasspath
     \--- project :crash-report-firebase
          \--- overseasDebugRuntimeClasspath

com.google.firebase:firebase-crashlytics-ndk -> 20.0.3
\--- project :crash-report-firebase
     \--- overseasDebugRuntimeClasspath

com.google.firebase:firebase-datatransport:19.0.0
  Variant runtime:
    | Attribute Name                                        | Provided     | Requested    |
    |-------------------------------------------------------|--------------|--------------|
    | org.gradle.libraryelements                            | jar          |              |
    | org.gradle.status                                     | release      |              |
    | org.gradle.category                                   | library      | library      |
    | org.gradle.usage                                      | java-runtime | java-runtime |
    | com.android.build.api.attributes.AgpVersionAttr       |              | 9.2.1        |
    | com.android.build.api.attributes.BuildTypeAttr        |              | debug        |
    | com.android.build.api.attributes.ProductFlavor:market |              | overseas     |
    | org.gradle.jvm.environment                            |              | android      |
    | org.jetbrains.kotlin.platform.type                    |              | androidJvm   |
   Selection reasons:
      - By conflict resolution: between versions 19.0.0 and 18.2.0

com.google.firebase:firebase-datatransport:19.0.0
\--- com.google.firebase:firebase-sessions:3.0.3
     \--- com.google.firebase:firebase-crashlytics:20.0.3
          +--- project :crash-report-firebase (requested com.google.firebase:firebase-crashlytics)
          |    \--- overseasDebugRuntimeClasspath
          +--- com.google.firebase:firebase-bom:34.7.0
          |    +--- project :push-google
          |    |    \--- overseasDebugRuntimeClasspath
          |    \--- project :crash-report-firebase (*)
          \--- com.google.firebase:firebase-crashlytics-ndk:20.0.3
               +--- project :crash-report-firebase (requested com.google.firebase:firebase-crashlytics-ndk) (*)
               \--- com.google.firebase:firebase-bom:34.7.0 (*)

com.google.firebase:firebase-datatransport:18.2.0 -> 19.0.0
\--- com.google.firebase:firebase-messaging:25.0.1
     +--- project :push-google (requested com.google.firebase:firebase-messaging)
     |    \--- overseasDebugRuntimeClasspath
     \--- com.google.firebase:firebase-bom:34.7.0
          +--- project :push-google (*)
          \--- project :crash-report-firebase
               \--- overseasDebugRuntimeClasspath

com.google.firebase:firebase-encoders:17.0.0
  Variant runtime:
    | Attribute Name                                        | Provided     | Requested    |
    |-------------------------------------------------------|--------------|--------------|
    | org.gradle.libraryelements                            | jar          |              |
    | org.gradle.status                                     | release      |              |
    | org.gradle.category                                   | library      | library      |
    | org.gradle.usage                                      | java-runtime | java-runtime |
    | com.android.build.api.attributes.AgpVersionAttr       |              | 9.2.1        |
    | com.android.build.api.attributes.BuildTypeAttr        |              | debug        |
    | com.android.build.api.attributes.ProductFlavor:market |              | overseas     |
    | org.gradle.jvm.environment                            |              | android      |
    | org.jetbrains.kotlin.platform.type                    |              | androidJvm   |
   Selection reasons:
      - By constraint
      - By conflict resolution: between versions 17.0.0 and 16.1.0

com.google.firebase:firebase-encoders:17.0.0
+--- com.google.android.datatransport:transport-backend-cct:3.3.0
|    +--- com.google.mlkit:face-detection:16.1.7 (requested com.google.android.datatransport:transport-backend-cct:2.3.3)
|    |    \--- project :camera
|    |         \--- overseasDebugRuntimeClasspath
|    +--- com.google.android.gms:play-services-mlkit-face-detection:17.1.0 (requested com.google.android.datatransport:transport-backend-cct:2.3.3)
|    |    \--- com.google.mlkit:face-detection:16.1.7 (*)
|    +--- com.google.mlkit:vision-common:17.2.0 (requested com.google.android.datatransport:transport-backend-cct:2.3.3)
|    |    \--- com.google.android.gms:play-services-mlkit-face-detection:17.1.0 (*)
|    +--- com.google.mlkit:common:18.11.0 (requested com.google.android.datatransport:transport-backend-cct:2.3.3)
|    |    +--- com.google.mlkit:face-detection:16.1.7 (*)
|    |    +--- com.google.android.gms:play-services-mlkit-face-detection:17.1.0 (requested com.google.mlkit:common:18.5.0) (*)
|    |    \--- com.google.mlkit:vision-common:17.2.0 (requested com.google.mlkit:common:18.5.0) (*)
|    +--- com.android.billingclient:billing:7.0.0 (requested com.google.android.datatransport:transport-backend-cct:3.1.8)
|    |    \--- com.android.billingclient:billing-ktx:7.0.0
|    |         \--- overseasDebugRuntimeClasspath
|    +--- com.google.firebase:firebase-messaging:25.0.1 (requested com.google.android.datatransport:transport-backend-cct:3.1.8)
|    |    +--- project :push-google (requested com.google.firebase:firebase-messaging)
|    |    |    \--- overseasDebugRuntimeClasspath
|    |    \--- com.google.firebase:firebase-bom:34.7.0
|    |         +--- project :push-google (*)
|    |         \--- project :crash-report-firebase
|    |              \--- overseasDebugRuntimeClasspath
|    +--- com.google.firebase:firebase-crashlytics:20.0.3
|    |    +--- project :crash-report-firebase (requested com.google.firebase:firebase-crashlytics) (*)
|    |    +--- com.google.firebase:firebase-bom:34.7.0 (*)
|    |    \--- com.google.firebase:firebase-crashlytics-ndk:20.0.3
|    |         +--- project :crash-report-firebase (requested com.google.firebase:firebase-crashlytics-ndk) (*)
|    |         \--- com.google.firebase:firebase-bom:34.7.0 (*)
|    \--- com.google.firebase:firebase-datatransport:19.0.0 (requested com.google.android.datatransport:transport-backend-cct:3.2.0)
|         +--- com.google.firebase:firebase-messaging:25.0.1 (requested com.google.firebase:firebase-datatransport:18.2.0) (*)
|         \--- com.google.firebase:firebase-sessions:3.0.3
|              \--- com.google.firebase:firebase-crashlytics:20.0.3 (*)
+--- com.google.android.datatransport:transport-runtime:3.3.0
|    +--- com.google.mlkit:face-detection:16.1.7 (requested com.google.android.datatransport:transport-runtime:2.2.6) (*)
|    +--- com.google.android.gms:play-services-mlkit-face-detection:17.1.0 (requested com.google.android.datatransport:transport-runtime:2.2.6) (*)
|    +--- com.google.mlkit:vision-common:17.2.0 (requested com.google.android.datatransport:transport-runtime:2.2.6) (*)
|    +--- com.google.mlkit:common:18.11.0 (requested com.google.android.datatransport:transport-runtime:2.2.6) (*)
|    +--- com.android.billingclient:billing:7.0.0 (requested com.google.android.datatransport:transport-runtime:3.1.8) (*)
|    +--- com.google.firebase:firebase-messaging:25.0.1 (requested com.google.android.datatransport:transport-runtime:3.1.8) (*)
|    +--- com.google.firebase:firebase-crashlytics:20.0.3 (*)
|    +--- com.google.firebase:firebase-datatransport:19.0.0 (requested com.google.android.datatransport:transport-runtime:3.2.0) (*)
|    \--- com.google.android.datatransport:transport-backend-cct:3.3.0 (*)
+--- com.google.firebase:firebase-bom:34.7.0 (*)
+--- com.google.firebase:firebase-config-interop:16.0.1
|    \--- com.google.firebase:firebase-crashlytics:20.0.3 (*)
+--- com.google.firebase:firebase-crashlytics:20.0.3 (*)
+--- com.google.firebase:firebase-encoders-json:18.0.1
|    +--- com.google.mlkit:face-detection:16.1.7 (requested com.google.firebase:firebase-encoders-json:17.1.0) (*)
|    +--- com.google.android.gms:play-services-mlkit-face-detection:17.1.0 (requested com.google.firebase:firebase-encoders-json:17.1.0) (*)
|    +--- com.google.mlkit:vision-common:17.2.0 (requested com.google.firebase:firebase-encoders-json:17.1.0) (*)
|    +--- com.google.mlkit:common:18.11.0 (requested com.google.firebase:firebase-encoders-json:17.1.0) (*)
|    +--- com.google.firebase:firebase-messaging:25.0.1 (requested com.google.firebase:firebase-encoders-json:18.0.0) (*)
|    +--- com.google.firebase:firebase-crashlytics:20.0.3 (*)
|    +--- com.google.firebase:firebase-sessions:3.0.3 (*)
|    +--- com.google.android.datatransport:transport-backend-cct:3.3.0 (requested com.google.firebase:firebase-encoders-json:18.0.0) (*)
|    \--- com.google.firebase:firebase-config-interop:16.0.1 (*)
+--- com.google.firebase:firebase-encoders-proto:16.0.0
|    +--- com.google.firebase:firebase-messaging:25.0.1 (*)
|    \--- com.google.android.datatransport:transport-runtime:3.3.0 (*)
+--- com.google.firebase:firebase-messaging:25.0.1 (*)
\--- com.google.firebase:firebase-sessions:3.0.3 (*)

com.google.firebase:firebase-encoders:16.1.0 -> 17.0.0
+--- com.google.android.gms:play-services-mlkit-face-detection:17.1.0
|    \--- com.google.mlkit:face-detection:16.1.7
|         \--- project :camera
|              \--- overseasDebugRuntimeClasspath
+--- com.google.mlkit:common:18.11.0
|    +--- com.google.mlkit:face-detection:16.1.7 (*)
|    +--- com.google.android.gms:play-services-mlkit-face-detection:17.1.0 (requested com.google.mlkit:common:18.5.0) (*)
|    \--- com.google.mlkit:vision-common:17.2.0 (requested com.google.mlkit:common:18.5.0)
|         \--- com.google.android.gms:play-services-mlkit-face-detection:17.1.0 (*)
+--- com.google.mlkit:face-detection:16.1.7 (*)
\--- com.google.mlkit:vision-common:17.2.0 (*)

com.google.firebase:firebase-encoders-json:18.0.1
  Variant runtime:
    | Attribute Name                                        | Provided     | Requested    |
    |-------------------------------------------------------|--------------|--------------|
    | org.gradle.libraryelements                            | jar          |              |
    | org.gradle.status                                     | release      |              |
    | org.gradle.category                                   | library      | library      |
    | org.gradle.usage                                      | java-runtime | java-runtime |
    | com.android.build.api.attributes.AgpVersionAttr       |              | 9.2.1        |
    | com.android.build.api.attributes.BuildTypeAttr        |              | debug        |
    | com.android.build.api.attributes.ProductFlavor:market |              | overseas     |
    | org.gradle.jvm.environment                            |              | android      |
    | org.jetbrains.kotlin.platform.type                    |              | androidJvm   |
   Selection reasons:
      - By conflict resolution: between versions 18.0.1, 18.0.0 and 17.1.0

com.google.firebase:firebase-encoders-json:18.0.1
+--- com.google.firebase:firebase-config-interop:16.0.1
|    \--- com.google.firebase:firebase-crashlytics:20.0.3
|         +--- project :crash-report-firebase (requested com.google.firebase:firebase-crashlytics)
|         |    \--- overseasDebugRuntimeClasspath
|         +--- com.google.firebase:firebase-bom:34.7.0
|         |    +--- project :push-google
|         |    |    \--- overseasDebugRuntimeClasspath
|         |    \--- project :crash-report-firebase (*)
|         \--- com.google.firebase:firebase-crashlytics-ndk:20.0.3
|              +--- project :crash-report-firebase (requested com.google.firebase:firebase-crashlytics-ndk) (*)
|              \--- com.google.firebase:firebase-bom:34.7.0 (*)
+--- com.google.firebase:firebase-crashlytics:20.0.3 (*)
\--- com.google.firebase:firebase-sessions:3.0.3
     \--- com.google.firebase:firebase-crashlytics:20.0.3 (*)

com.google.firebase:firebase-encoders-json:17.1.0 -> 18.0.1
+--- com.google.android.gms:play-services-mlkit-face-detection:17.1.0
|    \--- com.google.mlkit:face-detection:16.1.7
|         \--- project :camera
|              \--- overseasDebugRuntimeClasspath
+--- com.google.mlkit:common:18.11.0
|    +--- com.google.mlkit:face-detection:16.1.7 (*)
|    +--- com.google.android.gms:play-services-mlkit-face-detection:17.1.0 (requested com.google.mlkit:common:18.5.0) (*)
|    \--- com.google.mlkit:vision-common:17.2.0 (requested com.google.mlkit:common:18.5.0)
|         \--- com.google.android.gms:play-services-mlkit-face-detection:17.1.0 (*)
+--- com.google.mlkit:face-detection:16.1.7 (*)
\--- com.google.mlkit:vision-common:17.2.0 (*)

com.google.firebase:firebase-encoders-json:18.0.0 -> 18.0.1
+--- com.google.android.datatransport:transport-backend-cct:3.3.0
|    +--- com.google.mlkit:face-detection:16.1.7 (requested com.google.android.datatransport:transport-backend-cct:2.3.3)
|    |    \--- project :camera
|    |         \--- overseasDebugRuntimeClasspath
|    +--- com.google.android.gms:play-services-mlkit-face-detection:17.1.0 (requested com.google.android.datatransport:transport-backend-cct:2.3.3)
|    |    \--- com.google.mlkit:face-detection:16.1.7 (*)
|    +--- com.google.mlkit:vision-common:17.2.0 (requested com.google.android.datatransport:transport-backend-cct:2.3.3)
|    |    \--- com.google.android.gms:play-services-mlkit-face-detection:17.1.0 (*)
|    +--- com.google.mlkit:common:18.11.0 (requested com.google.android.datatransport:transport-backend-cct:2.3.3)
|    |    +--- com.google.mlkit:face-detection:16.1.7 (*)
|    |    +--- com.google.android.gms:play-services-mlkit-face-detection:17.1.0 (requested com.google.mlkit:common:18.5.0) (*)
|    |    \--- com.google.mlkit:vision-common:17.2.0 (requested com.google.mlkit:common:18.5.0) (*)
|    +--- com.android.billingclient:billing:7.0.0 (requested com.google.android.datatransport:transport-backend-cct:3.1.8)
|    |    \--- com.android.billingclient:billing-ktx:7.0.0
|    |         \--- overseasDebugRuntimeClasspath
|    +--- com.google.firebase:firebase-messaging:25.0.1 (requested com.google.android.datatransport:transport-backend-cct:3.1.8)
|    |    +--- project :push-google (requested com.google.firebase:firebase-messaging)
|    |    |    \--- overseasDebugRuntimeClasspath
|    |    \--- com.google.firebase:firebase-bom:34.7.0
|    |         +--- project :push-google (*)
|    |         \--- project :crash-report-firebase
|    |              \--- overseasDebugRuntimeClasspath
|    +--- com.google.firebase:firebase-crashlytics:20.0.3
|    |    +--- project :crash-report-firebase (requested com.google.firebase:firebase-crashlytics) (*)
|    |    +--- com.google.firebase:firebase-bom:34.7.0 (*)
|    |    \--- com.google.firebase:firebase-crashlytics-ndk:20.0.3
|    |         +--- project :crash-report-firebase (requested com.google.firebase:firebase-crashlytics-ndk) (*)
|    |         \--- com.google.firebase:firebase-bom:34.7.0 (*)
|    \--- com.google.firebase:firebase-datatransport:19.0.0 (requested com.google.android.datatransport:transport-backend-cct:3.2.0)
|         +--- com.google.firebase:firebase-messaging:25.0.1 (requested com.google.firebase:firebase-datatransport:18.2.0) (*)
|         \--- com.google.firebase:firebase-sessions:3.0.3
|              \--- com.google.firebase:firebase-crashlytics:20.0.3 (*)
\--- com.google.firebase:firebase-messaging:25.0.1 (*)

com.google.firebase:firebase-encoders-proto:16.0.0
  Variant runtime:
    | Attribute Name                                        | Provided     | Requested    |
    |-------------------------------------------------------|--------------|--------------|
    | org.gradle.libraryelements                            | jar          |              |
    | org.gradle.status                                     | release      |              |
    | org.gradle.category                                   | library      | library      |
    | org.gradle.usage                                      | java-runtime | java-runtime |
    | com.android.build.api.attributes.AgpVersionAttr       |              | 9.2.1        |
    | com.android.build.api.attributes.BuildTypeAttr        |              | debug        |
    | com.android.build.api.attributes.ProductFlavor:market |              | overseas     |
    | org.gradle.jvm.environment                            |              | android      |
    | org.jetbrains.kotlin.platform.type                    |              | androidJvm   |

com.google.firebase:firebase-encoders-proto:16.0.0
+--- com.google.android.datatransport:transport-runtime:3.3.0
|    +--- com.google.mlkit:face-detection:16.1.7 (requested com.google.android.datatransport:transport-runtime:2.2.6)
|    |    \--- project :camera
|    |         \--- overseasDebugRuntimeClasspath
|    +--- com.google.android.gms:play-services-mlkit-face-detection:17.1.0 (requested com.google.android.datatransport:transport-runtime:2.2.6)
|    |    \--- com.google.mlkit:face-detection:16.1.7 (*)
|    +--- com.google.mlkit:vision-common:17.2.0 (requested com.google.android.datatransport:transport-runtime:2.2.6)
|    |    \--- com.google.android.gms:play-services-mlkit-face-detection:17.1.0 (*)
|    +--- com.google.mlkit:common:18.11.0 (requested com.google.android.datatransport:transport-runtime:2.2.6)
|    |    +--- com.google.mlkit:face-detection:16.1.7 (*)
|    |    +--- com.google.android.gms:play-services-mlkit-face-detection:17.1.0 (requested com.google.mlkit:common:18.5.0) (*)
|    |    \--- com.google.mlkit:vision-common:17.2.0 (requested com.google.mlkit:common:18.5.0) (*)
|    +--- com.android.billingclient:billing:7.0.0 (requested com.google.android.datatransport:transport-runtime:3.1.8)
|    |    \--- com.android.billingclient:billing-ktx:7.0.0
|    |         \--- overseasDebugRuntimeClasspath
|    +--- com.google.firebase:firebase-messaging:25.0.1 (requested com.google.android.datatransport:transport-runtime:3.1.8)
|    |    +--- project :push-google (requested com.google.firebase:firebase-messaging)
|    |    |    \--- overseasDebugRuntimeClasspath
|    |    \--- com.google.firebase:firebase-bom:34.7.0
|    |         +--- project :push-google (*)
|    |         \--- project :crash-report-firebase
|    |              \--- overseasDebugRuntimeClasspath
|    +--- com.google.firebase:firebase-crashlytics:20.0.3
|    |    +--- project :crash-report-firebase (requested com.google.firebase:firebase-crashlytics) (*)
|    |    +--- com.google.firebase:firebase-bom:34.7.0 (*)
|    |    \--- com.google.firebase:firebase-crashlytics-ndk:20.0.3
|    |         +--- project :crash-report-firebase (requested com.google.firebase:firebase-crashlytics-ndk) (*)
|    |         \--- com.google.firebase:firebase-bom:34.7.0 (*)
|    +--- com.google.firebase:firebase-datatransport:19.0.0 (requested com.google.android.datatransport:transport-runtime:3.2.0)
|    |    +--- com.google.firebase:firebase-messaging:25.0.1 (requested com.google.firebase:firebase-datatransport:18.2.0) (*)
|    |    \--- com.google.firebase:firebase-sessions:3.0.3
|    |         \--- com.google.firebase:firebase-crashlytics:20.0.3 (*)
|    \--- com.google.android.datatransport:transport-backend-cct:3.3.0
|         +--- com.google.mlkit:face-detection:16.1.7 (requested com.google.android.datatransport:transport-backend-cct:2.3.3) (*)
|         +--- com.google.android.gms:play-services-mlkit-face-detection:17.1.0 (requested com.google.android.datatransport:transport-backend-cct:2.3.3) (*)
|         +--- com.google.mlkit:vision-common:17.2.0 (requested com.google.android.datatransport:transport-backend-cct:2.3.3) (*)
|         +--- com.google.mlkit:common:18.11.0 (requested com.google.android.datatransport:transport-backend-cct:2.3.3) (*)
|         +--- com.android.billingclient:billing:7.0.0 (requested com.google.android.datatransport:transport-backend-cct:3.1.8) (*)
|         +--- com.google.firebase:firebase-messaging:25.0.1 (requested com.google.android.datatransport:transport-backend-cct:3.1.8) (*)
|         +--- com.google.firebase:firebase-crashlytics:20.0.3 (*)
|         \--- com.google.firebase:firebase-datatransport:19.0.0 (requested com.google.android.datatransport:transport-backend-cct:3.2.0) (*)
\--- com.google.firebase:firebase-messaging:25.0.1 (*)

com.google.firebase:firebase-iid-interop:17.1.0
  Variant runtime:
    | Attribute Name                                        | Provided     | Requested    |
    |-------------------------------------------------------|--------------|--------------|
    | org.gradle.libraryelements                            | jar          |              |
    | org.gradle.status                                     | release      |              |
    | org.gradle.category                                   | library      | library      |
    | org.gradle.usage                                      | java-runtime | java-runtime |
    | com.android.build.api.attributes.AgpVersionAttr       |              | 9.2.1        |
    | com.android.build.api.attributes.BuildTypeAttr        |              | debug        |
    | com.android.build.api.attributes.ProductFlavor:market |              | overseas     |
    | org.gradle.jvm.environment                            |              | android      |
    | org.jetbrains.kotlin.platform.type                    |              | androidJvm   |

com.google.firebase:firebase-iid-interop:17.1.0
\--- com.google.firebase:firebase-messaging:25.0.1
     +--- project :push-google (requested com.google.firebase:firebase-messaging)
     |    \--- overseasDebugRuntimeClasspath
     \--- com.google.firebase:firebase-bom:34.7.0
          +--- project :push-google (*)
          \--- project :crash-report-firebase
               \--- overseasDebugRuntimeClasspath

com.google.firebase:firebase-installations:19.0.1
  Variant runtime:
    | Attribute Name                                        | Provided     | Requested    |
    |-------------------------------------------------------|--------------|--------------|
    | org.gradle.libraryelements                            | jar          |              |
    | org.gradle.status                                     | release      |              |
    | org.gradle.category                                   | library      | library      |
    | org.gradle.usage                                      | java-runtime | java-runtime |
    | com.android.build.api.attributes.AgpVersionAttr       |              | 9.2.1        |
    | com.android.build.api.attributes.BuildTypeAttr        |              | debug        |
    | com.android.build.api.attributes.ProductFlavor:market |              | overseas     |
    | org.gradle.jvm.environment                            |              | android      |
    | org.jetbrains.kotlin.platform.type                    |              | androidJvm   |
   Selection reasons:
      - By constraint
      - By conflict resolution: between versions 19.0.1, 18.0.0 and 17.0.1

com.google.firebase:firebase-installations:19.0.1
\--- com.google.firebase:firebase-bom:34.7.0
     +--- project :push-google
     |    \--- overseasDebugRuntimeClasspath
     \--- project :crash-report-firebase
          \--- overseasDebugRuntimeClasspath

com.google.firebase:firebase-installations:17.0.1 -> 19.0.1
\--- com.google.android.gms:play-services-measurement-api:23.0.0
     \--- com.google.firebase:firebase-analytics:23.0.0
          +--- project :crash-report-firebase (requested com.google.firebase:firebase-analytics)
          |    \--- overseasDebugRuntimeClasspath
          \--- com.google.firebase:firebase-bom:34.7.0
               +--- project :push-google
               |    \--- overseasDebugRuntimeClasspath
               \--- project :crash-report-firebase (*)

com.google.firebase:firebase-installations:18.0.0 -> 19.0.1
+--- com.google.firebase:firebase-crashlytics:20.0.3
|    +--- project :crash-report-firebase (requested com.google.firebase:firebase-crashlytics)
|    |    \--- overseasDebugRuntimeClasspath
|    +--- com.google.firebase:firebase-bom:34.7.0
|    |    +--- project :push-google
|    |    |    \--- overseasDebugRuntimeClasspath
|    |    \--- project :crash-report-firebase (*)
|    \--- com.google.firebase:firebase-crashlytics-ndk:20.0.3
|         +--- project :crash-report-firebase (requested com.google.firebase:firebase-crashlytics-ndk) (*)
|         \--- com.google.firebase:firebase-bom:34.7.0 (*)
+--- com.google.firebase:firebase-messaging:25.0.1
|    +--- project :push-google (requested com.google.firebase:firebase-messaging) (*)
|    \--- com.google.firebase:firebase-bom:34.7.0 (*)
\--- com.google.firebase:firebase-sessions:3.0.3
     \--- com.google.firebase:firebase-crashlytics:20.0.3 (*)

com.google.firebase:firebase-installations-interop:17.2.0
  Variant runtime:
    | Attribute Name                                        | Provided     | Requested    |
    |-------------------------------------------------------|--------------|--------------|
    | org.gradle.libraryelements                            | jar          |              |
    | org.gradle.status                                     | release      |              |
    | org.gradle.category                                   | library      | library      |
    | org.gradle.usage                                      | java-runtime | java-runtime |
    | com.android.build.api.attributes.AgpVersionAttr       |              | 9.2.1        |
    | com.android.build.api.attributes.BuildTypeAttr        |              | debug        |
    | com.android.build.api.attributes.ProductFlavor:market |              | overseas     |
    | org.gradle.jvm.environment                            |              | android      |
    | org.jetbrains.kotlin.platform.type                    |              | androidJvm   |
   Selection reasons:
      - By conflict resolution: between versions 17.2.0, 17.1.0, 17.0.0 and 17.1.1

com.google.firebase:firebase-installations-interop:17.2.0
+--- com.google.firebase:firebase-crashlytics:20.0.3
|    +--- project :crash-report-firebase (requested com.google.firebase:firebase-crashlytics)
|    |    \--- overseasDebugRuntimeClasspath
|    +--- com.google.firebase:firebase-bom:34.7.0
|    |    +--- project :push-google
|    |    |    \--- overseasDebugRuntimeClasspath
|    |    \--- project :crash-report-firebase (*)
|    \--- com.google.firebase:firebase-crashlytics-ndk:20.0.3
|         +--- project :crash-report-firebase (requested com.google.firebase:firebase-crashlytics-ndk) (*)
|         \--- com.google.firebase:firebase-bom:34.7.0 (*)
\--- com.google.firebase:firebase-sessions:3.0.3
     \--- com.google.firebase:firebase-crashlytics:20.0.3 (*)

com.google.firebase:firebase-installations-interop:17.0.0 -> 17.2.0
\--- com.google.android.gms:play-services-measurement-api:23.0.0
     \--- com.google.firebase:firebase-analytics:23.0.0
          +--- project :crash-report-firebase (requested com.google.firebase:firebase-analytics)
          |    \--- overseasDebugRuntimeClasspath
          \--- com.google.firebase:firebase-bom:34.7.0
               +--- project :push-google
               |    \--- overseasDebugRuntimeClasspath
               \--- project :crash-report-firebase (*)

com.google.firebase:firebase-installations-interop:17.1.0 -> 17.2.0
\--- com.google.firebase:firebase-messaging:25.0.1
     +--- project :push-google (requested com.google.firebase:firebase-messaging)
     |    \--- overseasDebugRuntimeClasspath
     \--- com.google.firebase:firebase-bom:34.7.0
          +--- project :push-google (*)
          \--- project :crash-report-firebase
               \--- overseasDebugRuntimeClasspath

com.google.firebase:firebase-installations-interop:17.1.1 -> 17.2.0
\--- com.google.firebase:firebase-installations:19.0.1
     +--- com.google.firebase:firebase-bom:34.7.0
     |    +--- project :push-google
     |    |    \--- overseasDebugRuntimeClasspath
     |    \--- project :crash-report-firebase
     |         \--- overseasDebugRuntimeClasspath
     +--- com.google.firebase:firebase-messaging:25.0.1 (requested com.google.firebase:firebase-installations:18.0.0)
     |    +--- project :push-google (requested com.google.firebase:firebase-messaging) (*)
     |    \--- com.google.firebase:firebase-bom:34.7.0 (*)
     +--- com.google.firebase:firebase-crashlytics:20.0.3 (requested com.google.firebase:firebase-installations:18.0.0)
     |    +--- project :crash-report-firebase (requested com.google.firebase:firebase-crashlytics) (*)
     |    +--- com.google.firebase:firebase-bom:34.7.0 (*)
     |    \--- com.google.firebase:firebase-crashlytics-ndk:20.0.3
     |         +--- project :crash-report-firebase (requested com.google.firebase:firebase-crashlytics-ndk) (*)
     |         \--- com.google.firebase:firebase-bom:34.7.0 (*)
     +--- com.google.android.gms:play-services-measurement-api:23.0.0 (requested com.google.firebase:firebase-installations:17.0.1)
     |    \--- com.google.firebase:firebase-analytics:23.0.0
     |         +--- project :crash-report-firebase (requested com.google.firebase:firebase-analytics) (*)
     |         \--- com.google.firebase:firebase-bom:34.7.0 (*)
     \--- com.google.firebase:firebase-sessions:3.0.3 (requested com.google.firebase:firebase-installations:18.0.0)
          \--- com.google.firebase:firebase-crashlytics:20.0.3 (*)

com.google.firebase:firebase-measurement-connector:20.0.1
  Variant runtime:
    | Attribute Name                                        | Provided     | Requested    |
    |-------------------------------------------------------|--------------|--------------|
    | org.gradle.libraryelements                            | jar          |              |
    | org.gradle.status                                     | release      |              |
    | org.gradle.category                                   | library      | library      |
    | org.gradle.usage                                      | java-runtime | java-runtime |
    | com.android.build.api.attributes.AgpVersionAttr       |              | 9.2.1        |
    | com.android.build.api.attributes.BuildTypeAttr        |              | debug        |
    | com.android.build.api.attributes.ProductFlavor:market |              | overseas     |
    | org.gradle.jvm.environment                            |              | android      |
    | org.jetbrains.kotlin.platform.type                    |              | androidJvm   |
   Selection reasons:
      - By conflict resolution: between versions 20.0.1 and 19.0.0

com.google.firebase:firebase-measurement-connector:20.0.1
\--- com.google.firebase:firebase-crashlytics:20.0.3
     +--- project :crash-report-firebase (requested com.google.firebase:firebase-crashlytics)
     |    \--- overseasDebugRuntimeClasspath
     +--- com.google.firebase:firebase-bom:34.7.0
     |    +--- project :push-google
     |    |    \--- overseasDebugRuntimeClasspath
     |    \--- project :crash-report-firebase (*)
     \--- com.google.firebase:firebase-crashlytics-ndk:20.0.3
          +--- project :crash-report-firebase (requested com.google.firebase:firebase-crashlytics-ndk) (*)
          \--- com.google.firebase:firebase-bom:34.7.0 (*)

com.google.firebase:firebase-measurement-connector:19.0.0 -> 20.0.1
+--- com.google.android.gms:play-services-measurement-api:23.0.0
|    \--- com.google.firebase:firebase-analytics:23.0.0
|         +--- project :crash-report-firebase (requested com.google.firebase:firebase-analytics)
|         |    \--- overseasDebugRuntimeClasspath
|         \--- com.google.firebase:firebase-bom:34.7.0
|              +--- project :push-google
|              |    \--- overseasDebugRuntimeClasspath
|              \--- project :crash-report-firebase (*)
\--- com.google.firebase:firebase-messaging:25.0.1
     +--- project :push-google (requested com.google.firebase:firebase-messaging) (*)
     \--- com.google.firebase:firebase-bom:34.7.0 (*)

com.google.firebase:firebase-messaging:25.0.1 (by constraint)
  Variant runtime:
    | Attribute Name                                        | Provided     | Requested    |
    |-------------------------------------------------------|--------------|--------------|
    | org.gradle.libraryelements                            | jar          |              |
    | org.gradle.status                                     | release      |              |
    | org.gradle.category                                   | library      | library      |
    | org.gradle.usage                                      | java-runtime | java-runtime |
    | com.android.build.api.attributes.AgpVersionAttr       |              | 9.2.1        |
    | com.android.build.api.attributes.BuildTypeAttr        |              | debug        |
    | com.android.build.api.attributes.ProductFlavor:market |              | overseas     |
    | org.gradle.jvm.environment                            |              | android      |
    | org.jetbrains.kotlin.platform.type                    |              | androidJvm   |

com.google.firebase:firebase-messaging:25.0.1
\--- com.google.firebase:firebase-bom:34.7.0
     +--- project :push-google
     |    \--- overseasDebugRuntimeClasspath
     \--- project :crash-report-firebase
          \--- overseasDebugRuntimeClasspath

com.google.firebase:firebase-messaging -> 25.0.1
\--- project :push-google
     \--- overseasDebugRuntimeClasspath

com.google.firebase:firebase-sessions:3.0.3
  Variant runtime:
    | Attribute Name                                        | Provided     | Requested    |
    |-------------------------------------------------------|--------------|--------------|
    | org.gradle.libraryelements                            | jar          |              |
    | org.gradle.status                                     | release      |              |
    | org.gradle.category                                   | library      | library      |
    | org.gradle.usage                                      | java-runtime | java-runtime |
    | com.android.build.api.attributes.AgpVersionAttr       |              | 9.2.1        |
    | com.android.build.api.attributes.BuildTypeAttr        |              | debug        |
    | com.android.build.api.attributes.ProductFlavor:market |              | overseas     |
    | org.gradle.jvm.environment                            |              | android      |
    | org.jetbrains.kotlin.platform.type                    |              | androidJvm   |

com.google.firebase:firebase-sessions:3.0.3
\--- com.google.firebase:firebase-crashlytics:20.0.3
     +--- project :crash-report-firebase (requested com.google.firebase:firebase-crashlytics)
     |    \--- overseasDebugRuntimeClasspath
     +--- com.google.firebase:firebase-bom:34.7.0
     |    +--- project :push-google
     |    |    \--- overseasDebugRuntimeClasspath
     |    \--- project :crash-report-firebase (*)
     \--- com.google.firebase:firebase-crashlytics-ndk:20.0.3
          +--- project :crash-report-firebase (requested com.google.firebase:firebase-crashlytics-ndk) (*)
          \--- com.google.firebase:firebase-bom:34.7.0 (*)

(*) - Indicates repeated occurrences of a transitive dependency subtree. Gradle expands transitive dependency subtrees only once per project; repeat occurrences only display the root of the subtree, followed by this annotation.

A web-based, searchable dependency report is available by adding the --scan option.

[Incubating] Problems report is available at: file:///private/tmp/ugreen-android-architecture-20260914/android/build/reports/problems/problems-report.html

Deprecated Gradle features were used in this build, making it incompatible with Gradle 10.

You can use '--warning-mode all' to show the individual deprecation warnings and determine if they come from your own scripts or plugins.

For more on this, please refer to https://docs.gradle.org/9.4.1/userguide/command_line_interface.html#sec:command_line_warnings in the Gradle documentation.

BUILD SUCCESSFUL in 8s
5 actionable tasks: 1 executed, 4 up-to-date
]9;4;0exit_code=0 elapsed_seconds=9 ended_at=2026-09-14T13:41:24+08:00
