Source log: /private/tmp/ugreen-android-architecture-20260914/projects.log
Excerpt only; diagnostic/task lines and tail retained.

To honour the JVM settings for this build a single-use Daemon process will be forked. For more on this, please refer to https://docs.gradle.org/9.4.1/userguide/gradle_daemon.html#sec:disabling_the_daemon in the Gradle documentation.
Daemon will be stopped at the end of the build
[aliyun-mirror] Gradle Central Plugin Repository: https://plugins.gradle.org/m2 -> https://maven.aliyun.com/repository/gradle-plugin
[aliyun-mirror] Google: https://dl.google.com/dl/android/maven2/ -> https://maven.aliyun.com/repository/google
[aliyun-mirror] MavenRepo: https://repo.maven.apache.org/maven2/ -> https://maven.aliyun.com/repository/central
[aliyun-mirror] Google: https://dl.google.com/dl/android/maven2/ -> https://maven.aliyun.com/repository/google
[aliyun-mirror] MavenRepo: https://repo.maven.apache.org/maven2/ -> https://maven.aliyun.com/repository/central
[aliyun-mirror] Gradle Central Plugin Repository: https://plugins.gradle.org/m2 -> https://maven.aliyun.com/repository/gradle-plugin
[aliyun-mirror] Google: https://dl.google.com/dl/android/maven2/ -> https://maven.aliyun.com/repository/google
[aliyun-mirror] MavenRepo: https://repo.maven.apache.org/maven2/ -> https://maven.aliyun.com/repository/central
[aliyun-mirror] Gradle Central Plugin Repository: https://plugins.gradle.org/m2 -> https://maven.aliyun.com/repository/gradle-plugin
[aliyun-mirror] Google: https://dl.google.com/dl/android/maven2/ -> https://maven.aliyun.com/repository/google
[aliyun-mirror] MavenRepo: https://repo.maven.apache.org/maven2/ -> https://maven.aliyun.com/repository/central
[aliyun-mirror] Google: https://dl.google.com/dl/android/maven2/ -> https://maven.aliyun.com/repository/google
[aliyun-mirror] Gradle Central Plugin Repository: https://plugins.gradle.org/m2 -> https://maven.aliyun.com/repository/gradle-plugin
[aliyun-mirror] MavenRepo: https://repo.maven.apache.org/maven2/ -> https://maven.aliyun.com/repository/central

[Incubating] Problems report is available at: file:///private/tmp/ugreen-android-architecture-20260914/android/build/reports/problems/problems-report.html

FAILURE: Build failed with an exception.

* Where:
Settings file '/private/tmp/ugreen-android-architecture-20260914/android/settings.gradle' line: 140

* What went wrong:
Project with path ':domain-product' not found in build ':shared'.

* Try:
> Run with --stacktrace option to get the stack trace.
> Run with --info or --debug option to get more log output.
> Run with --scan to get full insights from a Build Scan (powered by Develocity).
> Get more help at https://help.gradle.org.

Deprecated Gradle features were used in this build, making it incompatible with Gradle 10.

You can use '--warning-mode all' to show the individual deprecation warnings and determine if they come from your own scripts or plugins.

For more on this, please refer to https://docs.gradle.org/9.4.1/userguide/command_line_interface.html#sec:command_line_warnings in the Gradle documentation.

BUILD FAILED in 5s
real 5.75
user 12.01
sys 1.12
