To honour the JVM settings for this build a single-use Daemon process will be forked. For more on this, please refer to https://docs.gradle.org/9.4.1/userguide/gradle_daemon.html#sec:disabling_the_daemon in the Gradle documentation.
Daemon will be stopped at the end of the build 
[aliyun-mirror] Google: https://dl.google.com/dl/android/maven2/ -> https://maven.aliyun.com/repository/google
[aliyun-mirror] MavenRepo: https://repo.maven.apache.org/maven2/ -> https://maven.aliyun.com/repository/central
[aliyun-mirror] Gradle Central Plugin Repository: https://plugins.gradle.org/m2 -> https://maven.aliyun.com/repository/gradle-plugin
[aliyun-mirror] Google: https://dl.google.com/dl/android/maven2/ -> https://maven.aliyun.com/repository/google
[aliyun-mirror] MavenRepo: https://repo.maven.apache.org/maven2/ -> https://maven.aliyun.com/repository/central
[aliyun-mirror] Google: https://dl.google.com/dl/android/maven2/ -> https://maven.aliyun.com/repository/google
[aliyun-mirror] Gradle Central Plugin Repository: https://plugins.gradle.org/m2 -> https://maven.aliyun.com/repository/gradle-plugin
[aliyun-mirror] MavenRepo: https://repo.maven.apache.org/maven2/ -> https://maven.aliyun.com/repository/central

> Configure project :build-logic:convention
[aliyun-mirror] Gradle Central Plugin Repository: https://plugins.gradle.org/m2 -> https://maven.aliyun.com/repository/gradle-plugin

> Task :build-logic:convention:checkKotlinGradlePluginConfigurationErrors SKIPPED
> Task :build-logic:convention:compileKotlin UP-TO-DATE
> Task :build-logic:convention:compileJava NO-SOURCE
> Task :build-logic:convention:pluginDescriptors UP-TO-DATE
> Task :build-logic:convention:processResources UP-TO-DATE
> Task :build-logic:convention:classes UP-TO-DATE
> Task :build-logic:convention:jar UP-TO-DATE

> Configure project :airtc-appsdk
cocoaPodsInstalled=true
xcodeToolsInstalled=true
iosToolchainAvailable=true
explicitEnableIos=false
enableIos=false

> Configure project :app-shared
cocoaPodsInstalled=true
xcodeToolsInstalled=true
iosToolchainAvailable=true
explicitEnableIos=false
enableIos=false
w: ⚠️ Unused Kotlin Source Sets
The Kotlin source set commonTest was configured but not added to any Kotlin compilation.
Solution: You can add a source set to a target's compilation by connecting it with the compilation's default source set using 'dependsOn'.
See https://kotl.in/connecting-source-sets


> Configure project :core-database
cocoaPodsInstalled=true
xcodeToolsInstalled=true
iosToolchainAvailable=true
explicitEnableIos=false
enableIos=false

> Configure project :core-kv
cocoaPodsInstalled=true
xcodeToolsInstalled=true
iosToolchainAvailable=true
explicitEnableIos=false
enableIos=false

> Configure project :core-logger
cocoaPodsInstalled=true
xcodeToolsInstalled=true
iosToolchainAvailable=true
explicitEnableIos=false
enableIos=false

> Configure project :core-mvi
cocoaPodsInstalled=true
xcodeToolsInstalled=true
iosToolchainAvailable=true
explicitEnableIos=false
enableIos=false
w: ⚠️ Unused Kotlin Source Sets
The Kotlin source set commonTest was configured but not added to any Kotlin compilation.
Solution: You can add a source set to a target's compilation by connecting it with the compilation's default source set using 'dependsOn'.
See https://kotl.in/connecting-source-sets


> Configure project :core-navigation
cocoaPodsInstalled=true
xcodeToolsInstalled=true
iosToolchainAvailable=true
explicitEnableIos=false
enableIos=false
WARNING: The 'commonTest' source directory exists, but android host tests are not enabled. To enable android host tests, add `withHostTest {}` to your android target configuration in the Gradle build file.
w: ⚠️ Unused Kotlin Source Sets
The Kotlin source set commonTest was configured but not added to any Kotlin compilation.
Solution: You can add a source set to a target's compilation by connecting it with the compilation's default source set using 'dependsOn'.
See https://kotl.in/connecting-source-sets


> Configure project :core-net
cocoaPodsInstalled=true
xcodeToolsInstalled=true
iosToolchainAvailable=true
explicitEnableIos=false
enableIos=false
w: ⚠️ iOS Source Set Used Without an iOS Target
Accessed 'source set iosMain' without registering any ios target:
kotlin {
    /* Register at least one of the following targets */
    iosX64()
    iosArm64()
    iosSimulatorArm64()

    /* Use convention */
    sourceSets.iosMain.dependencies {

    }
}
Solution: Please register at least one of the iOS targets.

w: ⚠️ Unused Kotlin Source Sets
The Kotlin source set iosMain was configured but not added to any Kotlin compilation.
Solution: You can add a source set to a target's compilation by connecting it with the compilation's default source set using 'dependsOn'.
See https://kotl.in/connecting-source-sets


> Configure project :core-player
cocoaPodsInstalled=true
xcodeToolsInstalled=true
iosToolchainAvailable=true
explicitEnableIos=false
enableIos=false
w: ⚠️ Unused Kotlin Source Sets
The Kotlin source set commonTest was configured but not added to any Kotlin compilation.
Solution: You can add a source set to a target's compilation by connecting it with the compilation's default source set using 'dependsOn'.
See https://kotl.in/connecting-source-sets


> Configure project :core-secure-package
cocoaPodsInstalled=true
xcodeToolsInstalled=true
iosToolchainAvailable=true
explicitEnableIos=false
enableIos=false

> Configure project :core-ui
cocoaPodsInstalled=true
xcodeToolsInstalled=true
iosToolchainAvailable=true
explicitEnableIos=false
enableIos=false

> Configure project :core-util
cocoaPodsInstalled=true
xcodeToolsInstalled=true
iosToolchainAvailable=true
explicitEnableIos=false
enableIos=false

> Configure project :device-biz
cocoaPodsInstalled=true
xcodeToolsInstalled=true
iosToolchainAvailable=true
explicitEnableIos=false
enableIos=false
WARNING: The 'commonTest' source directory exists, but android host tests are not enabled. To enable android host tests, add `withHostTest {}` to your android target configuration in the Gradle build file.
w: ⚠️ Unused Kotlin Source Sets
The Kotlin source set commonTest was configured but not added to any Kotlin compilation.
Solution: You can add a source set to a target's compilation by connecting it with the compilation's default source set using 'dependsOn'.
See https://kotl.in/connecting-source-sets


> Configure project :device-thing-model
cocoaPodsInstalled=true
xcodeToolsInstalled=true
iosToolchainAvailable=true
explicitEnableIos=false
enableIos=false

> Configure project :domain-device
cocoaPodsInstalled=true
xcodeToolsInstalled=true
iosToolchainAvailable=true
explicitEnableIos=false
enableIos=false

> Configure project :domain-env
cocoaPodsInstalled=true
xcodeToolsInstalled=true
iosToolchainAvailable=true
explicitEnableIos=false
enableIos=false

> Configure project :domain-family
cocoaPodsInstalled=true
xcodeToolsInstalled=true
iosToolchainAvailable=true
explicitEnableIos=false
enableIos=false
w: ⚠️ Unused Kotlin Source Sets
The Kotlin source set commonTest was configured but not added to any Kotlin compilation.
Solution: You can add a source set to a target's compilation by connecting it with the compilation's default source set using 'dependsOn'.
See https://kotl.in/connecting-source-sets


> Configure project :domain-product
cocoaPodsInstalled=true
xcodeToolsInstalled=true
iosToolchainAvailable=true
explicitEnableIos=false
enableIos=false
w: ⚠️ Unused Kotlin Source Sets
The Kotlin source set commonTest was configured but not added to any Kotlin compilation.
Solution: You can add a source set to a target's compilation by connecting it with the compilation's default source set using 'dependsOn'.
See https://kotl.in/connecting-source-sets


> Configure project :feature-auth
cocoaPodsInstalled=true
xcodeToolsInstalled=true
iosToolchainAvailable=true
explicitEnableIos=false
enableIos=false

> Configure project :feature-device-event
cocoaPodsInstalled=true
xcodeToolsInstalled=true
iosToolchainAvailable=true
explicitEnableIos=false
enableIos=false
w: ⚠️ Unused Kotlin Source Sets
The Kotlin source set commonTest was configured but not added to any Kotlin compilation.
Solution: You can add a source set to a target's compilation by connecting it with the compilation's default source set using 'dependsOn'.
See https://kotl.in/connecting-source-sets


> Configure project :feature-home-management
cocoaPodsInstalled=true
xcodeToolsInstalled=true
iosToolchainAvailable=true
explicitEnableIos=false
enableIos=false

> Configure project :feature-ota
cocoaPodsInstalled=true
xcodeToolsInstalled=true
iosToolchainAvailable=true
explicitEnableIos=false
enableIos=false

> Configure project :feature-playback
cocoaPodsInstalled=true
xcodeToolsInstalled=true
iosToolchainAvailable=true
explicitEnableIos=false
enableIos=false

> Configure project :feature-third-party-services
cocoaPodsInstalled=true
xcodeToolsInstalled=true
iosToolchainAvailable=true
explicitEnableIos=false
enableIos=false
WARNING: The 'commonTest' source directory exists, but android host tests are not enabled. To enable android host tests, add `withHostTest {}` to your android target configuration in the Gradle build file.
w: ⚠️ Unused Kotlin Source Sets
The Kotlin source set commonTest was configured but not added to any Kotlin compilation.
Solution: You can add a source set to a target's compilation by connecting it with the compilation's default source set using 'dependsOn'.
See https://kotl.in/connecting-source-sets


> Configure project :sample
cocoaPodsInstalled=true
xcodeToolsInstalled=true
iosToolchainAvailable=true
explicitEnableIos=false
enableIos=false

> Configure project :ugreen-strings-kmp
cocoaPodsInstalled=true
xcodeToolsInstalled=true
iosToolchainAvailable=true
explicitEnableIos=false
enableIos=false

> Task :airtc-appsdk:kmpPartiallyResolvedDependenciesChecker
> Task :airtc-appsdk:checkKotlinGradlePluginConfigurationErrors SKIPPED
> Task :core-kv:kmpPartiallyResolvedDependenciesChecker
> Task :core-kv:checkKotlinGradlePluginConfigurationErrors SKIPPED
> Task :core-kv:compileAndroidMain UP-TO-DATE
> Task :core-kv:androidPreBuild UP-TO-DATE
> Task :core-kv:preAndroidMainBuild UP-TO-DATE
> Task :core-kv:bundleAndroidMainClassesToCompileJar UP-TO-DATE
> Task :core-logger:kmpPartiallyResolvedDependenciesChecker
> Task :core-logger:checkKotlinGradlePluginConfigurationErrors SKIPPED
> Task :core-logger:compileAndroidMain UP-TO-DATE
> Task :core-logger:androidPreBuild UP-TO-DATE
> Task :core-logger:preAndroidMainBuild UP-TO-DATE
> Task :core-logger:bundleAndroidMainClassesToCompileJar UP-TO-DATE
> Task :core-util:kmpPartiallyResolvedDependenciesChecker
> Task :core-util:checkKotlinGradlePluginConfigurationErrors SKIPPED
> Task :core-util:compileAndroidMain UP-TO-DATE
> Task :core-util:androidPreBuild UP-TO-DATE
> Task :core-util:preAndroidMainBuild UP-TO-DATE
> Task :core-util:bundleAndroidMainClassesToCompileJar UP-TO-DATE
> Task :core-database:kmpPartiallyResolvedDependenciesChecker
> Task :core-database:checkKotlinGradlePluginConfigurationErrors SKIPPED
> Task :core-database:kspAndroidMain UP-TO-DATE
> Task :core-database:compileAndroidMain UP-TO-DATE
> Task :core-database:androidPreBuild UP-TO-DATE
> Task :core-database:preAndroidMainBuild UP-TO-DATE
> Task :core-database:bundleAndroidMainClassesToCompileJar UP-TO-DATE
> Task :core-database:kspAndroidHostTest SKIPPED
> Task :core-database:copyRoomSchemas NO-SOURCE
> Task :device-thing-model:kmpPartiallyResolvedDependenciesChecker
> Task :device-thing-model:checkKotlinGradlePluginConfigurationErrors SKIPPED
> Task :device-thing-model:compileAndroidMain UP-TO-DATE
> Task :device-thing-model:androidPreBuild UP-TO-DATE
> Task :device-thing-model:preAndroidMainBuild UP-TO-DATE
> Task :device-thing-model:bundleAndroidMainClassesToCompileJar UP-TO-DATE
> Task :airtc-appsdk:compileAndroidMain UP-TO-DATE
> Task :airtc-appsdk:androidPreBuild UP-TO-DATE
> Task :airtc-appsdk:preAndroidMainBuild UP-TO-DATE
> Task :airtc-appsdk:androidJar
> Task :airtc-appsdk:bundleAndroidMainClassesToRuntimeJar
> Task :airtc-appsdk:bundleAndroidMainClassesToCompileJar UP-TO-DATE
> Task :airtc-appsdk:compileAndroidHostTest NO-SOURCE
> Task :airtc-appsdk:preAndroidHostTestBuild UP-TO-DATE
> Task :airtc-appsdk:processAndroidHostTestJavaRes NO-SOURCE
> Task :airtc-appsdk:processAndroidMainJavaRes UP-TO-DATE
> Task :core-database:processAndroidMainJavaRes UP-TO-DATE
> Task :core-database:bundleAndroidMainClassesToRuntimeJar
> Task :core-kv:processAndroidMainJavaRes UP-TO-DATE
> Task :core-kv:bundleAndroidMainClassesToRuntimeJar
> Task :core-logger:bundleAndroidMainClassesToRuntimeJar
> Task :core-logger:processAndroidMainJavaRes UP-TO-DATE
> Task :core-util:processAndroidMainJavaRes UP-TO-DATE
> Task :device-thing-model:processAndroidMainJavaRes UP-TO-DATE
> Task :core-database:androidJar
> Task :core-util:bundleAndroidMainClassesToRuntimeJar
> Task :device-thing-model:bundleAndroidMainClassesToRuntimeJar
> Task :airtc-appsdk:testAndroidHostTest NO-SOURCE
> Task :core-database:preAndroidHostTestBuild UP-TO-DATE
> Task :core-database:processAndroidHostTestJavaRes NO-SOURCE
> Task :core-kv:androidJar
> Task :core-kv:compileAndroidHostTest NO-SOURCE
> Task :core-kv:preAndroidHostTestBuild UP-TO-DATE
> Task :core-kv:processAndroidHostTestJavaRes NO-SOURCE
> Task :core-kv:testAndroidHostTest NO-SOURCE
> Task :core-logger:androidJar
> Task :core-logger:preAndroidHostTestBuild UP-TO-DATE
> Task :core-logger:processAndroidHostTestJavaRes NO-SOURCE
> Task :core-net:kmpPartiallyResolvedDependenciesChecker
> Task :core-net:checkKotlinGradlePluginConfigurationErrors SKIPPED
> Task :core-net:compileAndroidMain UP-TO-DATE
> Task :core-net:androidPreBuild UP-TO-DATE
> Task :core-net:preAndroidMainBuild UP-TO-DATE
> Task :core-net:androidJar
> Task :core-net:bundleAndroidMainClassesToCompileJar UP-TO-DATE
> Task :core-net:bundleAndroidMainClassesToRuntimeJar
> Task :core-net:preAndroidHostTestBuild UP-TO-DATE
> Task :core-net:processAndroidHostTestJavaRes NO-SOURCE
> Task :core-net:processAndroidMainJavaRes UP-TO-DATE
> Task :core-secure-package:kmpPartiallyResolvedDependenciesChecker
> Task :core-secure-package:checkKotlinGradlePluginConfigurationErrors SKIPPED
> Task :core-secure-package:verifyAndroidNativeArtifacts
> Task :core-secure-package:compileAndroidMain UP-TO-DATE
> Task :core-secure-package:androidPreBuild UP-TO-DATE
> Task :core-secure-package:preAndroidMainBuild UP-TO-DATE
> Task :core-secure-package:bundleAndroidMainClassesToRuntimeJar
> Task :core-secure-package:androidJar
> Task :core-secure-package:bundleAndroidMainClassesToCompileJar UP-TO-DATE
> Task :core-secure-package:preAndroidHostTestBuild UP-TO-DATE
> Task :core-secure-package:processAndroidHostTestJavaRes NO-SOURCE
> Task :core-secure-package:processAndroidMainJavaRes UP-TO-DATE
> Task :core-ui:kmpPartiallyResolvedDependenciesChecker
> Task :core-ui:checkKotlinGradlePluginConfigurationErrors SKIPPED
> Task :core-ui:convertXmlValueResourcesForAndroidMain NO-SOURCE
> Task :core-ui:copyNonXmlValueResourcesForAndroidMain NO-SOURCE
> Task :core-ui:prepareComposeResourcesTaskForAndroidMain NO-SOURCE
> Task :core-ui:generateResourceAccessorsForAndroidMain NO-SOURCE
> Task :core-ui:syncCoreUiComposeResources UP-TO-DATE
> Task :core-ui:convertXmlValueResourcesForCommonMain UP-TO-DATE
> Task :core-ui:copyNonXmlValueResourcesForCommonMain UP-TO-DATE
> Task :core-ui:prepareComposeResourcesTaskForCommonMain UP-TO-DATE
> Task :core-ui:generateResourceAccessorsForCommonMain UP-TO-DATE
> Task :core-ui:generateActualResourceCollectorsForAndroidMain UP-TO-DATE
> Task :core-ui:androidPreBuild UP-TO-DATE
> Task :core-ui:preAndroidMainBuild UP-TO-DATE
> Task :core-ui:generateAndroidMainEmptyResourceFiles UP-TO-DATE
> Task :core-ui:copyAndroidMainComposeResourcesToAndroidAssets UP-TO-DATE
> Task :core-ui:packageAndroidMainResources UP-TO-DATE
> Task :core-ui:parseAndroidMainLocalResources UP-TO-DATE
> Task :core-ui:generateAndroidMainRFile UP-TO-DATE
> Task :core-ui:generateComposeResClass UP-TO-DATE
> Task :core-ui:generateExpectResourceCollectorsForCommonMain UP-TO-DATE
> Task :core-ui:compileAndroidMain UP-TO-DATE
> Task :core-ui:androidJar
> Task :core-ui:bundleAndroidMainClassesToCompileJar UP-TO-DATE
> Task :core-ui:generateAndroidHostTestAssets UP-TO-DATE
> Task :core-ui:generateAndroidMainAssets UP-TO-DATE
> Task :core-ui:bundleAndroidMainClassesToRuntimeJar
> Task :core-ui:mergeAndroidMainAssets UP-TO-DATE
> Task :core-ui:preAndroidHostTestBuild UP-TO-DATE
> Task :core-ui:mergeAndroidHostTestAssets
> Task :core-kv:writeAndroidMainAarMetadata UP-TO-DATE
> Task :core-logger:writeAndroidMainAarMetadata UP-TO-DATE
> Task :core-net:writeAndroidMainAarMetadata UP-TO-DATE
> Task :core-ui:writeAndroidMainAarMetadata UP-TO-DATE
> Task :core-util:writeAndroidMainAarMetadata UP-TO-DATE
> Task :core-ui:mapAndroidMainSourceSetPaths UP-TO-DATE
> Task :core-ui:compileAndroidMainLibraryResources UP-TO-DATE
> Task :core-ui:mapAndroidHostTestSourceSetPaths
> Task :core-kv:generateAndroidMainEmptyResourceFiles UP-TO-DATE
> Task :core-logger:generateAndroidMainEmptyResourceFiles UP-TO-DATE
> Task :core-net:generateAndroidMainEmptyResourceFiles UP-TO-DATE
> Task :core-ui:checkAndroidHostTestAarMetadata
> Task :core-ui:generateAndroidHostTestResources
> Task :core-util:generateAndroidMainEmptyResourceFiles UP-TO-DATE
> Task :core-kv:processAndroidMainManifest UP-TO-DATE
> Task :core-logger:processAndroidMainManifest UP-TO-DATE
> Task :core-net:processAndroidMainManifest UP-TO-DATE
> Task :core-ui:processAndroidMainManifest UP-TO-DATE
> Task :core-util:processAndroidMainManifest UP-TO-DATE
> Task :core-ui:mergeAndroidHostTestResources
> Task :core-ui:processAndroidHostTestManifest
> Task :core-ui:convertXmlValueResourcesForAndroidHostTest NO-SOURCE
> Task :core-ui:copyNonXmlValueResourcesForAndroidHostTest NO-SOURCE
> Task :core-ui:prepareComposeResourcesTaskForAndroidHostTest NO-SOURCE
> Task :core-ui:generateResourceAccessorsForAndroidHostTest NO-SOURCE
> Task :core-ui:convertXmlValueResourcesForCommonTest NO-SOURCE
> Task :core-ui:copyNonXmlValueResourcesForCommonTest NO-SOURCE
> Task :core-ui:prepareComposeResourcesTaskForCommonTest NO-SOURCE
> Task :core-ui:generateResourceAccessorsForCommonTest NO-SOURCE
> Task :core-ui:processAndroidHostTestJavaRes NO-SOURCE
> Task :core-ui:processAndroidMainJavaRes UP-TO-DATE
> Task :core-util:androidJar
> Task :core-util:preAndroidHostTestBuild UP-TO-DATE
> Task :core-util:processAndroidHostTestJavaRes NO-SOURCE
> Task :device-thing-model:androidJar
> Task :core-database:compileAndroidHostTest
> Task :core-logger:compileAndroidHostTest
> Task :core-net:compileAndroidHostTest
> Task :core-ui:processAndroidHostTestResources
> Task :core-secure-package:compileAndroidHostTest
> Task :device-thing-model:compileAndroidHostTest
> Task :core-database:testAndroidHostTest
> Task :core-util:compileAndroidHostTest
> Task :core-logger:testAndroidHostTest
> Task :core-net:testAndroidHostTest
> Task :core-secure-package:testAndroidHostTest
> Task :core-ui:packageAndroidHostTestForUnitTest
> Task :core-ui:generateAndroidHostTestConfig
> Task :core-util:testAndroidHostTest
> Task :device-thing-model:preAndroidHostTestBuild UP-TO-DATE
> Task :device-thing-model:processAndroidHostTestJavaRes NO-SOURCE
> Task :device-thing-model:testAndroidHostTest
> Task :domain-device:kmpPartiallyResolvedDependenciesChecker
> Task :domain-device:checkKotlinGradlePluginConfigurationErrors SKIPPED
> Task :domain-device:androidPreBuild UP-TO-DATE
> Task :domain-device:preAndroidMainBuild UP-TO-DATE
> Task :domain-device:androidJar
> Task :domain-device:generateAndroidHostTestAssets UP-TO-DATE
> Task :domain-device:preAndroidHostTestBuild UP-TO-DATE
> Task :domain-device:mergeAndroidHostTestAssets
> Task :domain-device:mapAndroidHostTestSourceSetPaths
> Task :domain-device:writeAndroidMainAarMetadata
> Task :domain-device:generateAndroidHostTestResources
> Task :domain-device:checkAndroidHostTestAarMetadata
> Task :domain-device:generateAndroidMainEmptyResourceFiles
> Task :domain-device:mergeAndroidHostTestResources
> Task :domain-device:processAndroidHostTestJavaRes NO-SOURCE
> Task :domain-env:generateEncryptedBuiltinAsset UP-TO-DATE
> Task :domain-env:kmpPartiallyResolvedDependenciesChecker
> Task :domain-env:checkKotlinGradlePluginConfigurationErrors SKIPPED
> Task :domain-device:processAndroidMainManifest
> Task :domain-env:compileAndroidMain UP-TO-DATE
> Task :domain-device:processAndroidHostTestManifest
> Task :domain-env:androidPreBuild UP-TO-DATE
> Task :domain-env:preAndroidMainBuild UP-TO-DATE
> Task :domain-env:bundleAndroidMainClassesToRuntimeJar
> Task :domain-env:androidJar
> Task :domain-env:bundleAndroidMainClassesToCompileJar UP-TO-DATE
> Task :domain-env:generateAndroidHostTestAssets UP-TO-DATE
> Task :domain-env:preAndroidHostTestBuild UP-TO-DATE
> Task :core-ui:compileAndroidHostTest
> Task :domain-env:mergeAndroidHostTestAssets
> Task :domain-device:processAndroidHostTestResources
> Task :core-ui:testAndroidHostTest
> Task :domain-device:packageAndroidHostTestForUnitTest
> Task :domain-device:generateAndroidHostTestConfig
> Task :domain-env:writeAndroidMainAarMetadata UP-TO-DATE
> Task :domain-env:checkAndroidHostTestAarMetadata
> Task :domain-env:mapAndroidHostTestSourceSetPaths
> Task :domain-env:generateAndroidHostTestResources
> Task :domain-env:generateAndroidMainEmptyResourceFiles UP-TO-DATE
> Task :domain-env:mergeAndroidHostTestResources
> Task :domain-env:processAndroidMainManifest UP-TO-DATE
> Task :domain-env:processAndroidHostTestManifest
> Task :domain-env:processAndroidHostTestJavaRes NO-SOURCE
> Task :domain-env:processAndroidMainJavaRes UP-TO-DATE
> Task :core-mvi:kmpPartiallyResolvedDependenciesChecker
> Task :core-mvi:checkKotlinGradlePluginConfigurationErrors SKIPPED
> Task :core-mvi:compileAndroidMain UP-TO-DATE
> Task :core-mvi:androidPreBuild UP-TO-DATE
> Task :core-mvi:preAndroidMainBuild UP-TO-DATE
> Task :core-mvi:processAndroidMainJavaRes UP-TO-DATE
> Task :core-mvi:bundleAndroidMainClassesToRuntimeJar
> Task :core-navigation:kmpPartiallyResolvedDependenciesChecker
> Task :core-navigation:checkKotlinGradlePluginConfigurationErrors SKIPPED
> Task :core-navigation:convertXmlValueResourcesForAndroidMain NO-SOURCE
> Task :core-navigation:copyNonXmlValueResourcesForAndroidMain NO-SOURCE
> Task :core-navigation:prepareComposeResourcesTaskForAndroidMain NO-SOURCE
> Task :core-navigation:generateResourceAccessorsForAndroidMain SKIPPED
> Task :core-navigation:convertXmlValueResourcesForCommonMain NO-SOURCE
> Task :core-navigation:copyNonXmlValueResourcesForCommonMain NO-SOURCE
> Task :core-navigation:prepareComposeResourcesTaskForCommonMain NO-SOURCE
> Task :core-navigation:generateResourceAccessorsForCommonMain SKIPPED
> Task :core-navigation:generateActualResourceCollectorsForAndroidMain SKIPPED
> Task :core-navigation:generateComposeResClass SKIPPED
> Task :core-navigation:generateExpectResourceCollectorsForCommonMain SKIPPED
> Task :domain-env:processAndroidHostTestResources
> Task :core-navigation:compileAndroidMain UP-TO-DATE
> Task :domain-env:packageAndroidHostTestForUnitTest
> Task :core-navigation:androidPreBuild UP-TO-DATE
> Task :core-navigation:preAndroidMainBuild UP-TO-DATE
> Task :domain-env:generateAndroidHostTestConfig
> Task :domain-env:compileAndroidHostTest NO-SOURCE
> Task :core-navigation:bundleAndroidMainClassesToRuntimeJar
> Task :domain-env:testAndroidHostTest NO-SOURCE
> Task :core-navigation:processAndroidMainJavaRes UP-TO-DATE
> Task :core-mvi:bundleAndroidMainClassesToCompileJar UP-TO-DATE
> Task :core-navigation:bundleAndroidMainClassesToCompileJar UP-TO-DATE
> Task :feature-auth:kmpPartiallyResolvedDependenciesChecker
> Task :feature-auth:checkKotlinGradlePluginConfigurationErrors SKIPPED
> Task :feature-auth:convertXmlValueResourcesForAndroidMain NO-SOURCE
> Task :feature-auth:copyNonXmlValueResourcesForAndroidMain NO-SOURCE
> Task :feature-auth:prepareComposeResourcesTaskForAndroidMain NO-SOURCE
> Task :feature-auth:generateResourceAccessorsForAndroidMain NO-SOURCE
> Task :feature-auth:syncFeatureAuthComposeResources UP-TO-DATE
> Task :feature-auth:convertXmlValueResourcesForCommonMain UP-TO-DATE
> Task :feature-auth:copyNonXmlValueResourcesForCommonMain UP-TO-DATE
> Task :feature-auth:prepareComposeResourcesTaskForCommonMain UP-TO-DATE
> Task :feature-auth:generateResourceAccessorsForCommonMain UP-TO-DATE
> Task :feature-auth:generateActualResourceCollectorsForAndroidMain UP-TO-DATE
> Task :feature-auth:androidPreBuild UP-TO-DATE
> Task :feature-auth:preAndroidMainBuild UP-TO-DATE
> Task :feature-auth:generateAndroidMainEmptyResourceFiles UP-TO-DATE
> Task :feature-auth:copyAndroidMainComposeResourcesToAndroidAssets UP-TO-DATE
> Task :feature-auth:packageAndroidMainResources UP-TO-DATE
> Task :feature-auth:parseAndroidMainLocalResources UP-TO-DATE
> Task :feature-auth:generateAndroidMainRFile UP-TO-DATE
> Task :feature-auth:generateComposeResClass UP-TO-DATE
> Task :feature-auth:generateExpectResourceCollectorsForCommonMain UP-TO-DATE
> Task :feature-auth:compileAndroidMain UP-TO-DATE
> Task :feature-auth:androidJar
> Task :feature-auth:bundleAndroidMainClassesToCompileJar UP-TO-DATE
> Task :feature-auth:generateAndroidHostTestAssets UP-TO-DATE
> Task :feature-auth:generateAndroidMainAssets UP-TO-DATE
> Task :feature-auth:mergeAndroidMainAssets UP-TO-DATE
> Task :feature-auth:preAndroidHostTestBuild UP-TO-DATE
> Task :feature-auth:bundleAndroidMainClassesToRuntimeJar
> Task :feature-auth:mergeAndroidHostTestAssets
> Task :core-mvi:writeAndroidMainAarMetadata UP-TO-DATE
> Task :core-navigation:writeAndroidMainAarMetadata UP-TO-DATE
> Task :core-secure-package:writeAndroidMainAarMetadata UP-TO-DATE
> Task :feature-auth:writeAndroidMainAarMetadata UP-TO-DATE
> Task :feature-auth:mapAndroidMainSourceSetPaths UP-TO-DATE
> Task :feature-auth:compileAndroidMainLibraryResources UP-TO-DATE
> Task :feature-auth:mapAndroidHostTestSourceSetPaths
> Task :core-mvi:generateAndroidMainEmptyResourceFiles UP-TO-DATE
> Task :core-navigation:generateAndroidMainEmptyResourceFiles UP-TO-DATE
> Task :core-secure-package:generateAndroidMainEmptyResourceFiles UP-TO-DATE
> Task :feature-auth:generateAndroidHostTestResources
> Task :feature-auth:checkAndroidHostTestAarMetadata
> Task :domain-device:compileAndroidMain
> Task :domain-device:processAndroidMainJavaRes
> Task :domain-device:bundleAndroidMainClassesToRuntimeJar
> Task :domain-device:bundleAndroidMainClassesToCompileJar
> Task :core-mvi:processAndroidMainManifest UP-TO-DATE
> Task :domain-device:compileAndroidHostTest NO-SOURCE
> Task :domain-device:testAndroidHostTest NO-SOURCE
> Task :core-navigation:processAndroidMainManifest UP-TO-DATE
> Task :core-secure-package:processAndroidMainManifest UP-TO-DATE
> Task :feature-auth:processAndroidMainManifest UP-TO-DATE
> Task :feature-auth:processAndroidHostTestManifest
> Task :feature-auth:convertXmlValueResourcesForAndroidHostTest NO-SOURCE
> Task :feature-auth:copyNonXmlValueResourcesForAndroidHostTest NO-SOURCE
> Task :feature-auth:mergeAndroidHostTestResources
> Task :feature-auth:prepareComposeResourcesTaskForAndroidHostTest NO-SOURCE
> Task :feature-auth:generateResourceAccessorsForAndroidHostTest NO-SOURCE
> Task :feature-auth:convertXmlValueResourcesForCommonTest NO-SOURCE
> Task :feature-auth:copyNonXmlValueResourcesForCommonTest NO-SOURCE
> Task :feature-auth:prepareComposeResourcesTaskForCommonTest NO-SOURCE
> Task :feature-auth:generateResourceAccessorsForCommonTest NO-SOURCE
> Task :feature-auth:processAndroidHostTestJavaRes NO-SOURCE
> Task :feature-auth:processAndroidMainJavaRes UP-TO-DATE
> Task :feature-home-management:kmpPartiallyResolvedDependenciesChecker
> Task :feature-home-management:checkKotlinGradlePluginConfigurationErrors SKIPPED
> Task :feature-home-management:convertXmlValueResourcesForAndroidMain NO-SOURCE
> Task :feature-home-management:copyNonXmlValueResourcesForAndroidMain NO-SOURCE
> Task :feature-home-management:prepareComposeResourcesTaskForAndroidMain NO-SOURCE
> Task :feature-home-management:generateResourceAccessorsForAndroidMain NO-SOURCE
> Task :feature-home-management:convertXmlValueResourcesForCommonMain UP-TO-DATE
> Task :feature-home-management:copyNonXmlValueResourcesForCommonMain UP-TO-DATE
> Task :feature-home-management:prepareComposeResourcesTaskForCommonMain UP-TO-DATE
> Task :feature-home-management:generateResourceAccessorsForCommonMain UP-TO-DATE
> Task :feature-home-management:generateActualResourceCollectorsForAndroidMain UP-TO-DATE
> Task :feature-home-management:androidPreBuild UP-TO-DATE
> Task :feature-home-management:preAndroidMainBuild UP-TO-DATE
> Task :feature-home-management:generateAndroidMainEmptyResourceFiles UP-TO-DATE
> Task :feature-home-management:copyAndroidMainComposeResourcesToAndroidAssets UP-TO-DATE
> Task :feature-home-management:packageAndroidMainResources UP-TO-DATE
> Task :feature-home-management:parseAndroidMainLocalResources UP-TO-DATE
> Task :feature-home-management:generateAndroidMainRFile UP-TO-DATE
> Task :feature-home-management:generateComposeResClass UP-TO-DATE
> Task :feature-home-management:generateExpectResourceCollectorsForCommonMain UP-TO-DATE
> Task :feature-auth:processAndroidHostTestResources
> Task :feature-home-management:compileAndroidMain UP-TO-DATE
> Task :feature-auth:packageAndroidHostTestForUnitTest
> Task :feature-auth:generateAndroidHostTestConfig
> Task :feature-home-management:bundleAndroidMainClassesToRuntimeJar
> Task :feature-home-management:androidJar
> Task :feature-home-management:bundleAndroidMainClassesToCompileJar UP-TO-DATE
> Task :feature-home-management:generateAndroidHostTestAssets UP-TO-DATE
> Task :feature-home-management:generateAndroidMainAssets UP-TO-DATE
> Task :feature-home-management:mergeAndroidMainAssets UP-TO-DATE
> Task :feature-home-management:preAndroidHostTestBuild UP-TO-DATE
> Task :feature-home-management:mergeAndroidHostTestAssets
> Task :feature-home-management:writeAndroidMainAarMetadata UP-TO-DATE
> Task :feature-home-management:mapAndroidMainSourceSetPaths UP-TO-DATE
> Task :feature-home-management:compileAndroidMainLibraryResources UP-TO-DATE
> Task :feature-home-management:mapAndroidHostTestSourceSetPaths
> Task :feature-home-management:checkAndroidHostTestAarMetadata
> Task :feature-home-management:generateAndroidHostTestResources
> Task :feature-home-management:processAndroidMainManifest UP-TO-DATE
> Task :feature-home-management:processAndroidHostTestManifest
> Task :feature-home-management:convertXmlValueResourcesForAndroidHostTest NO-SOURCE
> Task :feature-home-management:copyNonXmlValueResourcesForAndroidHostTest NO-SOURCE
> Task :feature-home-management:prepareComposeResourcesTaskForAndroidHostTest NO-SOURCE
> Task :feature-home-management:generateResourceAccessorsForAndroidHostTest NO-SOURCE
> Task :feature-home-management:convertXmlValueResourcesForCommonTest NO-SOURCE
> Task :feature-home-management:copyNonXmlValueResourcesForCommonTest NO-SOURCE
> Task :feature-home-management:prepareComposeResourcesTaskForCommonTest NO-SOURCE
> Task :feature-home-management:generateResourceAccessorsForCommonTest NO-SOURCE
> Task :feature-home-management:processAndroidHostTestJavaRes NO-SOURCE
> Task :feature-home-management:processAndroidMainJavaRes UP-TO-DATE
> Task :feature-home-management:mergeAndroidHostTestResources
> Task :feature-ota:kmpPartiallyResolvedDependenciesChecker
> Task :feature-ota:checkKotlinGradlePluginConfigurationErrors SKIPPED
> Task :feature-ota:convertXmlValueResourcesForAndroidMain NO-SOURCE
> Task :feature-ota:copyNonXmlValueResourcesForAndroidMain NO-SOURCE
> Task :feature-ota:prepareComposeResourcesTaskForAndroidMain NO-SOURCE
> Task :feature-ota:generateResourceAccessorsForAndroidMain NO-SOURCE
> Task :feature-ota:convertXmlValueResourcesForCommonMain NO-SOURCE
> Task :feature-ota:copyNonXmlValueResourcesForCommonMain UP-TO-DATE
> Task :feature-ota:prepareComposeResourcesTaskForCommonMain UP-TO-DATE
> Task :feature-ota:generateResourceAccessorsForCommonMain UP-TO-DATE
> Task :feature-ota:generateActualResourceCollectorsForAndroidMain UP-TO-DATE
> Task :feature-ota:androidPreBuild UP-TO-DATE
> Task :feature-ota:preAndroidMainBuild UP-TO-DATE
> Task :feature-ota:generateAndroidMainEmptyResourceFiles UP-TO-DATE
> Task :feature-ota:copyAndroidMainComposeResourcesToAndroidAssets UP-TO-DATE
> Task :feature-ota:packageAndroidMainResources UP-TO-DATE
> Task :feature-ota:parseAndroidMainLocalResources UP-TO-DATE
> Task :feature-ota:generateAndroidMainRFile UP-TO-DATE
> Task :feature-ota:generateComposeResClass UP-TO-DATE
> Task :feature-ota:generateExpectResourceCollectorsForCommonMain UP-TO-DATE
> Task :ugreen-strings-kmp:kmpPartiallyResolvedDependenciesChecker
> Task :ugreen-strings-kmp:checkKotlinGradlePluginConfigurationErrors SKIPPED
> Task :ugreen-strings-kmp:convertXmlValueResourcesForAndroidMain NO-SOURCE
> Task :ugreen-strings-kmp:copyNonXmlValueResourcesForAndroidMain NO-SOURCE
> Task :ugreen-strings-kmp:prepareComposeResourcesTaskForAndroidMain NO-SOURCE
> Task :ugreen-strings-kmp:generateResourceAccessorsForAndroidMain NO-SOURCE
> Task :ugreen-strings-kmp:convertXmlValueResourcesForCommonMain UP-TO-DATE
> Task :ugreen-strings-kmp:copyNonXmlValueResourcesForCommonMain NO-SOURCE
> Task :ugreen-strings-kmp:prepareComposeResourcesTaskForCommonMain UP-TO-DATE
> Task :ugreen-strings-kmp:generateResourceAccessorsForCommonMain UP-TO-DATE
> Task :ugreen-strings-kmp:generateActualResourceCollectorsForAndroidMain UP-TO-DATE
> Task :ugreen-strings-kmp:androidPreBuild UP-TO-DATE
> Task :ugreen-strings-kmp:preAndroidMainBuild UP-TO-DATE
> Task :ugreen-strings-kmp:generateAndroidMainEmptyResourceFiles UP-TO-DATE
> Task :ugreen-strings-kmp:copyAndroidMainComposeResourcesToAndroidAssets UP-TO-DATE
> Task :ugreen-strings-kmp:packageAndroidMainResources UP-TO-DATE
> Task :ugreen-strings-kmp:parseAndroidMainLocalResources UP-TO-DATE
> Task :feature-home-management:processAndroidHostTestResources
> Task :ugreen-strings-kmp:generateAndroidMainRFile UP-TO-DATE
> Task :feature-home-management:packageAndroidHostTestForUnitTest
> Task :feature-home-management:generateAndroidHostTestConfig
> Task :ugreen-strings-kmp:generateComposeResClass UP-TO-DATE
> Task :ugreen-strings-kmp:generateExpectResourceCollectorsForCommonMain UP-TO-DATE
> Task :ugreen-strings-kmp:compileAndroidMain UP-TO-DATE
> Task :feature-auth:compileAndroidHostTest
> Task :ugreen-strings-kmp:bundleAndroidMainClassesToCompileJar UP-TO-DATE
> Task :feature-home-management:compileAndroidHostTest
> Task :feature-auth:testAndroidHostTest
> Task :feature-home-management:testAndroidHostTest
> Task :feature-ota:compileAndroidMain UP-TO-DATE
> Task :feature-ota:androidJar
> Task :feature-ota:bundleAndroidMainClassesToCompileJar UP-TO-DATE
> Task :feature-ota:generateAndroidHostTestAssets UP-TO-DATE
> Task :feature-ota:generateAndroidMainAssets UP-TO-DATE
> Task :feature-ota:mergeAndroidMainAssets UP-TO-DATE
> Task :feature-ota:preAndroidHostTestBuild UP-TO-DATE
> Task :ugreen-strings-kmp:generateAndroidMainAssets UP-TO-DATE
> Task :feature-ota:bundleAndroidMainClassesToRuntimeJar
> Task :ugreen-strings-kmp:mergeAndroidMainAssets UP-TO-DATE
> Task :feature-ota:mergeAndroidHostTestAssets
> Task :feature-ota:writeAndroidMainAarMetadata UP-TO-DATE
> Task :ugreen-strings-kmp:writeAndroidMainAarMetadata UP-TO-DATE
> Task :feature-ota:mapAndroidMainSourceSetPaths UP-TO-DATE
> Task :feature-ota:compileAndroidMainLibraryResources UP-TO-DATE
> Task :feature-ota:checkAndroidHostTestAarMetadata
> Task :feature-ota:mapAndroidHostTestSourceSetPaths
> Task :feature-ota:generateAndroidHostTestResources
> Task :feature-ota:processAndroidMainManifest UP-TO-DATE
> Task :ugreen-strings-kmp:processAndroidMainManifest UP-TO-DATE
> Task :feature-ota:processAndroidHostTestManifest
> Task :ugreen-strings-kmp:mapAndroidMainSourceSetPaths UP-TO-DATE
> Task :ugreen-strings-kmp:compileAndroidMainLibraryResources UP-TO-DATE
> Task :feature-ota:convertXmlValueResourcesForAndroidHostTest NO-SOURCE
> Task :feature-ota:copyNonXmlValueResourcesForAndroidHostTest NO-SOURCE
> Task :feature-ota:prepareComposeResourcesTaskForAndroidHostTest NO-SOURCE
> Task :feature-ota:generateResourceAccessorsForAndroidHostTest NO-SOURCE
> Task :feature-ota:convertXmlValueResourcesForCommonTest NO-SOURCE
> Task :feature-ota:copyNonXmlValueResourcesForCommonTest NO-SOURCE
> Task :feature-ota:prepareComposeResourcesTaskForCommonTest NO-SOURCE
> Task :feature-ota:generateResourceAccessorsForCommonTest NO-SOURCE
> Task :feature-ota:processAndroidHostTestJavaRes NO-SOURCE
> Task :feature-ota:processAndroidMainJavaRes UP-TO-DATE
> Task :feature-ota:mergeAndroidHostTestResources
> Task :ugreen-strings-kmp:processAndroidMainJavaRes UP-TO-DATE
> Task :ugreen-strings-kmp:bundleAndroidMainClassesToRuntimeJar
> Task :feature-playback:kmpPartiallyResolvedDependenciesChecker
> Task :feature-playback:checkKotlinGradlePluginConfigurationErrors SKIPPED
> Task :feature-playback:compileAndroidMain UP-TO-DATE
> Task :feature-playback:androidPreBuild UP-TO-DATE
> Task :feature-playback:preAndroidMainBuild UP-TO-DATE
> Task :feature-playback:androidJar
> Task :feature-playback:bundleAndroidMainClassesToCompileJar UP-TO-DATE
> Task :feature-playback:generateAndroidHostTestAssets UP-TO-DATE
> Task :feature-playback:preAndroidHostTestBuild UP-TO-DATE
> Task :feature-playback:bundleAndroidMainClassesToRuntimeJar
> Task :feature-playback:mergeAndroidHostTestAssets
> Task :feature-playback:writeAndroidMainAarMetadata UP-TO-DATE
> Task :feature-playback:checkAndroidHostTestAarMetadata
> Task :feature-playback:mapAndroidHostTestSourceSetPaths
> Task :feature-playback:generateAndroidHostTestResources
> Task :feature-playback:generateAndroidMainEmptyResourceFiles UP-TO-DATE
> Task :feature-playback:mergeAndroidHostTestResources
> Task :feature-playback:processAndroidMainManifest UP-TO-DATE
> Task :feature-playback:processAndroidHostTestManifest
> Task :feature-playback:processAndroidHostTestJavaRes NO-SOURCE
> Task :feature-playback:processAndroidMainJavaRes UP-TO-DATE
> Task :app-shared:kmpPartiallyResolvedDependenciesChecker
> Task :app-shared:checkKotlinGradlePluginConfigurationErrors SKIPPED
> Task :app-shared:convertXmlValueResourcesForAndroidMain NO-SOURCE
> Task :app-shared:copyNonXmlValueResourcesForAndroidMain NO-SOURCE
> Task :app-shared:prepareComposeResourcesTaskForAndroidMain NO-SOURCE
> Task :app-shared:generateResourceAccessorsForAndroidMain NO-SOURCE
> Task :app-shared:convertXmlValueResourcesForCommonMain NO-SOURCE
> Task :app-shared:copyNonXmlValueResourcesForCommonMain UP-TO-DATE
> Task :app-shared:prepareComposeResourcesTaskForCommonMain UP-TO-DATE
> Task :app-shared:generateResourceAccessorsForCommonMain UP-TO-DATE
> Task :feature-ota:processAndroidHostTestResources
> Task :app-shared:generateActualResourceCollectorsForAndroidMain UP-TO-DATE
> Task :feature-ota:packageAndroidHostTestForUnitTest
> Task :app-shared:androidPreBuild UP-TO-DATE
> Task :app-shared:preAndroidMainBuild UP-TO-DATE
> Task :feature-ota:generateAndroidHostTestConfig
> Task :app-shared:generateAndroidMainEmptyResourceFiles UP-TO-DATE
> Task :feature-playback:processAndroidHostTestResources
> Task :feature-playback:packageAndroidHostTestForUnitTest
> Task :feature-playback:generateAndroidHostTestConfig
> Task :app-shared:copyAndroidMainComposeResourcesToAndroidAssets UP-TO-DATE
> Task :app-shared:packageAndroidMainResources UP-TO-DATE
> Task :app-shared:parseAndroidMainLocalResources UP-TO-DATE
> Task :app-shared:generateAndroidMainRFile UP-TO-DATE
> Task :app-shared:generateComposeResClass UP-TO-DATE
> Task :app-shared:generateExpectResourceCollectorsForCommonMain UP-TO-DATE
> Task :core-player:kmpPartiallyResolvedDependenciesChecker
> Task :core-player:checkKotlinGradlePluginConfigurationErrors SKIPPED
> Task :core-player:convertXmlValueResourcesForAndroidMain NO-SOURCE
> Task :core-player:copyNonXmlValueResourcesForAndroidMain NO-SOURCE
> Task :core-player:prepareComposeResourcesTaskForAndroidMain NO-SOURCE
> Task :core-player:generateResourceAccessorsForAndroidMain SKIPPED
> Task :core-player:convertXmlValueResourcesForCommonMain NO-SOURCE
> Task :core-player:copyNonXmlValueResourcesForCommonMain NO-SOURCE
> Task :core-player:prepareComposeResourcesTaskForCommonMain NO-SOURCE
> Task :core-player:generateResourceAccessorsForCommonMain SKIPPED
> Task :core-player:generateActualResourceCollectorsForAndroidMain SKIPPED
> Task :core-player:generateComposeResClass SKIPPED
> Task :core-player:generateExpectResourceCollectorsForCommonMain SKIPPED
> Task :core-player:compileAndroidMain UP-TO-DATE
> Task :core-player:androidPreBuild UP-TO-DATE
> Task :core-player:preAndroidMainBuild UP-TO-DATE
> Task :core-player:bundleAndroidMainClassesToCompileJar UP-TO-DATE
> Task :domain-product:kmpPartiallyResolvedDependenciesChecker
> Task :domain-product:checkKotlinGradlePluginConfigurationErrors SKIPPED
> Task :domain-product:compileAndroidMain UP-TO-DATE
> Task :domain-product:androidPreBuild UP-TO-DATE
> Task :domain-product:preAndroidMainBuild UP-TO-DATE
> Task :domain-product:bundleAndroidMainClassesToCompileJar UP-TO-DATE
> Task :feature-device-event:kmpPartiallyResolvedDependenciesChecker
> Task :feature-device-event:checkKotlinGradlePluginConfigurationErrors SKIPPED
> Task :feature-device-event:convertXmlValueResourcesForAndroidMain NO-SOURCE
> Task :feature-device-event:copyNonXmlValueResourcesForAndroidMain NO-SOURCE
> Task :feature-device-event:prepareComposeResourcesTaskForAndroidMain NO-SOURCE
> Task :feature-device-event:generateResourceAccessorsForAndroidMain NO-SOURCE
> Task :feature-device-event:convertXmlValueResourcesForCommonMain UP-TO-DATE
> Task :feature-device-event:copyNonXmlValueResourcesForCommonMain UP-TO-DATE
> Task :feature-device-event:prepareComposeResourcesTaskForCommonMain UP-TO-DATE
> Task :feature-device-event:generateResourceAccessorsForCommonMain UP-TO-DATE
> Task :feature-device-event:generateActualResourceCollectorsForAndroidMain UP-TO-DATE
> Task :feature-device-event:androidPreBuild UP-TO-DATE
> Task :feature-device-event:preAndroidMainBuild UP-TO-DATE
> Task :feature-device-event:generateAndroidMainEmptyResourceFiles UP-TO-DATE
> Task :feature-device-event:copyAndroidMainComposeResourcesToAndroidAssets UP-TO-DATE
> Task :feature-device-event:packageAndroidMainResources UP-TO-DATE
> Task :feature-device-event:parseAndroidMainLocalResources UP-TO-DATE
> Task :feature-device-event:generateAndroidMainRFile UP-TO-DATE
> Task :feature-device-event:generateComposeResClass UP-TO-DATE
> Task :feature-device-event:generateExpectResourceCollectorsForCommonMain UP-TO-DATE
> Task :feature-device-event:compileAndroidMain UP-TO-DATE
> Task :feature-device-event:bundleAndroidMainClassesToCompileJar UP-TO-DATE
> Task :feature-third-party-services:kmpPartiallyResolvedDependenciesChecker
> Task :feature-third-party-services:checkKotlinGradlePluginConfigurationErrors SKIPPED
> Task :feature-third-party-services:convertXmlValueResourcesForAndroidMain NO-SOURCE
> Task :feature-third-party-services:copyNonXmlValueResourcesForAndroidMain NO-SOURCE
> Task :feature-third-party-services:prepareComposeResourcesTaskForAndroidMain NO-SOURCE
> Task :feature-third-party-services:generateResourceAccessorsForAndroidMain NO-SOURCE
> Task :feature-third-party-services:syncThirdPartyServicesComposeResources UP-TO-DATE
> Task :feature-third-party-services:convertXmlValueResourcesForCommonMain UP-TO-DATE
> Task :feature-third-party-services:copyNonXmlValueResourcesForCommonMain UP-TO-DATE
> Task :feature-third-party-services:prepareComposeResourcesTaskForCommonMain UP-TO-DATE
> Task :feature-third-party-services:generateResourceAccessorsForCommonMain UP-TO-DATE
> Task :feature-third-party-services:generateActualResourceCollectorsForAndroidMain UP-TO-DATE
> Task :feature-third-party-services:androidPreBuild UP-TO-DATE
> Task :feature-third-party-services:preAndroidMainBuild UP-TO-DATE
> Task :feature-third-party-services:generateAndroidMainEmptyResourceFiles UP-TO-DATE
> Task :feature-third-party-services:copyAndroidMainComposeResourcesToAndroidAssets UP-TO-DATE
> Task :feature-third-party-services:packageAndroidMainResources UP-TO-DATE
> Task :feature-third-party-services:parseAndroidMainLocalResources UP-TO-DATE
> Task :feature-third-party-services:generateAndroidMainRFile UP-TO-DATE
> Task :feature-third-party-services:generateComposeResClass UP-TO-DATE
> Task :feature-third-party-services:generateExpectResourceCollectorsForCommonMain UP-TO-DATE
> Task :feature-third-party-services:compileAndroidMain UP-TO-DATE
> Task :feature-third-party-services:bundleAndroidMainClassesToCompileJar UP-TO-DATE
> Task :app-shared:compileAndroidMain UP-TO-DATE
> Task :app-shared:processAndroidMainJavaRes UP-TO-DATE
> Task :core-player:processAndroidMainJavaRes UP-TO-DATE
> Task :app-shared:bundleAndroidMainClassesToRuntimeJar
> Task :core-player:bundleAndroidMainClassesToRuntimeJar
> Task :device-biz:kmpPartiallyResolvedDependenciesChecker
> Task :device-biz:checkKotlinGradlePluginConfigurationErrors SKIPPED
> Task :device-biz:convertXmlValueResourcesForAndroidMain NO-SOURCE
> Task :device-biz:copyNonXmlValueResourcesForAndroidMain NO-SOURCE
> Task :device-biz:prepareComposeResourcesTaskForAndroidMain NO-SOURCE
> Task :device-biz:generateResourceAccessorsForAndroidMain NO-SOURCE
> Task :device-biz:convertXmlValueResourcesForCommonMain NO-SOURCE
> Task :device-biz:copyNonXmlValueResourcesForCommonMain NO-SOURCE
> Task :device-biz:prepareComposeResourcesTaskForCommonMain NO-SOURCE
> Task :device-biz:generateResourceAccessorsForCommonMain NO-SOURCE
> Task :device-biz:generateActualResourceCollectorsForAndroidMain UP-TO-DATE
> Task :device-biz:generateComposeResClass UP-TO-DATE
> Task :device-biz:generateExpectResourceCollectorsForCommonMain UP-TO-DATE
> Task :device-biz:kspAndroidMain UP-TO-DATE
> Task :device-biz:copyRoomSchemas NO-SOURCE
> Task :feature-playback:compileAndroidHostTest
> Task :device-biz:compileAndroidMain UP-TO-DATE
> Task :feature-playback:testAndroidHostTest
> Task :device-biz:androidPreBuild UP-TO-DATE
> Task :device-biz:preAndroidMainBuild UP-TO-DATE
> Task :device-biz:processAndroidMainJavaRes UP-TO-DATE
> Task :domain-product:processAndroidMainJavaRes UP-TO-DATE
> Task :domain-product:bundleAndroidMainClassesToRuntimeJar
> Task :feature-device-event:processAndroidMainJavaRes UP-TO-DATE
> Task :feature-third-party-services:processAndroidMainJavaRes UP-TO-DATE
> Task :app-shared:bundleAndroidMainClassesToCompileJar UP-TO-DATE
> Task :device-biz:bundleAndroidMainClassesToCompileJar UP-TO-DATE
> Task :sample:kmpPartiallyResolvedDependenciesChecker
> Task :sample:checkKotlinGradlePluginConfigurationErrors SKIPPED
> Task :sample:convertXmlValueResourcesForAndroidMain NO-SOURCE
> Task :sample:copyNonXmlValueResourcesForAndroidMain NO-SOURCE
> Task :sample:prepareComposeResourcesTaskForAndroidMain NO-SOURCE
> Task :sample:generateResourceAccessorsForAndroidMain NO-SOURCE
> Task :sample:convertXmlValueResourcesForCommonMain NO-SOURCE
> Task :sample:copyNonXmlValueResourcesForCommonMain NO-SOURCE
> Task :feature-third-party-services:bundleAndroidMainClassesToRuntimeJar
> Task :sample:prepareComposeResourcesTaskForCommonMain NO-SOURCE
> Task :sample:generateResourceAccessorsForCommonMain NO-SOURCE
> Task :device-biz:bundleAndroidMainClassesToRuntimeJar
> Task :feature-device-event:bundleAndroidMainClassesToRuntimeJar
> Task :sample:generateActualResourceCollectorsForAndroidMain
> Task :sample:androidPreBuild UP-TO-DATE
> Task :sample:preAndroidMainBuild UP-TO-DATE
> Task :sample:generateAndroidMainEmptyResourceFiles
> Task :sample:copyAndroidMainComposeResourcesToAndroidAssets
> Task :sample:packageAndroidMainResources
> Task :sample:generateComposeResClass
> Task :sample:parseAndroidMainLocalResources
> Task :sample:generateExpectResourceCollectorsForCommonMain
> Task :sample:convertXmlValueResourcesForAndroidHostTest NO-SOURCE
> Task :sample:copyNonXmlValueResourcesForAndroidHostTest NO-SOURCE
> Task :sample:prepareComposeResourcesTaskForAndroidHostTest NO-SOURCE
> Task :sample:generateResourceAccessorsForAndroidHostTest NO-SOURCE
> Task :sample:convertXmlValueResourcesForCommonTest NO-SOURCE
> Task :sample:copyNonXmlValueResourcesForCommonTest NO-SOURCE
> Task :sample:prepareComposeResourcesTaskForCommonTest NO-SOURCE
> Task :sample:generateResourceAccessorsForCommonTest NO-SOURCE
> Task :app-shared:mapAndroidMainSourceSetPaths UP-TO-DATE
> Task :app-shared:compileAndroidMainLibraryResources UP-TO-DATE
> Task :feature-device-event:mapAndroidMainSourceSetPaths UP-TO-DATE
> Task :feature-device-event:compileAndroidMainLibraryResources UP-TO-DATE
> Task :feature-third-party-services:mapAndroidMainSourceSetPaths UP-TO-DATE
> Task :feature-third-party-services:compileAndroidMainLibraryResources UP-TO-DATE
> Task :sample:generateAndroidMainRFile
> Task :airtc-appsdk:writeAndroidMainAarMetadata UP-TO-DATE
> Task :app-shared:writeAndroidMainAarMetadata UP-TO-DATE
> Task :core-database:writeAndroidMainAarMetadata UP-TO-DATE
> Task :core-player:writeAndroidMainAarMetadata UP-TO-DATE
> Task :device-biz:writeAndroidMainAarMetadata UP-TO-DATE
> Task :device-thing-model:writeAndroidMainAarMetadata UP-TO-DATE
> Task :domain-product:writeAndroidMainAarMetadata UP-TO-DATE
> Task :feature-device-event:writeAndroidMainAarMetadata UP-TO-DATE
> Task :feature-third-party-services:writeAndroidMainAarMetadata UP-TO-DATE
> Task :sample:preAndroidHostTestBuild UP-TO-DATE
> Task :sample:writeAndroidMainAarMetadata
> Task :sample:mapAndroidMainSourceSetPaths
> Task :sample:compileAndroidMainLibraryResources
> Task :sample:mapAndroidHostTestSourceSetPaths
> Task :sample:checkAndroidHostTestAarMetadata
> Task :airtc-appsdk:generateAndroidMainEmptyResourceFiles UP-TO-DATE
> Task :core-database:generateAndroidMainEmptyResourceFiles UP-TO-DATE
> Task :core-player:generateAndroidMainEmptyResourceFiles UP-TO-DATE
> Task :device-biz:generateAndroidMainEmptyResourceFiles UP-TO-DATE
> Task :device-thing-model:generateAndroidMainEmptyResourceFiles UP-TO-DATE
> Task :domain-product:generateAndroidMainEmptyResourceFiles UP-TO-DATE
> Task :sample:generateAndroidHostTestResources
> Task :airtc-appsdk:processAndroidMainManifest UP-TO-DATE
> Task :app-shared:processAndroidMainManifest UP-TO-DATE
> Task :core-database:processAndroidMainManifest UP-TO-DATE
> Task :core-player:processAndroidMainManifest UP-TO-DATE
> Task :device-biz:processAndroidMainManifest UP-TO-DATE
> Task :device-thing-model:processAndroidMainManifest UP-TO-DATE
> Task :domain-product:processAndroidMainManifest UP-TO-DATE
> Task :feature-device-event:processAndroidMainManifest UP-TO-DATE
> Task :feature-third-party-services:processAndroidMainManifest UP-TO-DATE
> Task :sample:androidJar
> Task :sample:processAndroidMainManifest
> Task :sample:mergeAndroidHostTestResources
> Task :sample:processAndroidHostTestManifest
> Task :app-shared:generateAndroidMainAssets UP-TO-DATE
> Task :app-shared:mergeAndroidMainAssets UP-TO-DATE
> Task :feature-device-event:generateAndroidMainAssets UP-TO-DATE
> Task :feature-device-event:mergeAndroidMainAssets UP-TO-DATE
> Task :feature-third-party-services:generateAndroidMainAssets UP-TO-DATE
> Task :feature-third-party-services:mergeAndroidMainAssets UP-TO-DATE
> Task :sample:generateAndroidHostTestAssets UP-TO-DATE
> Task :sample:generateAndroidMainAssets UP-TO-DATE
> Task :sample:mergeAndroidMainAssets
> Task :sample:processAndroidHostTestResources
> Task :sample:mergeAndroidHostTestAssets
> Task :sample:packageAndroidHostTestForUnitTest
> Task :sample:processAndroidHostTestJavaRes NO-SOURCE
> Task :sample:generateAndroidHostTestConfig
> Task :ugreen-strings-kmp:androidJar
> Task :ugreen-strings-kmp:generateAndroidHostTestAssets UP-TO-DATE
> Task :ugreen-strings-kmp:preAndroidHostTestBuild UP-TO-DATE
> Task :ugreen-strings-kmp:mergeAndroidHostTestAssets
> Task :ugreen-strings-kmp:mapAndroidHostTestSourceSetPaths
> Task :ugreen-strings-kmp:generateAndroidHostTestResources
> Task :ugreen-strings-kmp:checkAndroidHostTestAarMetadata
> Task :ugreen-strings-kmp:processAndroidHostTestManifest
> Task :ugreen-strings-kmp:convertXmlValueResourcesForAndroidHostTest NO-SOURCE
> Task :ugreen-strings-kmp:copyNonXmlValueResourcesForAndroidHostTest NO-SOURCE
> Task :ugreen-strings-kmp:prepareComposeResourcesTaskForAndroidHostTest NO-SOURCE
> Task :ugreen-strings-kmp:generateResourceAccessorsForAndroidHostTest NO-SOURCE
> Task :ugreen-strings-kmp:convertXmlValueResourcesForCommonTest NO-SOURCE
> Task :ugreen-strings-kmp:copyNonXmlValueResourcesForCommonTest NO-SOURCE
> Task :ugreen-strings-kmp:prepareComposeResourcesTaskForCommonTest NO-SOURCE
> Task :ugreen-strings-kmp:generateResourceAccessorsForCommonTest NO-SOURCE
> Task :ugreen-strings-kmp:processAndroidHostTestJavaRes NO-SOURCE
> Task :ugreen-strings-kmp:mergeAndroidHostTestResources
> Task :ugreen-strings-kmp:processAndroidHostTestResources
> Task :ugreen-strings-kmp:packageAndroidHostTestForUnitTest
> Task :ugreen-strings-kmp:generateAndroidHostTestConfig
> Task :ugreen-strings-kmp:compileAndroidHostTest NO-SOURCE
> Task :ugreen-strings-kmp:testAndroidHostTest NO-SOURCE

> Task :feature-ota:compileAndroidHostTest
w: file:///private/tmp/ugreen-android-architecture-20260914/shared-release-1.7.0-9q2u2wrq/feature-ota/src/commonTest/kotlin/com/ugreen/feature/ota/mvi/OtaMviTest.kt:186:9 This declaration needs opt-in. Its usage should be marked with '@kotlinx.coroutines.ExperimentalCoroutinesApi' or '@OptIn(kotlinx.coroutines.ExperimentalCoroutinesApi::class)'
w: file:///private/tmp/ugreen-android-architecture-20260914/shared-release-1.7.0-9q2u2wrq/feature-ota/src/commonTest/kotlin/com/ugreen/feature/ota/orchestration/OtaOrchestrationTest.kt:17:22 'constructor(): FakeAiBaseAllUpgradeOrchestrator' is deprecated. Fake/Sample fixture only; production AiBase queue is server-owned.
w: file:///private/tmp/ugreen-android-architecture-20260914/shared-release-1.7.0-9q2u2wrq/feature-ota/src/commonTest/kotlin/com/ugreen/feature/ota/orchestration/OtaOrchestrationTest.kt:40:22 'constructor(): FakeAiBaseAllUpgradeOrchestrator' is deprecated. Fake/Sample fixture only; production AiBase queue is server-owned.
w: file:///private/tmp/ugreen-android-architecture-20260914/shared-release-1.7.0-9q2u2wrq/feature-ota/src/commonTest/kotlin/com/ugreen/feature/ota/orchestration/OtaOrchestrationTest.kt:54:9 'constructor(): FakeAiBaseAllUpgradeOrchestrator' is deprecated. Fake/Sample fixture only; production AiBase queue is server-owned.
w: file:///private/tmp/ugreen-android-architecture-20260914/shared-release-1.7.0-9q2u2wrq/feature-ota/src/commonTest/kotlin/com/ugreen/feature/ota/orchestration/OtaOrchestrationTest.kt:70:22 'constructor(): FakeAiBaseAllUpgradeOrchestrator' is deprecated. Fake/Sample fixture only; production AiBase queue is server-owned.
w: file:///private/tmp/ugreen-android-architecture-20260914/shared-release-1.7.0-9q2u2wrq/feature-ota/src/commonTest/kotlin/com/ugreen/feature/ota/orchestration/OtaOrchestrationTest.kt:82:22 'constructor(): FakeAiBaseAllUpgradeOrchestrator' is deprecated. Fake/Sample fixture only; production AiBase queue is server-owned.
w: file:///private/tmp/ugreen-android-architecture-20260914/shared-release-1.7.0-9q2u2wrq/feature-ota/src/commonTest/kotlin/com/ugreen/feature/ota/publicapi/OtaBatchPageProjectionTest.kt:85:35 Unnecessary non-null assertion (!!) on a non-null receiver of type 'OtaPageSnapshot'.
w: file:///private/tmp/ugreen-android-architecture-20260914/shared-release-1.7.0-9q2u2wrq/feature-ota/src/commonTest/kotlin/com/ugreen/feature/ota/publicapi/OtaBatchPageProjectionTest.kt:86:52 Unnecessary non-null assertion (!!) on a non-null receiver of type 'OtaPageSnapshot'.
w: file:///private/tmp/ugreen-android-architecture-20260914/shared-release-1.7.0-9q2u2wrq/feature-ota/src/commonTest/kotlin/com/ugreen/feature/ota/publicapi/OtaBatchPageProjectionTest.kt:91:35 Unnecessary non-null assertion (!!) on a non-null receiver of type 'OtaPageSnapshot'.
w: file:///private/tmp/ugreen-android-architecture-20260914/shared-release-1.7.0-9q2u2wrq/feature-ota/src/commonTest/kotlin/com/ugreen/feature/ota/publicapi/OtaBatchPageProjectionTest.kt:92:25 Unnecessary non-null assertion (!!) on a non-null receiver of type 'OtaPageSnapshot'.
w: file:///private/tmp/ugreen-android-architecture-20260914/shared-release-1.7.0-9q2u2wrq/feature-ota/src/commonTest/kotlin/com/ugreen/feature/ota/publicapi/OtaBatchPageProjectionTest.kt:96:26 Unnecessary non-null assertion (!!) on a non-null receiver of type 'OtaPageSnapshot'.
w: file:///private/tmp/ugreen-android-architecture-20260914/shared-release-1.7.0-9q2u2wrq/feature-ota/src/commonTest/kotlin/com/ugreen/feature/ota/publicapi/OtaBatchPageProjectionTest.kt:101:24 Unnecessary non-null assertion (!!) on a non-null receiver of type 'OtaPageSnapshot'.
w: file:///private/tmp/ugreen-android-architecture-20260914/shared-release-1.7.0-9q2u2wrq/feature-ota/src/commonTest/kotlin/com/ugreen/feature/ota/publicapi/OtaBatchPageProjectionTest.kt:102:24 Unnecessary non-null assertion (!!) on a non-null receiver of type 'OtaPageSnapshot'.
w: file:///private/tmp/ugreen-android-architecture-20260914/shared-release-1.7.0-9q2u2wrq/feature-ota/src/commonTest/kotlin/com/ugreen/feature/ota/publicapi/OtaBatchPageProjectionTest.kt:107:24 Unnecessary non-null assertion (!!) on a non-null receiver of type 'OtaPageSnapshot'.
w: file:///private/tmp/ugreen-android-architecture-20260914/shared-release-1.7.0-9q2u2wrq/feature-ota/src/commonTest/kotlin/com/ugreen/feature/ota/publicapi/OtaBatchPageProjectionTest.kt:111:24 Unnecessary non-null assertion (!!) on a non-null receiver of type 'OtaPageSnapshot'.
w: file:///private/tmp/ugreen-android-architecture-20260914/shared-release-1.7.0-9q2u2wrq/feature-ota/src/commonTest/kotlin/com/ugreen/feature/ota/publicapi/OtaFeatureApiTest.kt:148:9 This declaration needs opt-in. Its usage should be marked with '@kotlinx.coroutines.ExperimentalCoroutinesApi' or '@OptIn(kotlinx.coroutines.ExperimentalCoroutinesApi::class)'
w: file:///private/tmp/ugreen-android-architecture-20260914/shared-release-1.7.0-9q2u2wrq/feature-ota/src/commonTest/kotlin/com/ugreen/feature/ota/publicapi/OtaFeatureApiTest.kt:151:9 This declaration needs opt-in. Its usage should be marked with '@kotlinx.coroutines.ExperimentalCoroutinesApi' or '@OptIn(kotlinx.coroutines.ExperimentalCoroutinesApi::class)'
w: file:///private/tmp/ugreen-android-architecture-20260914/shared-release-1.7.0-9q2u2wrq/feature-ota/src/commonTest/kotlin/com/ugreen/feature/ota/publicapi/OtaFeatureApiTest.kt:156:9 This declaration needs opt-in. Its usage should be marked with '@kotlinx.coroutines.ExperimentalCoroutinesApi' or '@OptIn(kotlinx.coroutines.ExperimentalCoroutinesApi::class)'
w: file:///private/tmp/ugreen-android-architecture-20260914/shared-release-1.7.0-9q2u2wrq/feature-ota/src/commonTest/kotlin/com/ugreen/feature/ota/publicapi/OtaFeatureApiTest.kt:160:9 This declaration needs opt-in. Its usage should be marked with '@kotlinx.coroutines.ExperimentalCoroutinesApi' or '@OptIn(kotlinx.coroutines.ExperimentalCoroutinesApi::class)'
w: file:///private/tmp/ugreen-android-architecture-20260914/shared-release-1.7.0-9q2u2wrq/feature-ota/src/commonTest/kotlin/com/ugreen/feature/ota/publicapi/OtaFeatureApiTest.kt:161:9 This declaration needs opt-in. Its usage should be marked with '@kotlinx.coroutines.ExperimentalCoroutinesApi' or '@OptIn(kotlinx.coroutines.ExperimentalCoroutinesApi::class)'
w: file:///private/tmp/ugreen-android-architecture-20260914/shared-release-1.7.0-9q2u2wrq/feature-ota/src/commonTest/kotlin/com/ugreen/feature/ota/publicapi/OtaFeatureApiTest.kt:169:9 This declaration needs opt-in. Its usage should be marked with '@kotlinx.coroutines.ExperimentalCoroutinesApi' or '@OptIn(kotlinx.coroutines.ExperimentalCoroutinesApi::class)'
w: file:///private/tmp/ugreen-android-architecture-20260914/shared-release-1.7.0-9q2u2wrq/feature-ota/src/commonTest/kotlin/com/ugreen/feature/ota/publicapi/OtaFeatureApiTest.kt:246:9 This declaration needs opt-in. Its usage should be marked with '@kotlinx.coroutines.ExperimentalCoroutinesApi' or '@OptIn(kotlinx.coroutines.ExperimentalCoroutinesApi::class)'
w: file:///private/tmp/ugreen-android-architecture-20260914/shared-release-1.7.0-9q2u2wrq/feature-ota/src/commonTest/kotlin/com/ugreen/feature/ota/publicapi/OtaFeatureApiTest.kt:271:9 This declaration needs opt-in. Its usage should be marked with '@kotlinx.coroutines.ExperimentalCoroutinesApi' or '@OptIn(kotlinx.coroutines.ExperimentalCoroutinesApi::class)'
w: file:///private/tmp/ugreen-android-architecture-20260914/shared-release-1.7.0-9q2u2wrq/feature-ota/src/commonTest/kotlin/com/ugreen/feature/ota/publicapi/OtaFeatureApiTest.kt:291:9 This declaration needs opt-in. Its usage should be marked with '@kotlinx.coroutines.ExperimentalCoroutinesApi' or '@OptIn(kotlinx.coroutines.ExperimentalCoroutinesApi::class)'
w: file:///private/tmp/ugreen-android-architecture-20260914/shared-release-1.7.0-9q2u2wrq/feature-ota/src/commonTest/kotlin/com/ugreen/feature/ota/publicapi/OtaFeatureApiTest.kt:295:9 This declaration needs opt-in. Its usage should be marked with '@kotlinx.coroutines.ExperimentalCoroutinesApi' or '@OptIn(kotlinx.coroutines.ExperimentalCoroutinesApi::class)'
w: file:///private/tmp/ugreen-android-architecture-20260914/shared-release-1.7.0-9q2u2wrq/feature-ota/src/commonTest/kotlin/com/ugreen/feature/ota/publicapi/OtaFeatureApiTest.kt:321:9 This declaration needs opt-in. Its usage should be marked with '@kotlinx.coroutines.ExperimentalCoroutinesApi' or '@OptIn(kotlinx.coroutines.ExperimentalCoroutinesApi::class)'
w: file:///private/tmp/ugreen-android-architecture-20260914/shared-release-1.7.0-9q2u2wrq/feature-ota/src/commonTest/kotlin/com/ugreen/feature/ota/publicapi/OtaFeatureApiTest.kt:324:9 This declaration needs opt-in. Its usage should be marked with '@kotlinx.coroutines.ExperimentalCoroutinesApi' or '@OptIn(kotlinx.coroutines.ExperimentalCoroutinesApi::class)'
w: file:///private/tmp/ugreen-android-architecture-20260914/shared-release-1.7.0-9q2u2wrq/feature-ota/src/commonTest/kotlin/com/ugreen/feature/ota/publicapi/OtaFeatureApiTest.kt:349:26 This declaration needs opt-in. Its usage should be marked with '@kotlinx.coroutines.ExperimentalCoroutinesApi' or '@OptIn(kotlinx.coroutines.ExperimentalCoroutinesApi::class)'
w: file:///private/tmp/ugreen-android-architecture-20260914/shared-release-1.7.0-9q2u2wrq/feature-ota/src/commonTest/kotlin/com/ugreen/feature/ota/publicapi/OtaFeatureApiTest.kt:353:9 This declaration needs opt-in. Its usage should be marked with '@kotlinx.coroutines.ExperimentalCoroutinesApi' or '@OptIn(kotlinx.coroutines.ExperimentalCoroutinesApi::class)'
w: file:///private/tmp/ugreen-android-architecture-20260914/shared-release-1.7.0-9q2u2wrq/feature-ota/src/commonTest/kotlin/com/ugreen/feature/ota/publicapi/OtaFeatureApiTest.kt:539:9 This declaration needs opt-in. Its usage should be marked with '@kotlinx.coroutines.ExperimentalCoroutinesApi' or '@OptIn(kotlinx.coroutines.ExperimentalCoroutinesApi::class)'
w: file:///private/tmp/ugreen-android-architecture-20260914/shared-release-1.7.0-9q2u2wrq/feature-ota/src/commonTest/kotlin/com/ugreen/feature/ota/publicapi/OtaFeatureApiTest.kt:546:9 This declaration needs opt-in. Its usage should be marked with '@kotlinx.coroutines.ExperimentalCoroutinesApi' or '@OptIn(kotlinx.coroutines.ExperimentalCoroutinesApi::class)'
w: file:///private/tmp/ugreen-android-architecture-20260914/shared-release-1.7.0-9q2u2wrq/feature-ota/src/commonTest/kotlin/com/ugreen/feature/ota/publicapi/OtaFeatureApiTest.kt:547:9 This declaration needs opt-in. Its usage should be marked with '@kotlinx.coroutines.ExperimentalCoroutinesApi' or '@OptIn(kotlinx.coroutines.ExperimentalCoroutinesApi::class)'
w: file:///private/tmp/ugreen-android-architecture-20260914/shared-release-1.7.0-9q2u2wrq/feature-ota/src/commonTest/kotlin/com/ugreen/feature/ota/publicapi/OtaFeatureApiTest.kt:589:9 This declaration needs opt-in. Its usage should be marked with '@kotlinx.coroutines.ExperimentalCoroutinesApi' or '@OptIn(kotlinx.coroutines.ExperimentalCoroutinesApi::class)'
w: file:///private/tmp/ugreen-android-architecture-20260914/shared-release-1.7.0-9q2u2wrq/feature-ota/src/commonTest/kotlin/com/ugreen/feature/ota/publicapi/OtaFeatureApiTest.kt:625:9 This declaration needs opt-in. Its usage should be marked with '@kotlinx.coroutines.ExperimentalCoroutinesApi' or '@OptIn(kotlinx.coroutines.ExperimentalCoroutinesApi::class)'
w: file:///private/tmp/ugreen-android-architecture-20260914/shared-release-1.7.0-9q2u2wrq/feature-ota/src/commonTest/kotlin/com/ugreen/feature/ota/publicapi/OtaFeatureApiTest.kt:668:9 This declaration needs opt-in. Its usage should be marked with '@kotlinx.coroutines.ExperimentalCoroutinesApi' or '@OptIn(kotlinx.coroutines.ExperimentalCoroutinesApi::class)'
w: file:///private/tmp/ugreen-android-architecture-20260914/shared-release-1.7.0-9q2u2wrq/feature-ota/src/commonTest/kotlin/com/ugreen/feature/ota/publicapi/OtaFeatureApiTest.kt:700:9 This declaration needs opt-in. Its usage should be marked with '@kotlinx.coroutines.ExperimentalCoroutinesApi' or '@OptIn(kotlinx.coroutines.ExperimentalCoroutinesApi::class)'
w: file:///private/tmp/ugreen-android-architecture-20260914/shared-release-1.7.0-9q2u2wrq/feature-ota/src/commonTest/kotlin/com/ugreen/feature/ota/publicapi/OtaFeatureApiTest.kt:729:9 This declaration needs opt-in. Its usage should be marked with '@kotlinx.coroutines.ExperimentalCoroutinesApi' or '@OptIn(kotlinx.coroutines.ExperimentalCoroutinesApi::class)'
w: file:///private/tmp/ugreen-android-architecture-20260914/shared-release-1.7.0-9q2u2wrq/feature-ota/src/commonTest/kotlin/com/ugreen/feature/ota/publicapi/OtaFeatureApiTest.kt:741:9 This declaration needs opt-in. Its usage should be marked with '@kotlinx.coroutines.ExperimentalCoroutinesApi' or '@OptIn(kotlinx.coroutines.ExperimentalCoroutinesApi::class)'
w: file:///private/tmp/ugreen-android-architecture-20260914/shared-release-1.7.0-9q2u2wrq/feature-ota/src/commonTest/kotlin/com/ugreen/feature/ota/publicapi/OtaFeatureApiTest.kt:755:9 This declaration needs opt-in. Its usage should be marked with '@kotlinx.coroutines.ExperimentalCoroutinesApi' or '@OptIn(kotlinx.coroutines.ExperimentalCoroutinesApi::class)'
w: file:///private/tmp/ugreen-android-architecture-20260914/shared-release-1.7.0-9q2u2wrq/feature-ota/src/commonTest/kotlin/com/ugreen/feature/ota/publicapi/OtaFeatureApiTest.kt:775:9 This declaration needs opt-in. Its usage should be marked with '@kotlinx.coroutines.ExperimentalCoroutinesApi' or '@OptIn(kotlinx.coroutines.ExperimentalCoroutinesApi::class)'
w: file:///private/tmp/ugreen-android-architecture-20260914/shared-release-1.7.0-9q2u2wrq/feature-ota/src/commonTest/kotlin/com/ugreen/feature/ota/publicapi/OtaFeatureApiTest.kt:804:26 This declaration needs opt-in. Its usage should be marked with '@kotlinx.coroutines.ExperimentalCoroutinesApi' or '@OptIn(kotlinx.coroutines.ExperimentalCoroutinesApi::class)'
w: file:///private/tmp/ugreen-android-architecture-20260914/shared-release-1.7.0-9q2u2wrq/feature-ota/src/commonTest/kotlin/com/ugreen/feature/ota/publicapi/OtaFeatureApiTest.kt:809:9 This declaration needs opt-in. Its usage should be marked with '@kotlinx.coroutines.ExperimentalCoroutinesApi' or '@OptIn(kotlinx.coroutines.ExperimentalCoroutinesApi::class)'
w: file:///private/tmp/ugreen-android-architecture-20260914/shared-release-1.7.0-9q2u2wrq/feature-ota/src/commonTest/kotlin/com/ugreen/feature/ota/publicapi/OtaFeatureApiTest.kt:846:26 This declaration needs opt-in. Its usage should be marked with '@kotlinx.coroutines.ExperimentalCoroutinesApi' or '@OptIn(kotlinx.coroutines.ExperimentalCoroutinesApi::class)'
w: file:///private/tmp/ugreen-android-architecture-20260914/shared-release-1.7.0-9q2u2wrq/feature-ota/src/commonTest/kotlin/com/ugreen/feature/ota/publicapi/OtaFeatureApiTest.kt:852:9 This declaration needs opt-in. Its usage should be marked with '@kotlinx.coroutines.ExperimentalCoroutinesApi' or '@OptIn(kotlinx.coroutines.ExperimentalCoroutinesApi::class)'
w: file:///private/tmp/ugreen-android-architecture-20260914/shared-release-1.7.0-9q2u2wrq/feature-ota/src/commonTest/kotlin/com/ugreen/feature/ota/publicapi/OtaFeatureApiTest.kt:890:26 This declaration needs opt-in. Its usage should be marked with '@kotlinx.coroutines.ExperimentalCoroutinesApi' or '@OptIn(kotlinx.coroutines.ExperimentalCoroutinesApi::class)'
w: file:///private/tmp/ugreen-android-architecture-20260914/shared-release-1.7.0-9q2u2wrq/feature-ota/src/commonTest/kotlin/com/ugreen/feature/ota/publicapi/OtaFeatureApiTest.kt:896:9 This declaration needs opt-in. Its usage should be marked with '@kotlinx.coroutines.ExperimentalCoroutinesApi' or '@OptIn(kotlinx.coroutines.ExperimentalCoroutinesApi::class)'
w: file:///private/tmp/ugreen-android-architecture-20260914/shared-release-1.7.0-9q2u2wrq/feature-ota/src/commonTest/kotlin/com/ugreen/feature/ota/publicapi/OtaFeatureApiTest.kt:898:9 This declaration needs opt-in. Its usage should be marked with '@kotlinx.coroutines.ExperimentalCoroutinesApi' or '@OptIn(kotlinx.coroutines.ExperimentalCoroutinesApi::class)'
w: file:///private/tmp/ugreen-android-architecture-20260914/shared-release-1.7.0-9q2u2wrq/feature-ota/src/commonTest/kotlin/com/ugreen/feature/ota/publicapi/OtaFeatureApiTest.kt:918:9 This declaration needs opt-in. Its usage should be marked with '@kotlinx.coroutines.ExperimentalCoroutinesApi' or '@OptIn(kotlinx.coroutines.ExperimentalCoroutinesApi::class)'
w: file:///private/tmp/ugreen-android-architecture-20260914/shared-release-1.7.0-9q2u2wrq/feature-ota/src/commonTest/kotlin/com/ugreen/feature/ota/publicapi/OtaFeatureApiTest.kt:923:9 This declaration needs opt-in. Its usage should be marked with '@kotlinx.coroutines.ExperimentalCoroutinesApi' or '@OptIn(kotlinx.coroutines.ExperimentalCoroutinesApi::class)'
w: file:///private/tmp/ugreen-android-architecture-20260914/shared-release-1.7.0-9q2u2wrq/feature-ota/src/commonTest/kotlin/com/ugreen/feature/ota/publicapi/OtaFeatureApiTest.kt:925:9 This declaration needs opt-in. Its usage should be marked with '@kotlinx.coroutines.ExperimentalCoroutinesApi' or '@OptIn(kotlinx.coroutines.ExperimentalCoroutinesApi::class)'
w: file:///private/tmp/ugreen-android-architecture-20260914/shared-release-1.7.0-9q2u2wrq/feature-ota/src/commonTest/kotlin/com/ugreen/feature/ota/publicapi/OtaFeatureApiTest.kt:928:9 This declaration needs opt-in. Its usage should be marked with '@kotlinx.coroutines.ExperimentalCoroutinesApi' or '@OptIn(kotlinx.coroutines.ExperimentalCoroutinesApi::class)'
w: file:///private/tmp/ugreen-android-architecture-20260914/shared-release-1.7.0-9q2u2wrq/feature-ota/src/commonTest/kotlin/com/ugreen/feature/ota/publicapi/OtaFeatureApiTest.kt:929:9 This declaration needs opt-in. Its usage should be marked with '@kotlinx.coroutines.ExperimentalCoroutinesApi' or '@OptIn(kotlinx.coroutines.ExperimentalCoroutinesApi::class)'
w: file:///private/tmp/ugreen-android-architecture-20260914/shared-release-1.7.0-9q2u2wrq/feature-ota/src/commonTest/kotlin/com/ugreen/feature/ota/publicapi/OtaFeatureApiTest.kt:931:9 This declaration needs opt-in. Its usage should be marked with '@kotlinx.coroutines.ExperimentalCoroutinesApi' or '@OptIn(kotlinx.coroutines.ExperimentalCoroutinesApi::class)'
w: file:///private/tmp/ugreen-android-architecture-20260914/shared-release-1.7.0-9q2u2wrq/feature-ota/src/commonTest/kotlin/com/ugreen/feature/ota/publicapi/OtaFeatureApiTest.kt:963:9 This declaration needs opt-in. Its usage should be marked with '@kotlinx.coroutines.ExperimentalCoroutinesApi' or '@OptIn(kotlinx.coroutines.ExperimentalCoroutinesApi::class)'
w: file:///private/tmp/ugreen-android-architecture-20260914/shared-release-1.7.0-9q2u2wrq/feature-ota/src/commonTest/kotlin/com/ugreen/feature/ota/publicapi/OtaFeatureApiTest.kt:968:9 This declaration needs opt-in. Its usage should be marked with '@kotlinx.coroutines.ExperimentalCoroutinesApi' or '@OptIn(kotlinx.coroutines.ExperimentalCoroutinesApi::class)'
w: file:///private/tmp/ugreen-android-architecture-20260914/shared-release-1.7.0-9q2u2wrq/feature-ota/src/commonTest/kotlin/com/ugreen/feature/ota/publicapi/OtaFeatureApiTest.kt:969:9 This declaration needs opt-in. Its usage should be marked with '@kotlinx.coroutines.ExperimentalCoroutinesApi' or '@OptIn(kotlinx.coroutines.ExperimentalCoroutinesApi::class)'
w: file:///private/tmp/ugreen-android-architecture-20260914/shared-release-1.7.0-9q2u2wrq/feature-ota/src/commonTest/kotlin/com/ugreen/feature/ota/publicapi/OtaFeatureApiTest.kt:971:9 This declaration needs opt-in. Its usage should be marked with '@kotlinx.coroutines.ExperimentalCoroutinesApi' or '@OptIn(kotlinx.coroutines.ExperimentalCoroutinesApi::class)'
w: file:///private/tmp/ugreen-android-architecture-20260914/shared-release-1.7.0-9q2u2wrq/feature-ota/src/commonTest/kotlin/com/ugreen/feature/ota/publicapi/OtaFeatureApiTest.kt:1048:9 This declaration needs opt-in. Its usage should be marked with '@kotlinx.coroutines.ExperimentalCoroutinesApi' or '@OptIn(kotlinx.coroutines.ExperimentalCoroutinesApi::class)'
w: file:///private/tmp/ugreen-android-architecture-20260914/shared-release-1.7.0-9q2u2wrq/feature-ota/src/commonTest/kotlin/com/ugreen/feature/ota/publicapi/OtaFeatureApiTest.kt:1078:9 This declaration needs opt-in. Its usage should be marked with '@kotlinx.coroutines.ExperimentalCoroutinesApi' or '@OptIn(kotlinx.coroutines.ExperimentalCoroutinesApi::class)'
w: file:///private/tmp/ugreen-android-architecture-20260914/shared-release-1.7.0-9q2u2wrq/feature-ota/src/commonTest/kotlin/com/ugreen/feature/ota/publicapi/OtaFeatureApiTest.kt:1080:9 This declaration needs opt-in. Its usage should be marked with '@kotlinx.coroutines.ExperimentalCoroutinesApi' or '@OptIn(kotlinx.coroutines.ExperimentalCoroutinesApi::class)'
w: file:///private/tmp/ugreen-android-architecture-20260914/shared-release-1.7.0-9q2u2wrq/feature-ota/src/commonTest/kotlin/com/ugreen/feature/ota/publicapi/OtaFeatureApiTest.kt:1109:9 This declaration needs opt-in. Its usage should be marked with '@kotlinx.coroutines.ExperimentalCoroutinesApi' or '@OptIn(kotlinx.coroutines.ExperimentalCoroutinesApi::class)'
w: file:///private/tmp/ugreen-android-architecture-20260914/shared-release-1.7.0-9q2u2wrq/feature-ota/src/commonTest/kotlin/com/ugreen/feature/ota/publicapi/OtaFeatureApiTest.kt:1113:9 This declaration needs opt-in. Its usage should be marked with '@kotlinx.coroutines.ExperimentalCoroutinesApi' or '@OptIn(kotlinx.coroutines.ExperimentalCoroutinesApi::class)'
w: file:///private/tmp/ugreen-android-architecture-20260914/shared-release-1.7.0-9q2u2wrq/feature-ota/src/commonTest/kotlin/com/ugreen/feature/ota/publicapi/OtaFeatureApiTest.kt:1114:9 This declaration needs opt-in. Its usage should be marked with '@kotlinx.coroutines.ExperimentalCoroutinesApi' or '@OptIn(kotlinx.coroutines.ExperimentalCoroutinesApi::class)'
w: file:///private/tmp/ugreen-android-architecture-20260914/shared-release-1.7.0-9q2u2wrq/feature-ota/src/commonTest/kotlin/com/ugreen/feature/ota/publicapi/OtaFeatureApiTest.kt:1116:9 This declaration needs opt-in. Its usage should be marked with '@kotlinx.coroutines.ExperimentalCoroutinesApi' or '@OptIn(kotlinx.coroutines.ExperimentalCoroutinesApi::class)'
w: file:///private/tmp/ugreen-android-architecture-20260914/shared-release-1.7.0-9q2u2wrq/feature-ota/src/commonTest/kotlin/com/ugreen/feature/ota/publicapi/OtaFeatureApiTest.kt:1145:9 This declaration needs opt-in. Its usage should be marked with '@kotlinx.coroutines.ExperimentalCoroutinesApi' or '@OptIn(kotlinx.coroutines.ExperimentalCoroutinesApi::class)'
w: file:///private/tmp/ugreen-android-architecture-20260914/shared-release-1.7.0-9q2u2wrq/feature-ota/src/commonTest/kotlin/com/ugreen/feature/ota/publicapi/OtaFeatureApiTest.kt:1174:9 This declaration needs opt-in. Its usage should be marked with '@kotlinx.coroutines.ExperimentalCoroutinesApi' or '@OptIn(kotlinx.coroutines.ExperimentalCoroutinesApi::class)'
w: file:///private/tmp/ugreen-android-architecture-20260914/shared-release-1.7.0-9q2u2wrq/feature-ota/src/commonTest/kotlin/com/ugreen/feature/ota/publicapi/OtaFeatureApiTest.kt:1209:9 This declaration needs opt-in. Its usage should be marked with '@kotlinx.coroutines.ExperimentalCoroutinesApi' or '@OptIn(kotlinx.coroutines.ExperimentalCoroutinesApi::class)'
w: file:///private/tmp/ugreen-android-architecture-20260914/shared-release-1.7.0-9q2u2wrq/feature-ota/src/commonTest/kotlin/com/ugreen/feature/ota/publicapi/OtaFeatureApiTest.kt:1211:9 This declaration needs opt-in. Its usage should be marked with '@kotlinx.coroutines.ExperimentalCoroutinesApi' or '@OptIn(kotlinx.coroutines.ExperimentalCoroutinesApi::class)'
w: file:///private/tmp/ugreen-android-architecture-20260914/shared-release-1.7.0-9q2u2wrq/feature-ota/src/commonTest/kotlin/com/ugreen/feature/ota/publicapi/OtaFeatureApiTest.kt:1216:9 This declaration needs opt-in. Its usage should be marked with '@kotlinx.coroutines.ExperimentalCoroutinesApi' or '@OptIn(kotlinx.coroutines.ExperimentalCoroutinesApi::class)'
w: file:///private/tmp/ugreen-android-architecture-20260914/shared-release-1.7.0-9q2u2wrq/feature-ota/src/commonTest/kotlin/com/ugreen/feature/ota/publicapi/OtaFeatureApiTest.kt:1220:9 This declaration needs opt-in. Its usage should be marked with '@kotlinx.coroutines.ExperimentalCoroutinesApi' or '@OptIn(kotlinx.coroutines.ExperimentalCoroutinesApi::class)'
w: file:///private/tmp/ugreen-android-architecture-20260914/shared-release-1.7.0-9q2u2wrq/feature-ota/src/commonTest/kotlin/com/ugreen/feature/ota/publicapi/OtaFeatureApiTest.kt:1221:9 This declaration needs opt-in. Its usage should be marked with '@kotlinx.coroutines.ExperimentalCoroutinesApi' or '@OptIn(kotlinx.coroutines.ExperimentalCoroutinesApi::class)'
w: file:///private/tmp/ugreen-android-architecture-20260914/shared-release-1.7.0-9q2u2wrq/feature-ota/src/commonTest/kotlin/com/ugreen/feature/ota/publicapi/OtaFeatureApiTest.kt:1224:9 This declaration needs opt-in. Its usage should be marked with '@kotlinx.coroutines.ExperimentalCoroutinesApi' or '@OptIn(kotlinx.coroutines.ExperimentalCoroutinesApi::class)'
w: file:///private/tmp/ugreen-android-architecture-20260914/shared-release-1.7.0-9q2u2wrq/feature-ota/src/commonTest/kotlin/com/ugreen/feature/ota/publicapi/OtaFeatureApiTest.kt:1225:9 This declaration needs opt-in. Its usage should be marked with '@kotlinx.coroutines.ExperimentalCoroutinesApi' or '@OptIn(kotlinx.coroutines.ExperimentalCoroutinesApi::class)'
w: file:///private/tmp/ugreen-android-architecture-20260914/shared-release-1.7.0-9q2u2wrq/feature-ota/src/commonTest/kotlin/com/ugreen/feature/ota/publicapi/OtaFeatureApiTest.kt:1262:9 This declaration needs opt-in. Its usage should be marked with '@kotlinx.coroutines.ExperimentalCoroutinesApi' or '@OptIn(kotlinx.coroutines.ExperimentalCoroutinesApi::class)'
w: file:///private/tmp/ugreen-android-architecture-20260914/shared-release-1.7.0-9q2u2wrq/feature-ota/src/commonTest/kotlin/com/ugreen/feature/ota/publicapi/OtaFeatureApiTest.kt:1264:9 This declaration needs opt-in. Its usage should be marked with '@kotlinx.coroutines.ExperimentalCoroutinesApi' or '@OptIn(kotlinx.coroutines.ExperimentalCoroutinesApi::class)'
w: file:///private/tmp/ugreen-android-architecture-20260914/shared-release-1.7.0-9q2u2wrq/feature-ota/src/commonTest/kotlin/com/ugreen/feature/ota/publicapi/OtaFeatureApiTest.kt:1269:9 This declaration needs opt-in. Its usage should be marked with '@kotlinx.coroutines.ExperimentalCoroutinesApi' or '@OptIn(kotlinx.coroutines.ExperimentalCoroutinesApi::class)'
w: file:///private/tmp/ugreen-android-architecture-20260914/shared-release-1.7.0-9q2u2wrq/feature-ota/src/commonTest/kotlin/com/ugreen/feature/ota/publicapi/OtaFeatureApiTest.kt:1271:9 This declaration needs opt-in. Its usage should be marked with '@kotlinx.coroutines.ExperimentalCoroutinesApi' or '@OptIn(kotlinx.coroutines.ExperimentalCoroutinesApi::class)'
w: file:///private/tmp/ugreen-android-architecture-20260914/shared-release-1.7.0-9q2u2wrq/feature-ota/src/commonTest/kotlin/com/ugreen/feature/ota/publicapi/OtaFeatureApiTest.kt:1276:9 This declaration needs opt-in. Its usage should be marked with '@kotlinx.coroutines.ExperimentalCoroutinesApi' or '@OptIn(kotlinx.coroutines.ExperimentalCoroutinesApi::class)'
w: file:///private/tmp/ugreen-android-architecture-20260914/shared-release-1.7.0-9q2u2wrq/feature-ota/src/commonTest/kotlin/com/ugreen/feature/ota/publicapi/OtaFeatureApiTest.kt:1278:9 This declaration needs opt-in. Its usage should be marked with '@kotlinx.coroutines.ExperimentalCoroutinesApi' or '@OptIn(kotlinx.coroutines.ExperimentalCoroutinesApi::class)'
w: file:///private/tmp/ugreen-android-architecture-20260914/shared-release-1.7.0-9q2u2wrq/feature-ota/src/commonTest/kotlin/com/ugreen/feature/ota/publicapi/OtaFeatureApiTest.kt:1311:9 This declaration needs opt-in. Its usage should be marked with '@kotlinx.coroutines.ExperimentalCoroutinesApi' or '@OptIn(kotlinx.coroutines.ExperimentalCoroutinesApi::class)'
w: file:///private/tmp/ugreen-android-architecture-20260914/shared-release-1.7.0-9q2u2wrq/feature-ota/src/commonTest/kotlin/com/ugreen/feature/ota/publicapi/OtaFeatureApiTest.kt:1313:9 This declaration needs opt-in. Its usage should be marked with '@kotlinx.coroutines.ExperimentalCoroutinesApi' or '@OptIn(kotlinx.coroutines.ExperimentalCoroutinesApi::class)'
w: file:///private/tmp/ugreen-android-architecture-20260914/shared-release-1.7.0-9q2u2wrq/feature-ota/src/commonTest/kotlin/com/ugreen/feature/ota/ui/OtaUiContractTest.kt:722:59 Unnecessary safe call on a non-null receiver of type 'OtaUiSubDeviceSummary'.

> Task :sample:kspAndroidMain

> Task :feature-ota:testAndroidHostTest

OtaRepositoryTest > repository_prefersActiveSnapshotWhenConflictingSameSnFramesHaveNoReportTime FAILED
    org.junit.ComparisonFailure at OtaRepositoryTest.kt:135

OtaFeatureApiTest > childPageSnapshot_usesExistingKmpParentCheckFactWithoutAnotherRequest FAILED
    java.lang.IllegalStateException at OtaFeatureApiTest.kt:209
        Caused by: java.lang.IllegalStateException at OtaFeatureApiTest.kt:209
            Caused by: java.lang.RuntimeException at OtaFeatureApiTest.kt:209

OtaFeatureApiTest > repeatedClaimedSuccess_keepsTheOpenPageUntilItsTwoSecondCleanup FAILED
    java.lang.IllegalStateException at OtaFeatureApiTest.kt:1180
        Caused by: java.lang.IllegalStateException at OtaFeatureApiTest.kt:1180
            Caused by: java.lang.RuntimeException at OtaFeatureApiTest.kt:1180

OtaFeatureApiTest > automaticTerminal_reachesHostAndLeavesPresentationPolicyToThePage FAILED
    java.lang.AssertionError at OtaFeatureApiTest.kt:1284

OtaFeatureApiTest > aiBaseParentSuccess_isPublishedBeforeWaitingChildrenWhileBatchStaysActive FAILED
    java.lang.AssertionError at OtaFeatureApiTest.kt:1086

OtaFeatureApiTest > virtualMockChild_cannotStartSingleDeviceUpgrade FAILED
    java.util.NoSuchElementException at OtaFeatureApiTest.kt:864

OtaFeatureApiTest > upgradePageCheck_successPublishesCheckProjectionToHost FAILED
    java.lang.IllegalStateException at OtaFeatureApiTest.kt:258
        Caused by: java.lang.IllegalStateException at OtaFeatureApiTest.kt:258
            Caused by: java.lang.RuntimeException at OtaFeatureApiTest.kt:258

OtaFeatureApiTest > childPageSnapshot_withoutParentCheckFactStillOpensUnblocked FAILED
    java.lang.IllegalStateException at OtaFeatureApiTest.kt:228
        Caused by: java.lang.IllegalStateException at OtaFeatureApiTest.kt:228
            Caused by: java.lang.RuntimeException at OtaFeatureApiTest.kt:228

OtaFeatureApiTest > terminalCallback_deduplicatesByDeviceAndSession_andSuppressesStaleReports FAILED
    java.lang.AssertionError at OtaFeatureApiTest.kt:1235

OtaFeatureApiTest > manualUpgradePageCheck_successPublishesOnceWithoutAutomaticCheck FAILED
    java.lang.IllegalStateException at OtaFeatureApiTest.kt:283
        Caused by: java.lang.IllegalStateException at OtaFeatureApiTest.kt:283
            Caused by: java.lang.RuntimeException at OtaFeatureApiTest.kt:283
